<?xml version="1.0"?>
<link_info>
   <banner>TI ARM Linker PC v5.2.4</banner>
   <copyright>Copyright (c) 1996-2015 Texas Instruments Incorporated</copyright>
   <link_time>0x55f7d2c4</link_time>
   <link_errors>0x0</link_errors>
   <output_file>Dimmer.out</output_file>
   <entry_point>
      <name>_c_int00</name>
      <address>0x2000e639</address>
   </entry_point>
   <input_file_list>
      <input_file id="fl-2">
         <path>.\</path>
         <kind>object</kind>
         <file>ADC_my.obj</file>
         <name>ADC_my.obj</name>
      </input_file>
      <input_file id="fl-3">
         <path>.\</path>
         <kind>object</kind>
         <file>Flash.obj</file>
         <name>Flash.obj</name>
      </input_file>
      <input_file id="fl-4">
         <path>.\</path>
         <kind>object</kind>
         <file>gpio_if.obj</file>
         <name>gpio_if.obj</name>
      </input_file>
      <input_file id="fl-5">
         <path>.\</path>
         <kind>object</kind>
         <file>main.obj</file>
         <name>main.obj</name>
      </input_file>
      <input_file id="fl-6">
         <path>.\</path>
         <kind>object</kind>
         <file>pinmux.obj</file>
         <name>pinmux.obj</name>
      </input_file>
      <input_file id="fl-7">
         <path>.\</path>
         <kind>object</kind>
         <file>pwm.obj</file>
         <name>pwm.obj</name>
      </input_file>
      <input_file id="fl-8">
         <path>.\</path>
         <kind>object</kind>
         <file>smartconfig.obj</file>
         <name>smartconfig.obj</name>
      </input_file>
      <input_file id="fl-9">
         <path>.\</path>
         <kind>object</kind>
         <file>startup_ccs.obj</file>
         <name>startup_ccs.obj</name>
      </input_file>
      <input_file id="fl-a">
         <path>.\</path>
         <kind>object</kind>
         <file>timer_if.obj</file>
         <name>timer_if.obj</name>
      </input_file>
      <input_file id="fl-b">
         <path>.\</path>
         <kind>object</kind>
         <file>uart_if.obj</file>
         <name>uart_if.obj</name>
      </input_file>
      <input_file id="fl-134">
         <path>C:\TI\ccsv6\tools\compiler\ti-cgt-arm_5.2.4\lib\</path>
         <kind>archive</kind>
         <file>rtsv7M4_T_le_eabi.lib</file>
         <name>atoi.obj</name>
      </input_file>
      <input_file id="fl-135">
         <path>C:\TI\ccsv6\tools\compiler\ti-cgt-arm_5.2.4\lib\</path>
         <kind>archive</kind>
         <file>rtsv7M4_T_le_eabi.lib</file>
         <name>boot.obj</name>
      </input_file>
      <input_file id="fl-136">
         <path>C:\TI\ccsv6\tools\compiler\ti-cgt-arm_5.2.4\lib\</path>
         <kind>archive</kind>
         <file>rtsv7M4_T_le_eabi.lib</file>
         <name>copy_decompress_none.obj</name>
      </input_file>
      <input_file id="fl-137">
         <path>C:\TI\ccsv6\tools\compiler\ti-cgt-arm_5.2.4\lib\</path>
         <kind>archive</kind>
         <file>rtsv7M4_T_le_eabi.lib</file>
         <name>copy_decompress_rle.obj</name>
      </input_file>
      <input_file id="fl-138">
         <path>C:\TI\ccsv6\tools\compiler\ti-cgt-arm_5.2.4\lib\</path>
         <kind>archive</kind>
         <file>rtsv7M4_T_le_eabi.lib</file>
         <name>copy_zero_init.obj</name>
      </input_file>
      <input_file id="fl-139">
         <path>C:\TI\ccsv6\tools\compiler\ti-cgt-arm_5.2.4\lib\</path>
         <kind>archive</kind>
         <file>rtsv7M4_T_le_eabi.lib</file>
         <name>ctype.obj</name>
      </input_file>
      <input_file id="fl-13a">
         <path>C:\TI\ccsv6\tools\compiler\ti-cgt-arm_5.2.4\lib\</path>
         <kind>archive</kind>
         <file>rtsv7M4_T_le_eabi.lib</file>
         <name>exit.obj</name>
      </input_file>
      <input_file id="fl-13b">
         <path>C:\TI\ccsv6\tools\compiler\ti-cgt-arm_5.2.4\lib\</path>
         <kind>archive</kind>
         <file>rtsv7M4_T_le_eabi.lib</file>
         <name>fd_add_t2.obj</name>
      </input_file>
      <input_file id="fl-13c">
         <path>C:\TI\ccsv6\tools\compiler\ti-cgt-arm_5.2.4\lib\</path>
         <kind>archive</kind>
         <file>rtsv7M4_T_le_eabi.lib</file>
         <name>fd_tou_t2.obj</name>
      </input_file>
      <input_file id="fl-13d">
         <path>C:\TI\ccsv6\tools\compiler\ti-cgt-arm_5.2.4\lib\</path>
         <kind>archive</kind>
         <file>rtsv7M4_T_le_eabi.lib</file>
         <name>memcmp.obj</name>
      </input_file>
      <input_file id="fl-13e">
         <path>C:\TI\ccsv6\tools\compiler\ti-cgt-arm_5.2.4\lib\</path>
         <kind>archive</kind>
         <file>rtsv7M4_T_le_eabi.lib</file>
         <name>memcpy_t2.obj</name>
      </input_file>
      <input_file id="fl-13f">
         <path>C:\TI\ccsv6\tools\compiler\ti-cgt-arm_5.2.4\lib\</path>
         <kind>archive</kind>
         <file>rtsv7M4_T_le_eabi.lib</file>
         <name>memmov.obj</name>
      </input_file>
      <input_file id="fl-140">
         <path>C:\TI\ccsv6\tools\compiler\ti-cgt-arm_5.2.4\lib\</path>
         <kind>archive</kind>
         <file>rtsv7M4_T_le_eabi.lib</file>
         <name>memory.obj</name>
      </input_file>
      <input_file id="fl-141">
         <path>C:\TI\ccsv6\tools\compiler\ti-cgt-arm_5.2.4\lib\</path>
         <kind>archive</kind>
         <file>rtsv7M4_T_le_eabi.lib</file>
         <name>memset_t2.obj</name>
      </input_file>
      <input_file id="fl-142">
         <path>C:\TI\ccsv6\tools\compiler\ti-cgt-arm_5.2.4\lib\</path>
         <kind>archive</kind>
         <file>rtsv7M4_T_le_eabi.lib</file>
         <name>pre_init.obj</name>
      </input_file>
      <input_file id="fl-143">
         <path>C:\TI\ccsv6\tools\compiler\ti-cgt-arm_5.2.4\lib\</path>
         <kind>archive</kind>
         <file>rtsv7M4_T_le_eabi.lib</file>
         <name>stkdepth_vars.obj</name>
      </input_file>
      <input_file id="fl-144">
         <path>C:\TI\ccsv6\tools\compiler\ti-cgt-arm_5.2.4\lib\</path>
         <kind>archive</kind>
         <file>rtsv7M4_T_le_eabi.lib</file>
         <name>strlen.obj</name>
      </input_file>
      <input_file id="fl-145">
         <path>C:\TI\ccsv6\tools\compiler\ti-cgt-arm_5.2.4\lib\</path>
         <kind>archive</kind>
         <file>rtsv7M4_T_le_eabi.lib</file>
         <name>u_tofd_t2.obj</name>
      </input_file>
      <input_file id="fl-146">
         <path>C:\TI\ccsv6\tools\compiler\ti-cgt-arm_5.2.4\lib\</path>
         <kind>archive</kind>
         <file>rtsv7M4_T_le_eabi.lib</file>
         <name>vsnprintf.obj</name>
      </input_file>
      <input_file id="fl-147">
         <path>C:\TI\ccsv6\tools\compiler\ti-cgt-arm_5.2.4\lib\</path>
         <kind>archive</kind>
         <file>rtsv7M4_T_le_eabi.lib</file>
         <name>_lock.obj</name>
      </input_file>
      <input_file id="fl-148">
         <path>C:\TI\ccsv6\tools\compiler\ti-cgt-arm_5.2.4\lib\</path>
         <kind>archive</kind>
         <file>rtsv7M4_T_le_eabi.lib</file>
         <name>_printfi.obj</name>
      </input_file>
      <input_file id="fl-149">
         <path>C:\TI\ccsv6\tools\compiler\ti-cgt-arm_5.2.4\lib\</path>
         <kind>archive</kind>
         <file>rtsv7M4_T_le_eabi.lib</file>
         <name>args_main.obj</name>
      </input_file>
      <input_file id="fl-14a">
         <path>C:\TI\ccsv6\tools\compiler\ti-cgt-arm_5.2.4\lib\</path>
         <kind>archive</kind>
         <file>rtsv7M4_T_le_eabi.lib</file>
         <name>autoinit.obj</name>
      </input_file>
      <input_file id="fl-14b">
         <path>C:\TI\ccsv6\tools\compiler\ti-cgt-arm_5.2.4\lib\</path>
         <kind>archive</kind>
         <file>rtsv7M4_T_le_eabi.lib</file>
         <name>cpy_tbl.obj</name>
      </input_file>
      <input_file id="fl-14c">
         <path>C:\TI\ccsv6\tools\compiler\ti-cgt-arm_5.2.4\lib\</path>
         <kind>archive</kind>
         <file>rtsv7M4_T_le_eabi.lib</file>
         <name>fd_cmp_t2.obj</name>
      </input_file>
      <input_file id="fl-14d">
         <path>C:\TI\ccsv6\tools\compiler\ti-cgt-arm_5.2.4\lib\</path>
         <kind>archive</kind>
         <file>rtsv7M4_T_le_eabi.lib</file>
         <name>fd_div_t2.obj</name>
      </input_file>
      <input_file id="fl-14e">
         <path>C:\TI\ccsv6\tools\compiler\ti-cgt-arm_5.2.4\lib\</path>
         <kind>archive</kind>
         <file>rtsv7M4_T_le_eabi.lib</file>
         <name>fd_mul_t2.obj</name>
      </input_file>
      <input_file id="fl-14f">
         <path>C:\TI\ccsv6\tools\compiler\ti-cgt-arm_5.2.4\lib\</path>
         <kind>archive</kind>
         <file>rtsv7M4_T_le_eabi.lib</file>
         <name>fd_toi_t2.obj</name>
      </input_file>
      <input_file id="fl-150">
         <path>C:\TI\ccsv6\tools\compiler\ti-cgt-arm_5.2.4\lib\</path>
         <kind>archive</kind>
         <file>rtsv7M4_T_le_eabi.lib</file>
         <name>frexp.obj</name>
      </input_file>
      <input_file id="fl-151">
         <path>C:\TI\ccsv6\tools\compiler\ti-cgt-arm_5.2.4\lib\</path>
         <kind>archive</kind>
         <file>rtsv7M4_T_le_eabi.lib</file>
         <name>i_tofd_t2.obj</name>
      </input_file>
      <input_file id="fl-152">
         <path>C:\TI\ccsv6\tools\compiler\ti-cgt-arm_5.2.4\lib\</path>
         <kind>archive</kind>
         <file>rtsv7M4_T_le_eabi.lib</file>
         <name>ldexp.obj</name>
      </input_file>
      <input_file id="fl-153">
         <path>C:\TI\ccsv6\tools\compiler\ti-cgt-arm_5.2.4\lib\</path>
         <kind>archive</kind>
         <file>rtsv7M4_T_le_eabi.lib</file>
         <name>ltoa.obj</name>
      </input_file>
      <input_file id="fl-154">
         <path>C:\TI\ccsv6\tools\compiler\ti-cgt-arm_5.2.4\lib\</path>
         <kind>archive</kind>
         <file>rtsv7M4_T_le_eabi.lib</file>
         <name>memccpy.obj</name>
      </input_file>
      <input_file id="fl-155">
         <path>C:\TI\ccsv6\tools\compiler\ti-cgt-arm_5.2.4\lib\</path>
         <kind>archive</kind>
         <file>rtsv7M4_T_le_eabi.lib</file>
         <name>strchr.obj</name>
      </input_file>
      <input_file id="fl-156">
         <path>C:\TI\ccsv6\tools\compiler\ti-cgt-arm_5.2.4\lib\</path>
         <kind>archive</kind>
         <file>rtsv7M4_T_le_eabi.lib</file>
         <name>ull_div_t2.obj</name>
      </input_file>
      <input_file id="fl-157">
         <path>C:\TI\ccsv6\tools\compiler\ti-cgt-arm_5.2.4\lib\</path>
         <kind>archive</kind>
         <file>rtsv7M4_T_le_eabi.lib</file>
         <name>xdclass.obj</name>
      </input_file>
      <input_file id="fl-158">
         <path>C:\TI\ccsv6\tools\compiler\ti-cgt-arm_5.2.4\lib\</path>
         <kind>archive</kind>
         <file>rtsv7M4_T_le_eabi.lib</file>
         <name>xdscale.obj</name>
      </input_file>
      <input_file id="fl-159">
         <path>C:\TI\ccsv6\tools\compiler\ti-cgt-arm_5.2.4\lib\</path>
         <kind>archive</kind>
         <file>rtsv7M4_T_le_eabi.lib</file>
         <name>xdunscal.obj</name>
      </input_file>
      <input_file id="fl-15a">
         <path>C:\TI\ccsv6\tools\compiler\ti-cgt-arm_5.2.4\lib\</path>
         <kind>archive</kind>
         <file>rtsv7M4_T_le_eabi.lib</file>
         <name>xferaise.obj</name>
      </input_file>
      <input_file id="fl-15b">
         <path>C:\TI\ccsv6\tools\compiler\ti-cgt-arm_5.2.4\lib\</path>
         <kind>archive</kind>
         <file>rtsv7M4_T_le_eabi.lib</file>
         <name>xvalues.obj</name>
      </input_file>
      <input_file id="fl-15c">
         <path>C:\TI\ccsv6\tools\compiler\ti-cgt-arm_5.2.4\lib\</path>
         <kind>archive</kind>
         <file>rtsv7M4_T_le_eabi.lib</file>
         <name>errno.obj</name>
      </input_file>
      <input_file id="fl-15d">
         <path>C:\TI\ccsv6\tools\compiler\ti-cgt-arm_5.2.4\lib\</path>
         <kind>archive</kind>
         <file>rtsv7M4_T_le_eabi.lib</file>
         <name>feraiseexcept.obj</name>
      </input_file>
      <input_file id="fl-15e">
         <path>C:\TI\ccsv6\tools\compiler\ti-cgt-arm_5.2.4\lib\</path>
         <kind>archive</kind>
         <file>rtsv7M4_T_le_eabi.lib</file>
         <name>raise.obj</name>
      </input_file>
      <input_file id="fl-15f">
         <path>C:\TI\ccsv6\tools\compiler\ti-cgt-arm_5.2.4\lib\</path>
         <kind>archive</kind>
         <file>rtsv7M4_T_le_eabi.lib</file>
         <name>signal.obj</name>
      </input_file>
      <input_file id="fl-160">
         <path>C:\TI\ccsv6\tools\compiler\ti-cgt-arm_5.2.4\lib\</path>
         <kind>archive</kind>
         <file>rtsv7M4_T_le_eabi.lib</file>
         <name>xdnorm.obj</name>
      </input_file>
      <input_file id="fl-161">
         <path>C:\TI\CC3200SDK_1.1.0\cc3200-sdk\simplelink\ccs\OS\</path>
         <kind>archive</kind>
         <file>simplelink.a</file>
         <name>device.obj</name>
      </input_file>
      <input_file id="fl-162">
         <path>C:\TI\CC3200SDK_1.1.0\cc3200-sdk\simplelink\ccs\OS\</path>
         <kind>archive</kind>
         <file>simplelink.a</file>
         <name>driver.obj</name>
      </input_file>
      <input_file id="fl-163">
         <path>C:\TI\CC3200SDK_1.1.0\cc3200-sdk\simplelink\ccs\OS\</path>
         <kind>archive</kind>
         <file>simplelink.a</file>
         <name>fs.obj</name>
      </input_file>
      <input_file id="fl-164">
         <path>C:\TI\CC3200SDK_1.1.0\cc3200-sdk\simplelink\ccs\OS\</path>
         <kind>archive</kind>
         <file>simplelink.a</file>
         <name>netapp.obj</name>
      </input_file>
      <input_file id="fl-165">
         <path>C:\TI\CC3200SDK_1.1.0\cc3200-sdk\simplelink\ccs\OS\</path>
         <kind>archive</kind>
         <file>simplelink.a</file>
         <name>netcfg.obj</name>
      </input_file>
      <input_file id="fl-166">
         <path>C:\TI\CC3200SDK_1.1.0\cc3200-sdk\simplelink\ccs\OS\</path>
         <kind>archive</kind>
         <file>simplelink.a</file>
         <name>socket.obj</name>
      </input_file>
      <input_file id="fl-167">
         <path>C:\TI\CC3200SDK_1.1.0\cc3200-sdk\simplelink\ccs\OS\</path>
         <kind>archive</kind>
         <file>simplelink.a</file>
         <name>wlan.obj</name>
      </input_file>
      <input_file id="fl-168">
         <path>C:\TI\CC3200SDK_1.1.0\cc3200-sdk\simplelink\ccs\OS\</path>
         <kind>archive</kind>
         <file>simplelink.a</file>
         <name>cc_pal.obj</name>
      </input_file>
      <input_file id="fl-169">
         <path>C:\TI\CC3200SDK_1.1.0\cc3200-sdk\driverlib\ccs\Release\</path>
         <kind>archive</kind>
         <file>driverlib.a</file>
         <name>adc.obj</name>
      </input_file>
      <input_file id="fl-16a">
         <path>C:\TI\CC3200SDK_1.1.0\cc3200-sdk\driverlib\ccs\Release\</path>
         <kind>archive</kind>
         <file>driverlib.a</file>
         <name>gpio.obj</name>
      </input_file>
      <input_file id="fl-16b">
         <path>C:\TI\CC3200SDK_1.1.0\cc3200-sdk\driverlib\ccs\Release\</path>
         <kind>archive</kind>
         <file>driverlib.a</file>
         <name>interrupt.obj</name>
      </input_file>
      <input_file id="fl-16c">
         <path>C:\TI\CC3200SDK_1.1.0\cc3200-sdk\driverlib\ccs\Release\</path>
         <kind>archive</kind>
         <file>driverlib.a</file>
         <name>pin.obj</name>
      </input_file>
      <input_file id="fl-16d">
         <path>C:\TI\CC3200SDK_1.1.0\cc3200-sdk\driverlib\ccs\Release\</path>
         <kind>archive</kind>
         <file>driverlib.a</file>
         <name>prcm.obj</name>
      </input_file>
      <input_file id="fl-16e">
         <path>C:\TI\CC3200SDK_1.1.0\cc3200-sdk\driverlib\ccs\Release\</path>
         <kind>archive</kind>
         <file>driverlib.a</file>
         <name>spi.obj</name>
      </input_file>
      <input_file id="fl-16f">
         <path>C:\TI\CC3200SDK_1.1.0\cc3200-sdk\driverlib\ccs\Release\</path>
         <kind>archive</kind>
         <file>driverlib.a</file>
         <name>timer.obj</name>
      </input_file>
      <input_file id="fl-170">
         <path>C:\TI\CC3200SDK_1.1.0\cc3200-sdk\driverlib\ccs\Release\</path>
         <kind>archive</kind>
         <file>driverlib.a</file>
         <name>uart.obj</name>
      </input_file>
      <input_file id="fl-171">
         <path>C:\TI\CC3200SDK_1.1.0\cc3200-sdk\driverlib\ccs\Release\</path>
         <kind>archive</kind>
         <file>driverlib.a</file>
         <name>udma.obj</name>
      </input_file>
      <input_file id="fl-172">
         <path>C:\TI\CC3200SDK_1.1.0\cc3200-sdk\driverlib\ccs\Release\</path>
         <kind>archive</kind>
         <file>driverlib.a</file>
         <name>utils.obj</name>
      </input_file>
      <input_file id="fl-173">
         <path>C:\TI\CC3200SDK_1.1.0\cc3200-sdk\driverlib\ccs\Release\</path>
         <kind>archive</kind>
         <file>driverlib.a</file>
         <name>cpu.obj</name>
      </input_file>
      <input_file id="fl-174">
         <path>C:\TI\CC3200SDK_1.1.0\cc3200-sdk\driverlib\ccs\Release\</path>
         <kind>archive</kind>
         <file>driverlib.a</file>
         <name>flash.obj</name>
      </input_file>
      <input_file id="fl-175">
         <path>C:\TI\CC3200SDK_1.1.0\cc3200-sdk\oslib\ccs\free_rtos\</path>
         <kind>archive</kind>
         <file>free_rtos.a</file>
         <name>osi_freertos.obj</name>
      </input_file>
      <input_file id="fl-176">
         <path>C:\TI\CC3200SDK_1.1.0\cc3200-sdk\oslib\ccs\free_rtos\</path>
         <kind>archive</kind>
         <file>free_rtos.a</file>
         <name>port.obj</name>
      </input_file>
      <input_file id="fl-177">
         <path>C:\TI\CC3200SDK_1.1.0\cc3200-sdk\oslib\ccs\free_rtos\</path>
         <kind>archive</kind>
         <file>free_rtos.a</file>
         <name>portasm.obj</name>
      </input_file>
      <input_file id="fl-178">
         <path>C:\TI\CC3200SDK_1.1.0\cc3200-sdk\oslib\ccs\free_rtos\</path>
         <kind>archive</kind>
         <file>free_rtos.a</file>
         <name>queue.obj</name>
      </input_file>
      <input_file id="fl-179">
         <path>C:\TI\CC3200SDK_1.1.0\cc3200-sdk\oslib\ccs\free_rtos\</path>
         <kind>archive</kind>
         <file>free_rtos.a</file>
         <name>tasks.obj</name>
      </input_file>
      <input_file id="fl-17a">
         <path>C:\TI\CC3200SDK_1.1.0\cc3200-sdk\oslib\ccs\free_rtos\</path>
         <kind>archive</kind>
         <file>free_rtos.a</file>
         <name>heap_3.obj</name>
      </input_file>
      <input_file id="fl-17b">
         <path>C:\TI\CC3200SDK_1.1.0\cc3200-sdk\oslib\ccs\free_rtos\</path>
         <kind>archive</kind>
         <file>free_rtos.a</file>
         <name>list.obj</name>
      </input_file>
   </input_file_list>
   <object_component_list>
      <object_component id="oc-f">
         <name>.intvecs</name>
         <load_address>0x20004000</load_address>
         <run_address>0x20004000</run_address>
         <size>0x400</size>
         <input_file_ref idref="fl-9"/>
      </object_component>
      <object_component id="oc-c3">
         <name>.text</name>
         <load_address>0x20004400</load_address>
         <run_address>0x20004400</run_address>
         <size>0x171c</size>
         <input_file_ref idref="fl-5"/>
      </object_component>
      <object_component id="oc-87">
         <name>.text</name>
         <load_address>0x20005b1c</load_address>
         <run_address>0x20005b1c</run_address>
         <size>0x125c</size>
         <input_file_ref idref="fl-179"/>
      </object_component>
      <object_component id="oc-4b9">
         <name>.text</name>
         <load_address>0x20006d78</load_address>
         <run_address>0x20006d78</run_address>
         <size>0x10a6</size>
         <input_file_ref idref="fl-148"/>
      </object_component>
      <object_component id="oc-4f3">
         <name>.text:IntDefaultHandler</name>
         <load_address>0x20007e1e</load_address>
         <run_address>0x20007e1e</run_address>
         <size>0x2</size>
         <input_file_ref idref="fl-16b"/>
      </object_component>
      <object_component id="oc-335">
         <name>.text</name>
         <load_address>0x20007e20</load_address>
         <run_address>0x20007e20</run_address>
         <size>0xb24</size>
         <input_file_ref idref="fl-178"/>
      </object_component>
      <object_component id="oc-6de">
         <name>.text:_SlDrvMsgRead</name>
         <load_address>0x20008944</load_address>
         <run_address>0x20008944</run_address>
         <size>0x5ec</size>
         <input_file_ref idref="fl-162"/>
      </object_component>
      <object_component id="oc-146">
         <name>.text</name>
         <load_address>0x20008f30</load_address>
         <run_address>0x20008f30</run_address>
         <size>0x45c</size>
         <input_file_ref idref="fl-175"/>
      </object_component>
      <object_component id="oc-259">
         <name>.text</name>
         <load_address>0x2000938c</load_address>
         <run_address>0x2000938c</run_address>
         <size>0x3dc</size>
         <input_file_ref idref="fl-140"/>
      </object_component>
      <object_component id="oc-140">
         <name>.text</name>
         <load_address>0x20009768</load_address>
         <run_address>0x20009768</run_address>
         <size>0x394</size>
         <input_file_ref idref="fl-4"/>
      </object_component>
      <object_component id="oc-11f">
         <name>.text</name>
         <load_address>0x20009afc</load_address>
         <run_address>0x20009afc</run_address>
         <size>0x290</size>
         <input_file_ref idref="fl-b"/>
      </object_component>
      <object_component id="oc-1b0">
         <name>.text</name>
         <load_address>0x20009d8c</load_address>
         <run_address>0x20009d8c</run_address>
         <size>0x25c</size>
         <input_file_ref idref="fl-3"/>
      </object_component>
      <object_component id="oc-73b">
         <name>.text:_SlDrvRxHdrRead</name>
         <load_address>0x20009fe8</load_address>
         <run_address>0x20009fe8</run_address>
         <size>0x248</size>
         <input_file_ref idref="fl-162"/>
      </object_component>
      <object_component id="oc-639">
         <name>.text</name>
         <load_address>0x2000a230</load_address>
         <run_address>0x2000a230</run_address>
         <size>0x1f4</size>
         <input_file_ref idref="fl-156"/>
      </object_component>
      <object_component id="oc-12e">
         <name>.text</name>
         <load_address>0x2000a424</load_address>
         <run_address>0x2000a424</run_address>
         <size>0x1dc</size>
         <input_file_ref idref="fl-7"/>
      </object_component>
      <object_component id="oc-36f">
         <name>.text:_SlDrvReleasePoolObj</name>
         <load_address>0x2000a600</load_address>
         <run_address>0x2000a600</run_address>
         <size>0x1d0</size>
         <input_file_ref idref="fl-162"/>
      </object_component>
      <object_component id="oc-5b6">
         <name>.text:_SlDrvMsgWrite</name>
         <load_address>0x2000a7d0</load_address>
         <run_address>0x2000a7d0</run_address>
         <size>0x1cc</size>
         <input_file_ref idref="fl-162"/>
      </object_component>
      <object_component id="oc-1ba">
         <name>.text</name>
         <load_address>0x2000a99c</load_address>
         <run_address>0x2000a99c</run_address>
         <size>0x1c0</size>
         <input_file_ref idref="fl-a"/>
      </object_component>
      <object_component id="oc-2c9">
         <name>.text</name>
         <load_address>0x2000ab5c</load_address>
         <run_address>0x2000ab5c</run_address>
         <size>0x1b6</size>
         <input_file_ref idref="fl-13b"/>
      </object_component>
      <object_component id="oc-566">
         <name>.text:_SlDrvWaitForPoolObj</name>
         <load_address>0x2000ad14</load_address>
         <run_address>0x2000ad14</run_address>
         <size>0x190</size>
         <input_file_ref idref="fl-162"/>
      </object_component>
      <object_component id="oc-345">
         <name>.text:_SlDrvDriverCBInit</name>
         <load_address>0x2000aea4</load_address>
         <run_address>0x2000aea4</run_address>
         <size>0x174</size>
         <input_file_ref idref="fl-162"/>
      </object_component>
      <object_component id="oc-74d">
         <name>.text:_SlFindAndSetActiveObj</name>
         <load_address>0x2000b018</load_address>
         <run_address>0x2000b018</run_address>
         <size>0x170</size>
         <input_file_ref idref="fl-162"/>
      </object_component>
      <object_component id="oc-34b">
         <name>.text:spi_Open</name>
         <load_address>0x2000b188</load_address>
         <run_address>0x2000b188</run_address>
         <size>0x150</size>
         <input_file_ref idref="fl-168"/>
      </object_component>
      <object_component id="oc-648">
         <name>.text</name>
         <load_address>0x2000b2d8</load_address>
         <run_address>0x2000b2d8</run_address>
         <size>0x136</size>
         <input_file_ref idref="fl-14d"/>
      </object_component>
      <object_component id="oc-1fc">
         <name>.text:PRCMCC3200MCUInit</name>
         <load_address>0x2000b410</load_address>
         <run_address>0x2000b410</run_address>
         <size>0x134</size>
         <input_file_ref idref="fl-16d"/>
      </object_component>
      <object_component id="oc-e2">
         <name>.text</name>
         <load_address>0x2000b544</load_address>
         <run_address>0x2000b544</run_address>
         <size>0x12a</size>
         <input_file_ref idref="fl-17b"/>
      </object_component>
      <object_component id="oc-38">
         <name>.text</name>
         <load_address>0x2000b670</load_address>
         <run_address>0x2000b670</run_address>
         <size>0x110</size>
         <input_file_ref idref="fl-176"/>
      </object_component>
      <object_component id="oc-719">
         <name>.text</name>
         <load_address>0x2000b780</load_address>
         <run_address>0x2000b780</run_address>
         <size>0x110</size>
         <input_file_ref idref="fl-158"/>
      </object_component>
      <object_component id="oc-7a5">
         <name>.text:_SlDrvNetAppEventHandler</name>
         <load_address>0x2000b890</load_address>
         <run_address>0x2000b890</run_address>
         <size>0xfe</size>
         <input_file_ref idref="fl-164"/>
      </object_component>
      <object_component id="oc-643">
         <name>.text</name>
         <load_address>0x2000b98e</load_address>
         <run_address>0x2000b98e</run_address>
         <size>0xfc</size>
         <input_file_ref idref="fl-14e"/>
      </object_component>
      <object_component id="oc-3a1">
         <name>.text:_SlDrvDriverCBDeinit</name>
         <load_address>0x2000ba8c</load_address>
         <run_address>0x2000ba8c</run_address>
         <size>0xf4</size>
         <input_file_ref idref="fl-162"/>
      </object_component>
      <object_component id="oc-41b">
         <name>.text:sl_FsRead</name>
         <load_address>0x2000bb80</load_address>
         <run_address>0x2000bb80</run_address>
         <size>0xf4</size>
         <input_file_ref idref="fl-163"/>
      </object_component>
      <object_component id="oc-828">
         <name>.text:uDMAChannelTransferSet</name>
         <load_address>0x2000bc74</load_address>
         <run_address>0x2000bc74</run_address>
         <size>0xf0</size>
         <input_file_ref idref="fl-171"/>
      </object_component>
      <object_component id="oc-40f">
         <name>.text:sl_FsWrite</name>
         <load_address>0x2000bd64</load_address>
         <run_address>0x2000bd64</run_address>
         <size>0xec</size>
         <input_file_ref idref="fl-163"/>
      </object_component>
      <object_component id="oc-1a8">
         <name>.text</name>
         <load_address>0x2000be50</load_address>
         <run_address>0x2000be50</run_address>
         <size>0xe8</size>
         <input_file_ref idref="fl-8"/>
      </object_component>
      <object_component id="oc-202">
         <name>.text</name>
         <load_address>0x2000bf38</load_address>
         <run_address>0x2000bf38</run_address>
         <size>0xe0</size>
         <input_file_ref idref="fl-6"/>
      </object_component>
      <object_component id="oc-747">
         <name>.text:spi_Read</name>
         <load_address>0x2000c018</load_address>
         <run_address>0x2000c018</run_address>
         <size>0xdc</size>
         <input_file_ref idref="fl-168"/>
      </object_component>
      <object_component id="oc-741">
         <name>.text:_SlDrvClassifyRxMsg</name>
         <load_address>0x2000c0f4</load_address>
         <run_address>0x2000c0f4</run_address>
         <size>0xd8</size>
         <input_file_ref idref="fl-162"/>
      </object_component>
      <object_component id="oc-159">
         <name>.text:sl_Stop</name>
         <load_address>0x2000c1cc</load_address>
         <run_address>0x2000c1cc</run_address>
         <size>0xd4</size>
         <input_file_ref idref="fl-161"/>
      </object_component>
      <object_component id="oc-7f2">
         <name>.text:_sl_HandleAsync_DnsGetHostByService</name>
         <load_address>0x2000c2a0</load_address>
         <run_address>0x2000c2a0</run_address>
         <size>0xc8</size>
         <input_file_ref idref="fl-164"/>
      </object_component>
      <object_component id="oc-58f">
         <name>.text:_SlRemoveFromList</name>
         <load_address>0x2000c368</load_address>
         <run_address>0x2000c368</run_address>
         <size>0xc4</size>
         <input_file_ref idref="fl-162"/>
      </object_component>
      <object_component id="oc-780">
         <name>.text</name>
         <load_address>0x2000c42c</load_address>
         <run_address>0x2000c42c</run_address>
         <size>0xbe</size>
         <input_file_ref idref="fl-160"/>
      </object_component>
      <object_component id="oc-5bc">
         <name>.text:_SlDrvMsgReadCmdCtx</name>
         <load_address>0x2000c4ec</load_address>
         <run_address>0x2000c4ec</run_address>
         <size>0xbc</size>
         <input_file_ref idref="fl-162"/>
      </object_component>
      <object_component id="oc-14d">
         <name>.text:sl_Start</name>
         <load_address>0x2000c5a8</load_address>
         <run_address>0x2000c5a8</run_address>
         <size>0xbc</size>
         <input_file_ref idref="fl-161"/>
      </object_component>
      <object_component id="oc-33">
         <name>.text</name>
         <load_address>0x2000c664</load_address>
         <run_address>0x2000c664</run_address>
         <size>0xba</size>
         <input_file_ref idref="fl-177"/>
      </object_component>
      <object_component id="oc-6e4">
         <name>.text:_SlAsyncEventGenericHandler</name>
         <load_address>0x2000c720</load_address>
         <run_address>0x2000c720</run_address>
         <size>0xb8</size>
         <input_file_ref idref="fl-162"/>
      </object_component>
      <object_component id="oc-3cf">
         <name>.text:sl_NetAppMDNSRegisterUnregisterService</name>
         <load_address>0x2000c7d8</load_address>
         <run_address>0x2000c7d8</run_address>
         <size>0xb4</size>
         <input_file_ref idref="fl-164"/>
      </object_component>
      <object_component id="oc-329">
         <name>.text:IntDisable</name>
         <load_address>0x2000c88c</load_address>
         <run_address>0x2000c88c</run_address>
         <size>0xa8</size>
         <input_file_ref idref="fl-16b"/>
      </object_component>
      <object_component id="oc-1f6">
         <name>.text:IntEnable</name>
         <load_address>0x2000c934</load_address>
         <run_address>0x2000c934</run_address>
         <size>0xa8</size>
         <input_file_ref idref="fl-16b"/>
      </object_component>
      <object_component id="oc-521">
         <name>.text:SPIConfigSetExpClk</name>
         <load_address>0x2000c9dc</load_address>
         <run_address>0x2000c9dc</run_address>
         <size>0xa0</size>
         <input_file_ref idref="fl-16e"/>
      </object_component>
      <object_component id="oc-5a2">
         <name>.text:_SlDrvMsgReadSpawnCtx</name>
         <load_address>0x2000ca7c</load_address>
         <run_address>0x2000ca7c</run_address>
         <size>0x9c</size>
         <input_file_ref idref="fl-162"/>
      </object_component>
      <object_component id="oc-41">
         <name>.text</name>
         <load_address>0x2000cb18</load_address>
         <run_address>0x2000cb18</run_address>
         <size>0x9c</size>
         <input_file_ref idref="fl-13e"/>
      </object_component>
      <object_component id="oc-15f">
         <name>.text:sl_DevGet</name>
         <load_address>0x2000cbb4</load_address>
         <run_address>0x2000cbb4</run_address>
         <size>0x9c</size>
         <input_file_ref idref="fl-161"/>
      </object_component>
      <object_component id="oc-3fd">
         <name>.text:_sl_GetCreateFsMode</name>
         <load_address>0x2000cc50</load_address>
         <run_address>0x2000cc50</run_address>
         <size>0x98</size>
         <input_file_ref idref="fl-163"/>
      </object_component>
      <object_component id="oc-214">
         <name>.text:PRCMPeripheralClockGet</name>
         <load_address>0x2000cce8</load_address>
         <run_address>0x2000cce8</run_address>
         <size>0x94</size>
         <input_file_ref idref="fl-16d"/>
      </object_component>
      <object_component id="oc-19c">
         <name>.text:sl_WlanGet</name>
         <load_address>0x2000cd7c</load_address>
         <run_address>0x2000cd7c</run_address>
         <size>0x94</size>
         <input_file_ref idref="fl-167"/>
      </object_component>
      <object_component id="oc-3ee">
         <name>.text:sl_WlanSmartConfigStart</name>
         <load_address>0x2000ce10</load_address>
         <run_address>0x2000ce10</run_address>
         <size>0x90</size>
         <input_file_ref idref="fl-167"/>
      </object_component>
      <object_component id="oc-7b2">
         <name>.text:SetupDMAReceive</name>
         <load_address>0x2000cea0</load_address>
         <run_address>0x2000cea0</run_address>
         <size>0x8c</size>
         <input_file_ref idref="fl-168"/>
      </object_component>
      <object_component id="oc-758">
         <name>.text:SetupDMASend</name>
         <load_address>0x2000cf2c</load_address>
         <run_address>0x2000cf2c</run_address>
         <size>0x8c</size>
         <input_file_ref idref="fl-168"/>
      </object_component>
      <object_component id="oc-7ec">
         <name>.text:_sl_HandleAsync_DnsGetHostByName</name>
         <load_address>0x2000cfb8</load_address>
         <run_address>0x2000cfb8</run_address>
         <size>0x8c</size>
         <input_file_ref idref="fl-164"/>
      </object_component>
      <object_component id="oc-7ab">
         <name>.text:_sl_HandleAsync_PingResponse</name>
         <load_address>0x2000d044</load_address>
         <run_address>0x2000d044</run_address>
         <size>0x8c</size>
         <input_file_ref idref="fl-164"/>
      </object_component>
      <object_component id="oc-6ec">
         <name>.text:spi_Write</name>
         <load_address>0x2000d0d0</load_address>
         <run_address>0x2000d0d0</run_address>
         <size>0x8c</size>
         <input_file_ref idref="fl-168"/>
      </object_component>
      <object_component id="oc-208">
         <name>.text:PinConfigSet</name>
         <load_address>0x2000d15c</load_address>
         <run_address>0x2000d15c</run_address>
         <size>0x88</size>
         <input_file_ref idref="fl-16c"/>
      </object_component>
      <object_component id="oc-284">
         <name>.text</name>
         <load_address>0x2000d1e4</load_address>
         <run_address>0x2000d1e4</run_address>
         <size>0x88</size>
         <input_file_ref idref="fl-146"/>
      </object_component>
      <object_component id="oc-409">
         <name>.text:sl_FsClose</name>
         <load_address>0x2000d26c</load_address>
         <run_address>0x2000d26c</run_address>
         <size>0x88</size>
         <input_file_ref idref="fl-163"/>
      </object_component>
      <object_component id="oc-63e">
         <name>.text:__aeabi_cdcmple</name>
         <load_address>0x2000d2f4</load_address>
         <run_address>0x2000d2f4</run_address>
         <size>0x86</size>
         <input_file_ref idref="fl-14c"/>
      </object_component>
      <object_component id="oc-64d">
         <name>.text:__aeabi_cdrcmple</name>
         <load_address>0x2000d37a</load_address>
         <run_address>0x2000d37a</run_address>
         <size>0x86</size>
         <input_file_ref idref="fl-14c"/>
      </object_component>
      <object_component id="oc-33f">
         <name>.text:NwpPowerOnPreamble</name>
         <load_address>0x2000d400</load_address>
         <run_address>0x2000d400</run_address>
         <size>0x84</size>
         <input_file_ref idref="fl-168"/>
      </object_component>
      <object_component id="oc-30e">
         <name>.text:GPIOIntTypeSet</name>
         <load_address>0x2000d484</load_address>
         <run_address>0x2000d484</run_address>
         <size>0x82</size>
         <input_file_ref idref="fl-16a"/>
      </object_component>
      <object_component id="oc-38b">
         <name>.text:_SlDrvCmdOp</name>
         <load_address>0x2000d508</load_address>
         <run_address>0x2000d508</run_address>
         <size>0x80</size>
         <input_file_ref idref="fl-162"/>
      </object_component>
      <object_component id="oc-7b8">
         <name>.text:spi_Read_CPU</name>
         <load_address>0x2000d588</load_address>
         <run_address>0x2000d588</run_address>
         <size>0x80</size>
         <input_file_ref idref="fl-168"/>
      </object_component>
      <object_component id="oc-76a">
         <name>.text:spi_Write_CPU</name>
         <load_address>0x2000d608</load_address>
         <run_address>0x2000d608</run_address>
         <size>0x80</size>
         <input_file_ref idref="fl-168"/>
      </object_component>
      <object_component id="oc-771">
         <name>.text:_sl_HandleAsync_InitComplete</name>
         <load_address>0x2000d688</load_address>
         <run_address>0x2000d688</run_address>
         <size>0x7c</size>
         <input_file_ref idref="fl-161"/>
      </object_component>
      <object_component id="oc-415">
         <name>.text:sl_FsGetInfo</name>
         <load_address>0x2000d704</load_address>
         <run_address>0x2000d704</run_address>
         <size>0x7c</size>
         <input_file_ref idref="fl-163"/>
      </object_component>
      <object_component id="oc-5a">
         <name>.text</name>
         <load_address>0x2000d780</load_address>
         <run_address>0x2000d780</run_address>
         <size>0x7a</size>
         <input_file_ref idref="fl-141"/>
      </object_component>
      <object_component id="oc-80e">
         <name>.text:_sl_HandleAsync_Connect</name>
         <load_address>0x2000d7fc</load_address>
         <run_address>0x2000d7fc</run_address>
         <size>0x78</size>
         <input_file_ref idref="fl-166"/>
      </object_component>
      <object_component id="oc-403">
         <name>.text:sl_FsOpen</name>
         <load_address>0x2000d874</load_address>
         <run_address>0x2000d874</run_address>
         <size>0x78</size>
         <input_file_ref idref="fl-163"/>
      </object_component>
      <object_component id="oc-39b">
         <name>.text:spi_Close</name>
         <load_address>0x2000d8ec</load_address>
         <run_address>0x2000d8ec</run_address>
         <size>0x78</size>
         <input_file_ref idref="fl-168"/>
      </object_component>
      <object_component id="oc-21a">
         <name>.text:UARTConfigSetExpClk</name>
         <load_address>0x2000d964</load_address>
         <run_address>0x2000d964</run_address>
         <size>0x76</size>
         <input_file_ref idref="fl-170"/>
      </object_component>
      <object_component id="oc-84a">
         <name>.text:_SlDrvCmdSend</name>
         <load_address>0x2000d9dc</load_address>
         <run_address>0x2000d9dc</run_address>
         <size>0x6c</size>
         <input_file_ref idref="fl-162"/>
      </object_component>
      <object_component id="oc-6c">
         <name>.text</name>
         <load_address>0x2000da48</load_address>
         <run_address>0x2000da48</run_address>
         <size>0x6c</size>
         <input_file_ref idref="fl-14a"/>
      </object_component>
      <object_component id="oc-4d">
         <name>.text</name>
         <load_address>0x2000dab4</load_address>
         <run_address>0x2000dab4</run_address>
         <size>0x6a</size>
         <input_file_ref idref="fl-137"/>
      </object_component>
      <object_component id="oc-440">
         <name>.text:TimerIntUnregister</name>
         <load_address>0x2000db20</load_address>
         <run_address>0x2000db20</run_address>
         <size>0x68</size>
         <input_file_ref idref="fl-16f"/>
      </object_component>
      <object_component id="oc-7f8">
         <name>.text:_sl_NetAppSendTokenValue</name>
         <load_address>0x2000db88</load_address>
         <run_address>0x2000db88</run_address>
         <size>0x68</size>
         <input_file_ref idref="fl-164"/>
      </object_component>
      <object_component id="oc-171">
         <name>.text:sl_NetCfgSet</name>
         <load_address>0x2000dbf0</load_address>
         <run_address>0x2000dbf0</run_address>
         <size>0x68</size>
         <input_file_ref idref="fl-165"/>
      </object_component>
      <object_component id="oc-177">
         <name>.text:sl_WlanSet</name>
         <load_address>0x2000dc58</load_address>
         <run_address>0x2000dc58</run_address>
         <size>0x68</size>
         <input_file_ref idref="fl-167"/>
      </object_component>
      <object_component id="oc-711">
         <name>.text</name>
         <load_address>0x2000dcc0</load_address>
         <run_address>0x2000dcc0</run_address>
         <size>0x66</size>
         <input_file_ref idref="fl-159"/>
      </object_component>
      <object_component id="oc-6af">
         <name>.text:uDMAChannelAttributeDisable</name>
         <load_address>0x2000dd28</load_address>
         <run_address>0x2000dd28</run_address>
         <size>0x64</size>
         <input_file_ref idref="fl-171"/>
      </object_component>
      <object_component id="oc-822">
         <name>.text:uDMAChannelAttributeEnable</name>
         <load_address>0x2000dd8c</load_address>
         <run_address>0x2000dd8c</run_address>
         <size>0x64</size>
         <input_file_ref idref="fl-171"/>
      </object_component>
      <object_component id="oc-808">
         <name>.text:_sl_HandleAsync_Accept</name>
         <load_address>0x2000ddf0</load_address>
         <run_address>0x2000ddf0</run_address>
         <size>0x60</size>
         <input_file_ref idref="fl-166"/>
      </object_component>
      <object_component id="oc-165">
         <name>.text:sl_WlanPolicySet</name>
         <load_address>0x2000de50</load_address>
         <run_address>0x2000de50</run_address>
         <size>0x60</size>
         <input_file_ref idref="fl-167"/>
      </object_component>
      <object_component id="oc-580">
         <name>.text:IntPendClear</name>
         <load_address>0x2000deb0</load_address>
         <run_address>0x2000deb0</run_address>
         <size>0x58</size>
         <input_file_ref idref="fl-16b"/>
      </object_component>
      <object_component id="oc-20e">
         <name>.text:PRCMPeripheralReset</name>
         <load_address>0x2000df08</load_address>
         <run_address>0x2000df08</run_address>
         <size>0x58</size>
         <input_file_ref idref="fl-16d"/>
      </object_component>
      <object_component id="oc-657">
         <name>.text</name>
         <load_address>0x2000df60</load_address>
         <run_address>0x2000df60</run_address>
         <size>0x56</size>
         <input_file_ref idref="fl-153"/>
      </object_component>
      <object_component id="oc-323">
         <name>.text:IntPrioritySet</name>
         <load_address>0x2000dfb8</load_address>
         <run_address>0x2000dfb8</run_address>
         <size>0x54</size>
         <input_file_ref idref="fl-16b"/>
      </object_component>
      <object_component id="oc-814">
         <name>.text:_sl_HandleAsync_Select</name>
         <load_address>0x2000e00c</load_address>
         <run_address>0x2000e00c</run_address>
         <size>0x54</size>
         <input_file_ref idref="fl-166"/>
      </object_component>
      <object_component id="oc-183">
         <name>.text:sl_WlanRxFilterSet</name>
         <load_address>0x2000e060</load_address>
         <run_address>0x2000e060</run_address>
         <size>0x54</size>
         <input_file_ref idref="fl-167"/>
      </object_component>
      <object_component id="oc-777">
         <name>.text:_sl_HandleAsync_Stop</name>
         <load_address>0x2000e0b4</load_address>
         <run_address>0x2000e0b4</run_address>
         <size>0x50</size>
         <input_file_ref idref="fl-161"/>
      </object_component>
      <object_component id="oc-545">
         <name>.text:SPIIntEnable</name>
         <load_address>0x2000e104</load_address>
         <run_address>0x2000e104</run_address>
         <size>0x4c</size>
         <input_file_ref idref="fl-16e"/>
      </object_component>
      <object_component id="oc-351">
         <name>.text:_SlDrvProtectAsyncRespSetting</name>
         <load_address>0x2000e150</load_address>
         <run_address>0x2000e150</run_address>
         <size>0x4c</size>
         <input_file_ref idref="fl-162"/>
      </object_component>
      <object_component id="oc-37e">
         <name>.text:_SlDrvRxIrqHandler</name>
         <load_address>0x2000e19c</load_address>
         <run_address>0x2000e19c</run_address>
         <size>0x4c</size>
         <input_file_ref idref="fl-162"/>
      </object_component>
      <object_component id="oc-1c0">
         <name>.text</name>
         <load_address>0x2000e1e8</load_address>
         <run_address>0x2000e1e8</run_address>
         <size>0x4c</size>
         <input_file_ref idref="fl-134"/>
      </object_component>
      <object_component id="oc-bb">
         <name>.text</name>
         <load_address>0x2000e234</load_address>
         <run_address>0x2000e234</run_address>
         <size>0x4c</size>
         <input_file_ref idref="fl-14b"/>
      </object_component>
      <object_component id="oc-6a9">
         <name>.text:uDMAChannelAssign</name>
         <load_address>0x2000e280</load_address>
         <run_address>0x2000e280</run_address>
         <size>0x4c</size>
         <input_file_ref idref="fl-171"/>
      </object_component>
      <object_component id="oc-6c5">
         <name>.text:SPIIntClear</name>
         <load_address>0x2000e2cc</load_address>
         <run_address>0x2000e2cc</run_address>
         <size>0x48</size>
         <input_file_ref idref="fl-16e"/>
      </object_component>
      <object_component id="oc-3bd">
         <name>.text:_SlDrvBasicCmd</name>
         <load_address>0x2000e314</load_address>
         <run_address>0x2000e314</run_address>
         <size>0x48</size>
         <input_file_ref idref="fl-162"/>
      </object_component>
      <object_component id="oc-652">
         <name>.text</name>
         <load_address>0x2000e35c</load_address>
         <run_address>0x2000e35c</run_address>
         <size>0x48</size>
         <input_file_ref idref="fl-14f"/>
      </object_component>
      <object_component id="oc-668">
         <name>.text</name>
         <load_address>0x2000e3a4</load_address>
         <run_address>0x2000e3a4</run_address>
         <size>0x46</size>
         <input_file_ref idref="fl-152"/>
      </object_component>
      <object_component id="oc-6b9">
         <name>.text:SPIDmaMaskGet</name>
         <load_address>0x2000e3ec</load_address>
         <run_address>0x2000e3ec</run_address>
         <size>0x44</size>
         <input_file_ref idref="fl-16e"/>
      </object_component>
      <object_component id="oc-2d3">
         <name>.text:TimerConfigure</name>
         <load_address>0x2000e430</load_address>
         <run_address>0x2000e430</run_address>
         <size>0x44</size>
         <input_file_ref idref="fl-16f"/>
      </object_component>
      <object_component id="oc-7c5">
         <name>.text:cc_SetupTransfer</name>
         <load_address>0x2000e474</load_address>
         <run_address>0x2000e474</run_address>
         <size>0x44</size>
         <input_file_ref idref="fl-168"/>
      </object_component>
      <object_component id="oc-78">
         <name>.text</name>
         <load_address>0x2000e4b8</load_address>
         <run_address>0x2000e4b8</run_address>
         <size>0x44</size>
         <input_file_ref idref="fl-13a"/>
      </object_component>
      <object_component id="oc-2ce">
         <name>.text</name>
         <load_address>0x2000e4fc</load_address>
         <run_address>0x2000e4fc</run_address>
         <size>0x44</size>
         <input_file_ref idref="fl-13c"/>
      </object_component>
      <object_component id="oc-4da">
         <name>.text:PinModeSet</name>
         <load_address>0x2000e540</load_address>
         <run_address>0x2000e540</run_address>
         <size>0x40</size>
         <input_file_ref idref="fl-16c"/>
      </object_component>
      <object_component id="oc-837">
         <name>.text</name>
         <load_address>0x2000e580</load_address>
         <run_address>0x2000e580</run_address>
         <size>0x40</size>
         <input_file_ref idref="fl-15f"/>
      </object_component>
      <object_component id="oc-7ff">
         <name>.text:CopyPingResultsToReport</name>
         <load_address>0x2000e5c0</load_address>
         <run_address>0x2000e5c0</run_address>
         <size>0x3c</size>
         <input_file_ref idref="fl-164"/>
      </object_component>
      <object_component id="oc-2f1">
         <name>.text:PRCMPeripheralClkEnable</name>
         <load_address>0x2000e5fc</load_address>
         <run_address>0x2000e5fc</run_address>
         <size>0x3c</size>
         <input_file_ref idref="fl-16d"/>
      </object_component>
      <object_component id="oc-24">
         <name>.text</name>
         <load_address>0x2000e638</load_address>
         <run_address>0x2000e638</run_address>
         <size>0x3c</size>
         <input_file_ref idref="fl-135"/>
      </object_component>
      <object_component id="oc-81c">
         <name>.text:uDMAChannelControlSet</name>
         <load_address>0x2000e674</load_address>
         <run_address>0x2000e674</run_address>
         <size>0x3c</size>
         <input_file_ref idref="fl-171"/>
      </object_component>
      <object_component id="oc-1de">
         <name>.text:ADCChannelEnable</name>
         <load_address>0x2000e6b0</load_address>
         <run_address>0x2000e6b0</run_address>
         <size>0x38</size>
         <input_file_ref idref="fl-169"/>
      </object_component>
      <object_component id="oc-357">
         <name>.text:NwpPowerOff</name>
         <load_address>0x2000e6e8</load_address>
         <run_address>0x2000e6e8</run_address>
         <size>0x38</size>
         <input_file_ref idref="fl-168"/>
      </object_component>
      <object_component id="oc-f2">
         <name>.text</name>
         <load_address>0x2000e720</load_address>
         <run_address>0x2000e720</run_address>
         <size>0x38</size>
         <input_file_ref idref="fl-17a"/>
      </object_component>
      <object_component id="oc-48f">
         <name>.text:GPIODirModeSet</name>
         <load_address>0x2000e758</load_address>
         <run_address>0x2000e758</run_address>
         <size>0x36</size>
         <input_file_ref idref="fl-16a"/>
      </object_component>
      <object_component id="oc-2df">
         <name>.text:TimerControlLevel</name>
         <load_address>0x2000e78e</load_address>
         <run_address>0x2000e78e</run_address>
         <size>0x36</size>
         <input_file_ref idref="fl-16f"/>
      </object_component>
      <object_component id="oc-17d">
         <name>.text:sl_NetAppMDNSUnRegisterService</name>
         <load_address>0x2000e7c4</load_address>
         <run_address>0x2000e7c4</run_address>
         <size>0x36</size>
         <input_file_ref idref="fl-164"/>
      </object_component>
      <object_component id="oc-527">
         <name>.text:PRCMPeripheralStatusGet</name>
         <load_address>0x2000e7fc</load_address>
         <run_address>0x2000e7fc</run_address>
         <size>0x34</size>
         <input_file_ref idref="fl-16d"/>
      </object_component>
      <object_component id="oc-53f">
         <name>.text:SPIFIFOLevelSet</name>
         <load_address>0x2000e830</load_address>
         <run_address>0x2000e830</run_address>
         <size>0x34</size>
         <input_file_ref idref="fl-16e"/>
      </object_component>
      <object_component id="oc-78f">
         <name>.text</name>
         <load_address>0x2000e864</load_address>
         <run_address>0x2000e864</run_address>
         <size>0x34</size>
         <input_file_ref idref="fl-15d"/>
      </object_component>
      <object_component id="oc-489">
         <name>.text:PinTypeGPIO</name>
         <load_address>0x2000e898</load_address>
         <run_address>0x2000e898</run_address>
         <size>0x30</size>
         <input_file_ref idref="fl-16c"/>
      </object_component>
      <object_component id="oc-4a0">
         <name>.text:UARTDisable</name>
         <load_address>0x2000e8c8</load_address>
         <run_address>0x2000e8c8</run_address>
         <size>0x30</size>
         <input_file_ref idref="fl-170"/>
      </object_component>
      <object_component id="oc-6f7">
         <name>.text:_SlDrvDeviceEventHandler</name>
         <load_address>0x2000e8f8</load_address>
         <run_address>0x2000e8f8</run_address>
         <size>0x30</size>
         <input_file_ref idref="fl-161"/>
      </object_component>
      <object_component id="oc-5fa">
         <name>.text:_sl_Strlen</name>
         <load_address>0x2000e928</load_address>
         <run_address>0x2000e928</run_address>
         <size>0x30</size>
         <input_file_ref idref="fl-163"/>
      </object_component>
      <object_component id="oc-71f">
         <name>.text</name>
         <load_address>0x2000e958</load_address>
         <run_address>0x2000e958</run_address>
         <size>0x30</size>
         <input_file_ref idref="fl-15a"/>
      </object_component>
      <object_component id="oc-3e8">
         <name>.text:sl_WlanProfileDel</name>
         <load_address>0x2000e988</load_address>
         <run_address>0x2000e988</run_address>
         <size>0x30</size>
         <input_file_ref idref="fl-167"/>
      </object_component>
      <object_component id="oc-153">
         <name>.text:sl_WlanSetMode</name>
         <load_address>0x2000e9b8</load_address>
         <run_address>0x2000e9b8</run_address>
         <size>0x30</size>
         <input_file_ref idref="fl-167"/>
      </object_component>
      <object_component id="oc-65d">
         <name>.text</name>
         <load_address>0x2000e9e8</load_address>
         <run_address>0x2000e9e8</run_address>
         <size>0x2e</size>
         <input_file_ref idref="fl-151"/>
      </object_component>
      <object_component id="oc-7de">
         <name>.text</name>
         <load_address>0x2000ea16</load_address>
         <run_address>0x2000ea16</run_address>
         <size>0x2e</size>
         <input_file_ref idref="fl-15e"/>
      </object_component>
      <object_component id="oc-557">
         <name>.text:DmaSpiSwIntHandler</name>
         <load_address>0x2000ea44</load_address>
         <run_address>0x2000ea44</run_address>
         <size>0x2c</size>
         <input_file_ref idref="fl-168"/>
      </object_component>
      <object_component id="oc-363">
         <name>.text:NwpPowerOn</name>
         <load_address>0x2000ea70</load_address>
         <run_address>0x2000ea70</run_address>
         <size>0x2c</size>
         <input_file_ref idref="fl-168"/>
      </object_component>
      <object_component id="oc-476">
         <name>.text:PRCMSysResetCauseGet</name>
         <load_address>0x2000ea9c</load_address>
         <run_address>0x2000ea9c</run_address>
         <size>0x2c</size>
         <input_file_ref idref="fl-16d"/>
      </object_component>
      <object_component id="oc-2e5">
         <name>.text:TimerLoadSet</name>
         <load_address>0x2000eac8</load_address>
         <run_address>0x2000eac8</run_address>
         <size>0x2a</size>
         <input_file_ref idref="fl-16f"/>
      </object_component>
      <object_component id="oc-2eb">
         <name>.text:TimerMatchSet</name>
         <load_address>0x2000eaf2</load_address>
         <run_address>0x2000eaf2</run_address>
         <size>0x2a</size>
         <input_file_ref idref="fl-16f"/>
      </object_component>
      <object_component id="oc-2d9">
         <name>.text:TimerPrescaleSet</name>
         <load_address>0x2000eb1c</load_address>
         <run_address>0x2000eb1c</run_address>
         <size>0x2a</size>
         <input_file_ref idref="fl-16f"/>
      </object_component>
      <object_component id="oc-674">
         <name>.text</name>
         <load_address>0x2000eb46</load_address>
         <run_address>0x2000eb46</run_address>
         <size>0x2a</size>
         <input_file_ref idref="fl-157"/>
      </object_component>
      <object_component id="oc-470">
         <name>.text:PRCMPeripheralClkDisable</name>
         <load_address>0x2000eb70</load_address>
         <run_address>0x2000eb70</run_address>
         <size>0x28</size>
         <input_file_ref idref="fl-16d"/>
      </object_component>
      <object_component id="oc-196">
         <name>.text:sl_NetAppStart</name>
         <load_address>0x2000eb98</load_address>
         <run_address>0x2000eb98</run_address>
         <size>0x28</size>
         <input_file_ref idref="fl-164"/>
      </object_component>
      <object_component id="oc-190">
         <name>.text:sl_NetAppStop</name>
         <load_address>0x2000ebc0</load_address>
         <run_address>0x2000ebc0</run_address>
         <size>0x28</size>
         <input_file_ref idref="fl-164"/>
      </object_component>
      <object_component id="oc-35d">
         <name>.text:NwpRegisterInterruptHandler</name>
         <load_address>0x2000ebe8</load_address>
         <run_address>0x2000ebe8</run_address>
         <size>0x26</size>
         <input_file_ref idref="fl-168"/>
      </object_component>
      <object_component id="oc-32f">
         <name>.text:IntUnregister</name>
         <load_address>0x2000ec10</load_address>
         <run_address>0x2000ec10</run_address>
         <size>0x24</size>
         <input_file_ref idref="fl-16b"/>
      </object_component>
      <object_component id="oc-4a6">
         <name>.text:UARTEnable</name>
         <load_address>0x2000ec34</load_address>
         <run_address>0x2000ec34</run_address>
         <size>0x24</size>
         <input_file_ref idref="fl-170"/>
      </object_component>
      <object_component id="oc-56c">
         <name>.text:_SlDrvProtectionObjLockWaitForever</name>
         <load_address>0x2000ec58</load_address>
         <run_address>0x2000ec58</run_address>
         <size>0x24</size>
         <input_file_ref idref="fl-162"/>
      </object_component>
      <object_component id="oc-296">
         <name>.text</name>
         <load_address>0x2000ec7c</load_address>
         <run_address>0x2000ec7c</run_address>
         <size>0x24</size>
         <input_file_ref idref="fl-13f"/>
      </object_component>
      <object_component id="oc-51b">
         <name>.text:SPIReset</name>
         <load_address>0x2000eca0</load_address>
         <run_address>0x2000eca0</run_address>
         <size>0x22</size>
         <input_file_ref idref="fl-16e"/>
      </object_component>
      <object_component id="oc-764">
         <name>.text:SPIWordCountSet</name>
         <load_address>0x2000ecc2</load_address>
         <run_address>0x2000ecc2</run_address>
         <size>0x22</size>
         <input_file_ref idref="fl-16e"/>
      </object_component>
      <object_component id="oc-662">
         <name>.text</name>
         <load_address>0x2000ece4</load_address>
         <run_address>0x2000ece4</run_address>
         <size>0x22</size>
         <input_file_ref idref="fl-150"/>
      </object_component>
      <object_component id="oc-13a">
         <name>.text</name>
         <load_address>0x2000ed06</load_address>
         <run_address>0x2000ed06</run_address>
         <size>0x22</size>
         <input_file_ref idref="fl-13d"/>
      </object_component>
      <object_component id="oc-1a2">
         <name>.text:GPIOPinWrite</name>
         <load_address>0x2000ed28</load_address>
         <run_address>0x2000ed28</run_address>
         <size>0x20</size>
         <input_file_ref idref="fl-16a"/>
      </object_component>
      <object_component id="oc-31d">
         <name>.text:IntRegister</name>
         <load_address>0x2000ed48</load_address>
         <run_address>0x2000ed48</run_address>
         <size>0x20</size>
         <input_file_ref idref="fl-16b"/>
      </object_component>
      <object_component id="oc-572">
         <name>.text:_SlDrvProtectionObjUnLock</name>
         <load_address>0x2000ed68</load_address>
         <run_address>0x2000ed68</run_address>
         <size>0x20</size>
         <input_file_ref idref="fl-162"/>
      </object_component>
      <object_component id="oc-2c4">
         <name>.text</name>
         <load_address>0x2000ed88</load_address>
         <run_address>0x2000ed88</run_address>
         <size>0x20</size>
         <input_file_ref idref="fl-145"/>
      </object_component>
      <object_component id="oc-303">
         <name>.text:TimerDisable</name>
         <load_address>0x2000eda8</load_address>
         <run_address>0x2000eda8</run_address>
         <size>0x1e</size>
         <input_file_ref idref="fl-16f"/>
      </object_component>
      <object_component id="oc-2fd">
         <name>.text:TimerEnable</name>
         <load_address>0x2000edc6</load_address>
         <run_address>0x2000edc6</run_address>
         <size>0x1e</size>
         <input_file_ref idref="fl-16f"/>
      </object_component>
      <object_component id="oc-42e">
         <name>.text:TimerIntStatus</name>
         <load_address>0x2000ede4</load_address>
         <run_address>0x2000ede4</run_address>
         <size>0x1e</size>
         <input_file_ref idref="fl-16f"/>
      </object_component>
      <object_component id="oc-27e">
         <name>.text:UARTCharPut</name>
         <load_address>0x2000ee02</load_address>
         <run_address>0x2000ee02</run_address>
         <size>0x1e</size>
         <input_file_ref idref="fl-170"/>
      </object_component>
      <object_component id="oc-52d">
         <name>.text:cc_UDMAChannelSelect</name>
         <load_address>0x2000ee20</load_address>
         <run_address>0x2000ee20</run_address>
         <size>0x1e</size>
         <input_file_ref idref="fl-168"/>
      </object_component>
      <object_component id="oc-446">
         <name>.text:TimerValueGet</name>
         <load_address>0x2000ee3e</load_address>
         <run_address>0x2000ee3e</run_address>
         <size>0x1c</size>
         <input_file_ref idref="fl-16f"/>
      </object_component>
      <object_component id="oc-290">
         <name>.text:UARTCharGetNonBlocking</name>
         <load_address>0x2000ee5a</load_address>
         <run_address>0x2000ee5a</run_address>
         <size>0x1c</size>
         <input_file_ref idref="fl-170"/>
      </object_component>
      <object_component id="oc-5b0">
         <name>.text:_SlDrvObjLockWaitForever</name>
         <load_address>0x2000ee76</load_address>
         <run_address>0x2000ee76</run_address>
         <size>0x1c</size>
         <input_file_ref idref="fl-162"/>
      </object_component>
      <object_component id="oc-369">
         <name>.text:_SlDrvSyncObjWaitForever</name>
         <load_address>0x2000ee92</load_address>
         <run_address>0x2000ee92</run_address>
         <size>0x1c</size>
         <input_file_ref idref="fl-162"/>
      </object_component>
      <object_component id="oc-67a">
         <name>.text</name>
         <load_address>0x2000eeae</load_address>
         <run_address>0x2000eeae</run_address>
         <size>0x1c</size>
         <input_file_ref idref="fl-154"/>
      </object_component>
      <object_component id="oc-82e">
         <name>.text:uDMAChannelEnable</name>
         <load_address>0x2000eecc</load_address>
         <run_address>0x2000eecc</run_address>
         <size>0x1c</size>
         <input_file_ref idref="fl-171"/>
      </object_component>
      <object_component id="oc-1d3">
         <name>.text:GPIOIntEnable</name>
         <load_address>0x2000eee8</load_address>
         <run_address>0x2000eee8</run_address>
         <size>0x1a</size>
         <input_file_ref idref="fl-16a"/>
      </object_component>
      <object_component id="oc-2f7">
         <name>.text:PinTypeTimer</name>
         <load_address>0x2000ef02</load_address>
         <run_address>0x2000ef02</run_address>
         <size>0x1a</size>
         <input_file_ref idref="fl-16c"/>
      </object_component>
      <object_component id="oc-483">
         <name>.text:PinTypeUART</name>
         <load_address>0x2000ef1c</load_address>
         <run_address>0x2000ef1c</run_address>
         <size>0x1a</size>
         <input_file_ref idref="fl-16c"/>
      </object_component>
      <object_component id="oc-5d3">
         <name>.text:SPIDmaDisable</name>
         <load_address>0x2000ef36</load_address>
         <run_address>0x2000ef36</run_address>
         <size>0x1a</size>
         <input_file_ref idref="fl-16e"/>
      </object_component>
      <object_component id="oc-539">
         <name>.text:SPIDmaEnable</name>
         <load_address>0x2000ef50</load_address>
         <run_address>0x2000ef50</run_address>
         <size>0x1a</size>
         <input_file_ref idref="fl-16e"/>
      </object_component>
      <object_component id="oc-5cd">
         <name>.text:SPIFIFODisable</name>
         <load_address>0x2000ef6a</load_address>
         <run_address>0x2000ef6a</run_address>
         <size>0x1a</size>
         <input_file_ref idref="fl-16e"/>
      </object_component>
      <object_component id="oc-533">
         <name>.text:SPIFIFOEnable</name>
         <load_address>0x2000ef84</load_address>
         <run_address>0x2000ef84</run_address>
         <size>0x1a</size>
         <input_file_ref idref="fl-16e"/>
      </object_component>
      <object_component id="oc-1c7">
         <name>.text:GPIOPinRead</name>
         <load_address>0x2000ef9e</load_address>
         <run_address>0x2000ef9e</run_address>
         <size>0x18</size>
         <input_file_ref idref="fl-16a"/>
      </object_component>
      <object_component id="oc-50f">
         <name>.text:SPICSDisable</name>
         <load_address>0x2000efb6</load_address>
         <run_address>0x2000efb6</run_address>
         <size>0x18</size>
         <input_file_ref idref="fl-16e"/>
      </object_component>
      <object_component id="oc-75e">
         <name>.text:SPICSEnable</name>
         <load_address>0x2000efce</load_address>
         <run_address>0x2000efce</run_address>
         <size>0x18</size>
         <input_file_ref idref="fl-16e"/>
      </object_component>
      <object_component id="oc-515">
         <name>.text:SPIDisable</name>
         <load_address>0x2000efe6</load_address>
         <run_address>0x2000efe6</run_address>
         <size>0x18</size>
         <input_file_ref idref="fl-16e"/>
      </object_component>
      <object_component id="oc-54b">
         <name>.text:SPIEnable</name>
         <load_address>0x2000effe</load_address>
         <run_address>0x2000effe</run_address>
         <size>0x18</size>
         <input_file_ref idref="fl-16e"/>
      </object_component>
      <object_component id="oc-43a">
         <name>.text:TimerIntDisable</name>
         <load_address>0x2000f016</load_address>
         <run_address>0x2000f016</run_address>
         <size>0x18</size>
         <input_file_ref idref="fl-16f"/>
      </object_component>
      <object_component id="oc-428">
         <name>.text:TimerIntEnable</name>
         <load_address>0x2000f02e</load_address>
         <run_address>0x2000f02e</run_address>
         <size>0x18</size>
         <input_file_ref idref="fl-16f"/>
      </object_component>
      <object_component id="oc-28a">
         <name>.text:UARTCharsAvail</name>
         <load_address>0x2000f046</load_address>
         <run_address>0x2000f046</run_address>
         <size>0x18</size>
         <input_file_ref idref="fl-170"/>
      </object_component>
      <object_component id="oc-5c2">
         <name>.text:_SlDrvObjUnLock</name>
         <load_address>0x2000f05e</load_address>
         <run_address>0x2000f05e</run_address>
         <size>0x18</size>
         <input_file_ref idref="fl-162"/>
      </object_component>
      <object_component id="oc-595">
         <name>.text:_SlDrvSyncObjSignal</name>
         <load_address>0x2000f076</load_address>
         <run_address>0x2000f076</run_address>
         <size>0x18</size>
         <input_file_ref idref="fl-162"/>
      </object_component>
      <object_component id="oc-375">
         <name>.text:_sl_GetStartResponseConvert</name>
         <load_address>0x2000f090</load_address>
         <run_address>0x2000f090</run_address>
         <size>0x18</size>
         <input_file_ref idref="fl-161"/>
      </object_component>
      <object_component id="oc-72">
         <name>.text</name>
         <load_address>0x2000f0a8</load_address>
         <run_address>0x2000f0a8</run_address>
         <size>0x18</size>
         <input_file_ref idref="fl-149"/>
      </object_component>
      <object_component id="oc-464">
         <name>.text:PRCMHIBRegRead</name>
         <load_address>0x2000f0c0</load_address>
         <run_address>0x2000f0c0</run_address>
         <size>0x16</size>
         <input_file_ref idref="fl-16d"/>
      </object_component>
      <object_component id="oc-46a">
         <name>.text:PRCMHIBRegWrite</name>
         <load_address>0x2000f0d6</load_address>
         <run_address>0x2000f0d6</run_address>
         <size>0x16</size>
         <input_file_ref idref="fl-16d"/>
      </object_component>
      <object_component id="oc-502">
         <name>.text:_SlDrvMemZero</name>
         <load_address>0x2000f0ec</load_address>
         <run_address>0x2000f0ec</run_address>
         <size>0x16</size>
         <input_file_ref idref="fl-162"/>
      </object_component>
      <object_component id="oc-66e">
         <name>.text</name>
         <load_address>0x2000f102</load_address>
         <run_address>0x2000f102</run_address>
         <size>0x16</size>
         <input_file_ref idref="fl-155"/>
      </object_component>
      <object_component id="oc-1e4">
         <name>.text:ADCEnable</name>
         <load_address>0x2000f118</load_address>
         <run_address>0x2000f118</run_address>
         <size>0x14</size>
         <input_file_ref idref="fl-169"/>
      </object_component>
      <object_component id="oc-459">
         <name>.text:CPUcpsie</name>
         <load_address>0x2000f12c</load_address>
         <run_address>0x2000f12c</run_address>
         <size>0x14</size>
         <input_file_ref idref="fl-173"/>
      </object_component>
      <object_component id="oc-1cd">
         <name>.text:GPIOIntClear</name>
         <load_address>0x2000f140</load_address>
         <run_address>0x2000f140</run_address>
         <size>0x14</size>
         <input_file_ref idref="fl-16a"/>
      </object_component>
      <object_component id="oc-1ea">
         <name>.text:IntVTableBaseSet</name>
         <load_address>0x2000f154</load_address>
         <run_address>0x2000f154</run_address>
         <size>0x14</size>
         <input_file_ref idref="fl-16b"/>
      </object_component>
      <object_component id="oc-47d">
         <name>.text:PinTypeADC</name>
         <load_address>0x2000f168</load_address>
         <run_address>0x2000f168</run_address>
         <size>0x14</size>
         <input_file_ref idref="fl-16c"/>
      </object_component>
      <object_component id="oc-236">
         <name>.text</name>
         <load_address>0x2000f17c</load_address>
         <run_address>0x2000f17c</run_address>
         <size>0x14</size>
         <input_file_ref idref="fl-147"/>
      </object_component>
      <object_component id="oc-134">
         <name>.text</name>
         <load_address>0x2000f190</load_address>
         <run_address>0x2000f190</run_address>
         <size>0x14</size>
         <input_file_ref idref="fl-144"/>
      </object_component>
      <object_component id="oc-434">
         <name>.text:TimerIntClear</name>
         <load_address>0x2000f1a4</load_address>
         <run_address>0x2000f1a4</run_address>
         <size>0x12</size>
         <input_file_ref idref="fl-16f"/>
      </object_component>
      <object_component id="oc-3b0">
         <name>.text:_SlDrvResetCmdExt</name>
         <load_address>0x2000f1b6</load_address>
         <run_address>0x2000f1b6</run_address>
         <size>0xe</size>
         <input_file_ref idref="fl-162"/>
      </object_component>
      <object_component id="oc-12">
         <name>.text:decompress:none</name>
         <load_address>0x2000f1c4</load_address>
         <run_address>0x2000f1c4</run_address>
         <size>0xe</size>
         <input_file_ref idref="fl-136"/>
      </object_component>
      <object_component id="oc-2d">
         <name>.text</name>
         <load_address>0x2000f1d2</load_address>
         <run_address>0x2000f1d2</run_address>
         <size>0xe</size>
         <input_file_ref idref="fl-9"/>
      </object_component>
      <object_component id="oc-579">
         <name>.text:NwpMaskInterrupt</name>
         <load_address>0x2000f1e0</load_address>
         <run_address>0x2000f1e0</run_address>
         <size>0xc</size>
         <input_file_ref idref="fl-168"/>
      </object_component>
      <object_component id="oc-587">
         <name>.text:NwpUnMaskInterrupt</name>
         <load_address>0x2000f1ec</load_address>
         <run_address>0x2000f1ec</run_address>
         <size>0xc</size>
         <input_file_ref idref="fl-168"/>
      </object_component>
      <object_component id="oc-1e">
         <name>.text:decompress:ZI</name>
         <load_address>0x2000f1f8</load_address>
         <run_address>0x2000f1f8</run_address>
         <size>0xc</size>
         <input_file_ref idref="fl-138"/>
      </object_component>
      <object_component id="oc-16b">
         <name>.text:sl_WlanDisconnect</name>
         <load_address>0x2000f204</load_address>
         <run_address>0x2000f204</run_address>
         <size>0xc</size>
         <input_file_ref idref="fl-167"/>
      </object_component>
      <object_component id="oc-3f4">
         <name>.text:sl_WlanSmartConfigStop</name>
         <load_address>0x2000f210</load_address>
         <run_address>0x2000f210</run_address>
         <size>0xc</size>
         <input_file_ref idref="fl-167"/>
      </object_component>
      <object_component id="oc-1f0">
         <name>.text:IntMasterEnable</name>
         <load_address>0x2000f21c</load_address>
         <run_address>0x2000f21c</run_address>
         <size>0xa</size>
         <input_file_ref idref="fl-16b"/>
      </object_component>
      <object_component id="oc-1ae">
         <name>.text:UtilsDelay</name>
         <load_address>0x2000f226</load_address>
         <run_address>0x2000f226</run_address>
         <size>0x6</size>
         <input_file_ref idref="fl-172"/>
      </object_component>
      <object_component id="oc-18">
         <name>.text:decompress:rle24</name>
         <load_address>0x2000f22c</load_address>
         <run_address>0x2000f22c</run_address>
         <size>0x6</size>
         <input_file_ref idref="fl-137"/>
      </object_component>
      <object_component id="oc-66">
         <name>.text</name>
         <load_address>0x2000f232</load_address>
         <run_address>0x2000f232</run_address>
         <size>0x4</size>
         <input_file_ref idref="fl-142"/>
      </object_component>
      <object_component id="oc-44e">
         <name>.const:.string:_ctypes_</name>
         <load_address>0x2000f238</load_address>
         <run_address>0x2000f238</run_address>
         <size>0x101</size>
         <input_file_ref idref="fl-139"/>
      </object_component>
      <object_component id="oc-496">
         <name>.const:g_ulPinToPadMap</name>
         <load_address>0x2000f33c</load_address>
         <run_address>0x2000f33c</run_address>
         <size>0x100</size>
         <input_file_ref idref="fl-16c"/>
      </object_component>
      <object_component id="oc-4ee">
         <name>.const:g_pulRegs</name>
         <load_address>0x2000f43c</load_address>
         <run_address>0x2000f43c</run_address>
         <size>0xd4</size>
         <input_file_ref idref="fl-16b"/>
      </object_component>
      <object_component id="oc-49a">
         <name>.const:PRCM_PeriphRegsList</name>
         <load_address>0x2000f510</load_address>
         <run_address>0x2000f510</run_address>
         <size>0xa8</size>
         <input_file_ref idref="fl-16d"/>
      </object_component>
      <object_component id="oc-460">
         <name>.const</name>
         <load_address>0x2000f5b8</load_address>
         <run_address>0x2000f5b8</run_address>
         <size>0x80</size>
         <input_file_ref idref="fl-16b"/>
      </object_component>
      <object_component id="oc-754">
         <name>.const:OpcodeTranslateTable</name>
         <load_address>0x2000f638</load_address>
         <run_address>0x2000f638</run_address>
         <size>0x3c</size>
         <input_file_ref idref="fl-162"/>
      </object_component>
      <object_component id="oc-391">
         <name>.const</name>
         <load_address>0x2000f674</load_address>
         <run_address>0x2000f674</run_address>
         <size>0x3c</size>
         <input_file_ref idref="fl-167"/>
      </object_component>
      <object_component id="oc-421">
         <name>.const:.string</name>
         <load_address>0x2000f6b0</load_address>
         <run_address>0x2000f6b0</run_address>
         <size>0x38</size>
         <input_file_ref idref="fl-3"/>
      </object_component>
      <object_component id="oc-7bf">
         <name>.const:_SlActionLookupTable</name>
         <load_address>0x2000f6e8</load_address>
         <run_address>0x2000f6e8</run_address>
         <size>0x38</size>
         <input_file_ref idref="fl-162"/>
      </object_component>
      <object_component id="oc-5f5">
         <name>.const</name>
         <load_address>0x2000f720</load_address>
         <run_address>0x2000f720</run_address>
         <size>0x38</size>
         <input_file_ref idref="fl-163"/>
      </object_component>
      <object_component id="oc-5de">
         <name>.const</name>
         <load_address>0x2000f758</load_address>
         <run_address>0x2000f758</run_address>
         <size>0x34</size>
         <input_file_ref idref="fl-162"/>
      </object_component>
      <object_component id="oc-1af">
         <name>.const:.string</name>
         <load_address>0x2000f78c</load_address>
         <run_address>0x2000f78c</run_address>
         <size>0x31</size>
         <input_file_ref idref="fl-5"/>
      </object_component>
      <object_component id="oc-189">
         <name>.const:$P$T1$2</name>
         <load_address>0x2000f7c0</load_address>
         <run_address>0x2000f7c0</run_address>
         <size>0x2c</size>
         <input_file_ref idref="fl-5"/>
      </object_component>
      <object_component id="oc-3dc">
         <name>.const</name>
         <load_address>0x2000f7ec</load_address>
         <run_address>0x2000f7ec</run_address>
         <size>0x28</size>
         <input_file_ref idref="fl-164"/>
      </object_component>
      <object_component id="oc-3fa">
         <name>.const:.string</name>
         <load_address>0x2000f814</load_address>
         <run_address>0x2000f814</run_address>
         <size>0x23</size>
[...]
         <name>osi_TaskEnable</name>
         <value>0x20009367</value>
         <object_component_ref idref="oc-146"/>
      </symbol>
      <symbol id="sm-132b">
         <name>osi_TaskDelete</name>
         <value>0x200090c7</value>
         <object_component_ref idref="oc-146"/>
      </symbol>
      <symbol id="sm-132c">
         <name>xHigherPriorityTaskWoken</name>
         <value>0x2001f5bc</value>
         <object_component_ref idref="oc-33b"/>
      </symbol>
      <symbol id="sm-132d">
         <name>osi_InterruptRegister</name>
         <value>0x20008f31</value>
         <object_component_ref idref="oc-146"/>
      </symbol>
      <symbol id="sm-132e">
         <name>mem_set</name>
         <value>0x20009309</value>
         <object_component_ref idref="oc-146"/>
      </symbol>
      <symbol id="sm-132f">
         <name>osi_LockObjCreate</name>
         <value>0x20009061</value>
         <object_component_ref idref="oc-146"/>
      </symbol>
      <symbol id="sm-1330">
         <name>osi_SyncObjSignal</name>
         <value>0x20008fb3</value>
         <object_component_ref idref="oc-146"/>
      </symbol>
      <symbol id="sm-1331">
         <name>mem_Malloc</name>
         <value>0x200092f1</value>
         <object_component_ref idref="oc-146"/>
      </symbol>
      <symbol id="sm-1332">
         <name>osi_SyncObjCreate</name>
         <value>0x20008f69</value>
         <object_component_ref idref="oc-146"/>
      </symbol>
      <symbol id="sm-1333">
         <name>osi_SyncObjWait</name>
         <value>0x20009013</value>
         <object_component_ref idref="oc-146"/>
      </symbol>
      <symbol id="sm-1334">
         <name>osi_SyncObjSignalFromISR</name>
         <value>0x20008fdb</value>
         <object_component_ref idref="oc-146"/>
      </symbol>
      <symbol id="sm-1335">
         <name>osi_ContextRestore</name>
         <value>0x20009373</value>
         <object_component_ref idref="oc-146"/>
      </symbol>
      <symbol id="sm-1336">
         <name>osi_start</name>
         <value>0x20009345</value>
         <object_component_ref idref="oc-146"/>
      </symbol>
      <symbol id="sm-1337">
         <name>osi_EnterCritical</name>
         <value>0x20009331</value>
         <object_component_ref idref="oc-146"/>
      </symbol>
      <symbol id="sm-1338">
         <name>osi_TaskCreate</name>
         <value>0x20009087</value>
         <object_component_ref idref="oc-146"/>
      </symbol>
      <symbol id="sm-1339">
         <name>osi_MsgQRead</name>
         <value>0x200092b5</value>
         <object_component_ref idref="oc-146"/>
      </symbol>
      <symbol id="sm-133a">
         <name>osi_MsgQCreate</name>
         <value>0x20009225</value>
         <object_component_ref idref="oc-146"/>
      </symbol>
      <symbol id="sm-133b">
         <name>osi_ExitCritical</name>
         <value>0x2000933b</value>
         <object_component_ref idref="oc-146"/>
      </symbol>
      <symbol id="sm-133c">
         <name>osi_LockObjLock</name>
         <value>0x200090e5</value>
         <object_component_ref idref="oc-146"/>
      </symbol>
      <symbol id="sm-133d">
         <name>VDeleteSimpleLinkSpawnTask</name>
         <value>0x200091f9</value>
         <object_component_ref idref="oc-146"/>
      </symbol>
      <symbol id="sm-133e">
         <name>osi_SyncObjClear</name>
         <value>0x2000903f</value>
         <object_component_ref idref="oc-146"/>
      </symbol>
      <symbol id="sm-133f">
         <name>VStartSimpleLinkSpawnTask</name>
         <value>0x200091a9</value>
         <object_component_ref idref="oc-146"/>
      </symbol>
      <symbol id="sm-1340">
         <name>osi_MsgQWrite</name>
         <value>0x20009283</value>
         <object_component_ref idref="oc-146"/>
      </symbol>
      <symbol id="sm-1341">
         <name>osi_Sleep</name>
         <value>0x2000934d</value>
         <object_component_ref idref="oc-146"/>
      </symbol>
      <symbol id="sm-1342">
         <name>osi_SyncObjDelete</name>
         <value>0x20008f99</value>
         <object_component_ref idref="oc-146"/>
      </symbol>
      <symbol id="sm-1343">
         <name>osi_TaskDisable</name>
         <value>0x2000935d</value>
         <object_component_ref idref="oc-146"/>
      </symbol>
      <symbol id="sm-1344">
         <name>osi_Spawn</name>
         <value>0x2000913b</value>
         <object_component_ref idref="oc-146"/>
      </symbol>
      <symbol id="sm-1345">
         <name>mem_Free</name>
         <value>0x200092fd</value>
         <object_component_ref idref="oc-146"/>
      </symbol>
      <symbol id="sm-1346">
         <name>osi_ContextSave</name>
         <value>0x20009371</value>
         <object_component_ref idref="oc-146"/>
      </symbol>
      <symbol id="sm-1347">
         <name>xSimpleLinkSpawnQueue</name>
         <value>0x2001f5c0</value>
         <object_component_ref idref="oc-33b"/>
      </symbol>
      <symbol id="sm-1348">
         <name>xSimpleLinkSpawnTaskHndl</name>
         <value>0x2001f5c4</value>
         <object_component_ref idref="oc-33b"/>
      </symbol>
      <symbol id="sm-1370">
         <name>vPortSetupTimerInterrupt</name>
         <value>0x2000b74d</value>
         <object_component_ref idref="oc-38"/>
      </symbol>
      <symbol id="sm-1371">
         <name>vPortEndScheduler</name>
         <value>0x2000b6ed</value>
         <object_component_ref idref="oc-38"/>
      </symbol>
      <symbol id="sm-1372">
         <name>vPortYield</name>
         <value>0x2000b6ef</value>
         <object_component_ref idref="oc-38"/>
      </symbol>
      <symbol id="sm-1373">
         <name>xPortSysTickHandler</name>
         <value>0x2000b731</value>
         <object_component_ref idref="oc-38"/>
      </symbol>
      <symbol id="sm-1374">
         <name>pxPortInitialiseStack</name>
         <value>0x2000b671</value>
         <object_component_ref idref="oc-38"/>
      </symbol>
      <symbol id="sm-1375">
         <name>vPortExitCritical</name>
         <value>0x2000b719</value>
         <object_component_ref idref="oc-38"/>
      </symbol>
      <symbol id="sm-1376">
         <name>xPortStartScheduler</name>
         <value>0x2000b6c1</value>
         <object_component_ref idref="oc-38"/>
      </symbol>
      <symbol id="sm-1377">
         <name>vPortEnterCritical</name>
         <value>0x2000b701</value>
         <object_component_ref idref="oc-38"/>
      </symbol>
      <symbol id="sm-1388">
         <name>portCLZ</name>
         <value>0x2000c719</value>
         <object_component_ref idref="oc-33"/>
      </symbol>
      <symbol id="sm-1389">
         <name>xPortPendSVHandler</name>
         <value>0x2000c68d</value>
         <object_component_ref idref="oc-33"/>
      </symbol>
      <symbol id="sm-138a">
         <name>vPortClearInterruptMask</name>
         <value>0x2000c67f</value>
         <object_component_ref idref="oc-33"/>
      </symbol>
      <symbol id="sm-138b">
         <name>ulPortSetInterruptMask</name>
         <value>0x2000c669</value>
         <object_component_ref idref="oc-33"/>
      </symbol>
      <symbol id="sm-138c">
         <name>prvPortStartFirstTask</name>
         <value>0x2000c701</value>
         <object_component_ref idref="oc-33"/>
      </symbol>
      <symbol id="sm-138d">
         <name>vPortSVCHandler</name>
         <value>0x2000c6d9</value>
         <object_component_ref idref="oc-33"/>
      </symbol>
      <symbol id="sm-143c">
         <name>xQueuePeekFromISR</name>
         <value>0x200084d1</value>
         <object_component_ref idref="oc-335"/>
      </symbol>
      <symbol id="sm-143d">
         <name>xQueueIsQueueEmptyFromISR</name>
         <value>0x20008757</value>
         <object_component_ref idref="oc-335"/>
      </symbol>
      <symbol id="sm-143e">
         <name>xQueueGenericSendFromISR</name>
         <value>0x2000827b</value>
         <object_component_ref idref="oc-335"/>
      </symbol>
      <symbol id="sm-143f">
         <name>uxQueueMessagesWaiting</name>
         <value>0x20008515</value>
         <object_component_ref idref="oc-335"/>
      </symbol>
      <symbol id="sm-1440">
         <name>vQueueAddToRegistry</name>
         <value>0x200087bb</value>
         <object_component_ref idref="oc-335"/>
      </symbol>
      <symbol id="sm-1441">
         <name>xQueueIsQueueFullFromISR</name>
         <value>0x20008799</value>
         <object_component_ref idref="oc-335"/>
      </symbol>
      <symbol id="sm-1442">
         <name>xQueueSelectFromSet</name>
         <value>0x200088c1</value>
         <object_component_ref idref="oc-335"/>
      </symbol>
      <symbol id="sm-1443">
         <name>xQueueGenericCreate</name>
         <value>0x20007eb1</value>
         <object_component_ref idref="oc-335"/>
      </symbol>
      <symbol id="sm-1444">
         <name>xQueueSelectFromSetFromISR</name>
         <value>0x200088db</value>
         <object_component_ref idref="oc-335"/>
      </symbol>
      <symbol id="sm-1445">
         <name>xQueueCreateMutex</name>
         <value>0x20007f27</value>
         <object_component_ref idref="oc-335"/>
      </symbol>
      <symbol id="sm-1446">
         <name>vQueueSetQueueNumber</name>
         <value>0x2000858f</value>
         <object_component_ref idref="oc-335"/>
      </symbol>
      <symbol id="sm-1447">
         <name>xQueueGenericSend</name>
         <value>0x20007fc5</value>
         <object_component_ref idref="oc-335"/>
      </symbol>
      <symbol id="sm-1448">
         <name>xQueueGenericReset</name>
         <value>0x20007e21</value>
         <object_component_ref idref="oc-335"/>
      </symbol>
      <symbol id="sm-1449">
         <name>xQueueReceiveFromISR</name>
         <value>0x20008459</value>
         <object_component_ref idref="oc-335"/>
      </symbol>
      <symbol id="sm-144a">
         <name>uxQueueSpacesAvailable</name>
         <value>0x2000852b</value>
         <object_component_ref idref="oc-335"/>
      </symbol>
      <symbol id="sm-144b">
         <name>xQueueRegistry</name>
         <value>0x2001f290</value>
         <object_component_ref idref="oc-4fa"/>
      </symbol>
      <symbol id="sm-144c">
         <name>vQueueUnregisterQueue</name>
         <value>0x200087fd</value>
         <object_component_ref idref="oc-335"/>
      </symbol>
      <symbol id="sm-144d">
         <name>xQueueAltGenericReceive</name>
         <value>0x2000817d</value>
         <object_component_ref idref="oc-335"/>
      </symbol>
      <symbol id="sm-144e">
         <name>uxQueueMessagesWaitingFromISR</name>
         <value>0x2000854b</value>
         <object_component_ref idref="oc-335"/>
      </symbol>
      <symbol id="sm-144f">
         <name>uxQueueGetQueueNumber</name>
         <value>0x20008581</value>
         <object_component_ref idref="oc-335"/>
      </symbol>
      <symbol id="sm-1450">
         <name>xQueueGenericReceive</name>
         <value>0x20008317</value>
         <object_component_ref idref="oc-335"/>
      </symbol>
      <symbol id="sm-1451">
         <name>xQueueCreateCountingSemaphore</name>
         <value>0x20007fa5</value>
         <object_component_ref idref="oc-335"/>
      </symbol>
      <symbol id="sm-1452">
         <name>vQueueDelete</name>
         <value>0x2000855d</value>
         <object_component_ref idref="oc-335"/>
      </symbol>
      <symbol id="sm-1453">
         <name>xQueueAddToSet</name>
         <value>0x2000884b</value>
         <object_component_ref idref="oc-335"/>
      </symbol>
      <symbol id="sm-1454">
         <name>xQueueAltGenericSend</name>
         <value>0x200080d1</value>
         <object_component_ref idref="oc-335"/>
      </symbol>
      <symbol id="sm-1455">
         <name>xQueueCreateSet</name>
         <value>0x20008837</value>
         <object_component_ref idref="oc-335"/>
      </symbol>
      <symbol id="sm-1456">
         <name>xQueueRemoveFromSet</name>
         <value>0x2000887f</value>
         <object_component_ref idref="oc-335"/>
      </symbol>
      <symbol id="sm-1457">
         <name>ucQueueGetQueueType</name>
         <value>0x200085a1</value>
         <object_component_ref idref="oc-335"/>
      </symbol>
      <symbol id="sm-15ca">
         <name>vTaskDelay</name>
         <value>0x20005d57</value>
         <object_component_ref idref="oc-87"/>
      </symbol>
      <symbol id="sm-15cb">
         <name>vTaskSuspendAll</name>
         <value>0x200061bb</value>
         <object_component_ref idref="oc-87"/>
      </symbol>
      <symbol id="sm-15cc">
         <name>vTaskPriorityInherit</name>
         <value>0x20006bfd</value>
         <object_component_ref idref="oc-87"/>
      </symbol>
      <symbol id="sm-15cd">
         <name>vTaskPlaceOnEventList</name>
         <value>0x20006571</value>
         <object_component_ref idref="oc-87"/>
      </symbol>
      <symbol id="sm-15ce">
         <name>vTaskSetTaskNumber</name>
         <value>0x20006809</value>
         <object_component_ref idref="oc-87"/>
      </symbol>
      <symbol id="sm-15cf">
         <name>xTaskCheckForTimeOut</name>
         <value>0x20006761</value>
         <object_component_ref idref="oc-87"/>
      </symbol>
      <symbol id="sm-15d0">
         <name>xTaskRemoveFromUnorderedEventList</name>
         <value>0x200066cd</value>
         <object_component_ref idref="oc-87"/>
      </symbol>
      <symbol id="sm-15d1">
         <name>vTaskPrioritySet</name>
         <value>0x20005e79</value>
         <object_component_ref idref="oc-87"/>
      </symbol>
      <symbol id="sm-15d2">
         <name>vTaskStartScheduler</name>
         <value>0x2000615f</value>
         <object_component_ref idref="oc-87"/>
      </symbol>
      <symbol id="sm-15d3">
         <name>pcTaskGetTaskName</name>
         <value>0x200062d1</value>
         <object_component_ref idref="oc-87"/>
      </symbol>
      <symbol id="sm-15d4">
         <name>vTaskPriorityDisinherit</name>
         <value>0x20006cb7</value>
         <object_component_ref idref="oc-87"/>
      </symbol>
      <symbol id="sm-15d5">
         <name>vTaskDelayUntil</name>
         <value>0x20005cbb</value>
         <object_component_ref idref="oc-87"/>
      </symbol>
      <symbol id="sm-15d6">
         <name>uxTaskGetTaskNumber</name>
         <value>0x200067e9</value>
         <object_component_ref idref="oc-87"/>
      </symbol>
      <symbol id="sm-15d7">
         <name>vTaskEndScheduler</name>
         <value>0x200061a9</value>
         <object_component_ref idref="oc-87"/>
      </symbol>
      <symbol id="sm-15d8">
         <name>vTaskMissedYield</name>
         <value>0x200067db</value>
         <object_component_ref idref="oc-87"/>
      </symbol>
      <symbol id="sm-15d9">
         <name>uxTaskGetNumberOfTasks</name>
         <value>0x200062c5</value>
         <object_component_ref idref="oc-87"/>
      </symbol>
      <symbol id="sm-15da">
         <name>uxTaskPriorityGet</name>
         <value>0x20005e41</value>
         <object_component_ref idref="oc-87"/>
      </symbol>
      <symbol id="sm-15db">
         <name>xTaskResumeAll</name>
         <value>0x200061cd</value>
         <object_component_ref idref="oc-87"/>
      </symbol>
      <symbol id="sm-15dc">
         <name>xTaskGetTickCount</name>
         <value>0x20006299</value>
         <object_component_ref idref="oc-87"/>
      </symbol>
      <symbol id="sm-15dd">
         <name>xTaskGenericCreate</name>
         <value>0x20005b1d</value>
         <object_component_ref idref="oc-87"/>
      </symbol>
      <symbol id="sm-15de">
         <name>uxTaskGetSystemState</name>
         <value>0x200062f5</value>
         <object_component_ref idref="oc-87"/>
      </symbol>
      <symbol id="sm-15df">
         <name>vTaskDelete</name>
         <value>0x20005c2b</value>
         <object_component_ref idref="oc-87"/>
      </symbol>
      <symbol id="sm-15e0">
         <name>pxCurrentTCB</name>
         <value>0x2001f568</value>
         <object_component_ref idref="oc-8d"/>
      </symbol>
      <symbol id="sm-15e1">
         <name>eTaskGetState</name>
         <value>0x20005dad</value>
         <object_component_ref idref="oc-87"/>
      </symbol>
      <symbol id="sm-15e2">
         <name>vTaskSuspend</name>
         <value>0x20005f7d</value>
         <object_component_ref idref="oc-87"/>
      </symbol>
      <symbol id="sm-15e3">
         <name>xTaskGetIdleTaskHandle</name>
         <value>0x200063b3</value>
         <object_component_ref idref="oc-87"/>
      </symbol>
      <symbol id="sm-15e4">
         <name>xTaskGetTickCountFromISR</name>
         <value>0x200062ad</value>
         <object_component_ref idref="oc-87"/>
      </symbol>
      <symbol id="sm-15e5">
         <name>vTaskResume</name>
         <value>0x20006071</value>
         <object_component_ref idref="oc-87"/>
      </symbol>
      <symbol id="sm-15e6">
         <name>vTaskSetTimeOutState</name>
         <value>0x2000673b</value>
         <object_component_ref idref="oc-87"/>
      </symbol>
      <symbol id="sm-15e7">
         <name>xTaskIncrementTick</name>
         <value>0x200063cd</value>
         <object_component_ref idref="oc-87"/>
      </symbol>
      <symbol id="sm-15e8">
         <name>vTaskSwitchContext</name>
         <value>0x200064f1</value>
         <object_component_ref idref="oc-87"/>
      </symbol>
      <symbol id="sm-15e9">
         <name>uxTaskResetEventItemValue</name>
         <value>0x20006d41</value>
         <object_component_ref idref="oc-87"/>
      </symbol>
      <symbol id="sm-15ea">
         <name>xTaskGetSchedulerState</name>
         <value>0x20006bc5</value>
         <object_component_ref idref="oc-87"/>
      </symbol>
      <symbol id="sm-15eb">
         <name>xTaskResumeFromISR</name>
         <value>0x200060e5</value>
         <object_component_ref idref="oc-87"/>
      </symbol>
      <symbol id="sm-15ec">
         <name>xTaskGetCurrentTaskHandle</name>
         <value>0x20006bb1</value>
         <object_component_ref idref="oc-87"/>
      </symbol>
      <symbol id="sm-15ed">
         <name>vTaskPlaceOnUnorderedEventList</name>
         <value>0x200065d5</value>
         <object_component_ref idref="oc-87"/>
      </symbol>
      <symbol id="sm-15ee">
         <name>xTaskRemoveFromEventList</name>
         <value>0x20006649</value>
         <object_component_ref idref="oc-87"/>
      </symbol>
      <symbol id="sm-15fe">
         <name>pvPortMalloc</name>
         <value>0x2000e721</value>
         <object_component_ref idref="oc-f2"/>
      </symbol>
      <symbol id="sm-15ff">
         <name>vPortFree</name>
         <value>0x2000e741</value>
         <object_component_ref idref="oc-f2"/>
      </symbol>
      <symbol id="sm-1615">
         <name>uxListRemove</name>
         <value>0x2000b627</value>
         <object_component_ref idref="oc-e2"/>
      </symbol>
      <symbol id="sm-1616">
         <name>vListInsert</name>
         <value>0x2000b5c1</value>
         <object_component_ref idref="oc-e2"/>
      </symbol>
      <symbol id="sm-1617">
         <name>vListInitialiseItem</name>
         <value>0x2000b575</value>
         <object_component_ref idref="oc-e2"/>
      </symbol>
      <symbol id="sm-1618">
         <name>vListInsertEnd</name>
         <value>0x2000b585</value>
         <object_component_ref idref="oc-e2"/>
      </symbol>
      <symbol id="sm-1619">
         <name>vListInitialise</name>
         <value>0x2000b545</value>
         <object_component_ref idref="oc-e2"/>
      </symbol>
      <symbol id="sm-161a">
         <name>__TI_static_base__</name>
         <value>0x2000f8b0</value>
      </symbol>
      <symbol id="sm-161d">
         <name>SHT$$INIT_ARRAY$$Limit</name>
         <value>0x0</value>
      </symbol>
      <symbol id="sm-161e">
         <name>SHT$$INIT_ARRAY$$Base</name>
         <value>0x0</value>
      </symbol>
   </symbol_table>
   <title>Link successful</title>
</link_info>
