******************************************************************************
                  TI ARM Linker PC v5.2.4                      
******************************************************************************
>> Linked Fri Sep 11 11:18:05 2015

OUTPUT FILE NAME:   <Dimmer.out>
ENTRY POINT SYMBOL: "_c_int00"  address: 2000df65


MEMORY CONFIGURATION

         name            origin    length      used     unused   attr    fill
----------------------  --------  ---------  --------  --------  ----  --------
  SRAM_CODE             20004000   00013000  0000b1a2  00007e5e  RW X
  SRAM_DATA             20017000   00019000  00008de8  00010218  RW X


SEGMENT ALLOCATION MAP

run origin  load origin   length   init length attrs members
----------  ----------- ---------- ----------- ----- -------
20004000    20004000    0000b1a8   0000b1a8    r-x
  20004000    20004000    00000400   00000400    r-- .intvecs
  20004400    20004400    0000a6ea   0000a6ea    r-x .text
  2000eaec    2000eaec    000005f8   000005f8    r-- .const
  2000f0e8    2000f0e8    000000c0   000000c0    r-- .cinit
20017000    20017000    000085e8   00000000    rw-
  20017000    20017000    00008000   00000000    rw- .sysmem
  2001f000    2001f000    000003d0   00000000    rw- .bss
  2001f3d0    2001f3d0    00000218   00000000    rw- .data
2002f800    2002f800    00000800   00000000    rw-
  2002f800    2002f800    00000800   00000000    rw- .stack


SECTION ALLOCATION MAP

 output                                  attributes/
section   page    origin      length       input sections
--------  ----  ----------  ----------   ----------------
.intvecs   0    20004000    00000400     
                  20004000    00000400     startup_ccs.obj (.intvecs)

.init_array 
*          0    20004000    00000000     UNINITIALIZED

.text      0    20004400    0000a6ea     
                  20004400    000016b4     main.obj (.text)
                  20005ab4    0000125c     free_rtos.a : tasks.obj (.text)
                  20006d10    000010a6     rtsv7M4_T_le_eabi.lib : _printfi.obj (.text)
                  20007db6    00000002     driverlib.a : interrupt.obj (.text:IntDefaultHandler)
                  20007db8    00000b24     free_rtos.a : queue.obj (.text)
                  200088dc    000005ec     simplelink.a : driver.obj (.text:_SlDrvMsgRead)
                  20008ec8    0000045c     free_rtos.a : osi_freertos.obj (.text)
                  20009324    000003dc     rtsv7M4_T_le_eabi.lib : memory.obj (.text)
                  20009700    00000394     gpio_if.obj (.text)
                  20009a94    00000290     uart_if.obj (.text)
                  20009d24    00000248     simplelink.a : driver.obj (.text:_SlDrvRxHdrRead)
                  20009f6c    000001f4     rtsv7M4_T_le_eabi.lib : ull_div_t2.obj (.text)
                  2000a160    000001d0     simplelink.a : driver.obj (.text:_SlDrvReleasePoolObj)
                  2000a330    000001cc                  : driver.obj (.text:_SlDrvMsgWrite)
                  2000a4fc    000001c8     pwm.obj (.text)
                  2000a6c4    000001c0     timer_if.obj (.text)
                  2000a884    000001b6     rtsv7M4_T_le_eabi.lib : fd_add_t2.obj (.text)
                  2000aa3a    00000002     --HOLE-- [fill = 0]
                  2000aa3c    00000190     simplelink.a : driver.obj (.text:_SlDrvWaitForPoolObj)
                  2000abcc    00000174                  : driver.obj (.text:_SlDrvDriverCBInit)
                  2000ad40    00000170                  : driver.obj (.text:_SlFindAndSetActiveObj)
                  2000aeb0    00000150                  : cc_pal.obj (.text:spi_Open)
                  2000b000    00000136     rtsv7M4_T_le_eabi.lib : fd_div_t2.obj (.text)
                  2000b136    00000002     --HOLE-- [fill = 0]
                  2000b138    00000134     driverlib.a : prcm.obj (.text:PRCMCC3200MCUInit)
                  2000b26c    0000012a     free_rtos.a : list.obj (.text)
                  2000b396    00000002     --HOLE-- [fill = 0]
                  2000b398    00000110                 : port.obj (.text)
                  2000b4a8    00000110     rtsv7M4_T_le_eabi.lib : xdscale.obj (.text)
                  2000b5b8    000000fe     simplelink.a : netapp.obj (.text:_SlDrvNetAppEventHandler)
                  2000b6b6    000000fc     rtsv7M4_T_le_eabi.lib : fd_mul_t2.obj (.text)
                  2000b7b2    00000002     --HOLE-- [fill = 0]
                  2000b7b4    000000f4     simplelink.a : driver.obj (.text:_SlDrvDriverCBDeinit)
                  2000b8a8    000000f0     driverlib.a : udma.obj (.text:uDMAChannelTransferSet)
                  2000b998    000000e8     smartconfig.obj (.text)
                  2000ba80    000000dc     simplelink.a : cc_pal.obj (.text:spi_Read)
                  2000bb5c    000000d8                  : driver.obj (.text:_SlDrvClassifyRxMsg)
                  2000bc34    000000d8     pinmux.obj (.text)
                  2000bd0c    000000d4     simplelink.a : device.obj (.text:sl_Stop)
                  2000bde0    000000c8                  : netapp.obj (.text:_sl_HandleAsync_DnsGetHostByService)
                  2000bea8    000000c4                  : driver.obj (.text:_SlRemoveFromList)
                  2000bf6c    000000be     rtsv7M4_T_le_eabi.lib : xdnorm.obj (.text)
                  2000c02a    00000002     --HOLE-- [fill = 0]
                  2000c02c    000000bc     simplelink.a : driver.obj (.text:_SlDrvMsgReadCmdCtx)
                  2000c0e8    000000bc                  : device.obj (.text:sl_Start)
                  2000c1a4    000000ba     free_rtos.a : portasm.obj (.text)
                  2000c25e    00000002     --HOLE-- [fill = 0]
                  2000c260    000000b8     simplelink.a : driver.obj (.text:_SlAsyncEventGenericHandler)
                  2000c318    000000b4                  : netapp.obj (.text:sl_NetAppMDNSRegisterUnregisterService)
                  2000c3cc    000000a8     driverlib.a : interrupt.obj (.text:IntDisable)
                  2000c474    000000a8                 : interrupt.obj (.text:IntEnable)
                  2000c51c    000000a0                 : spi.obj (.text:SPIConfigSetExpClk)
                  2000c5bc    0000009c     simplelink.a : driver.obj (.text:_SlDrvMsgReadSpawnCtx)
                  2000c658    0000009c     rtsv7M4_T_le_eabi.lib : memcpy_t2.obj (.text)
                  2000c6f4    0000009c     simplelink.a : device.obj (.text:sl_DevGet)
                  2000c790    00000094     driverlib.a : prcm.obj (.text:PRCMPeripheralClockGet)
                  2000c824    00000094     simplelink.a : wlan.obj (.text:sl_WlanGet)
                  2000c8b8    00000090                  : wlan.obj (.text:sl_WlanSmartConfigStart)
                  2000c948    0000008c                  : cc_pal.obj (.text:SetupDMAReceive)
                  2000c9d4    0000008c                  : cc_pal.obj (.text:SetupDMASend)
                  2000ca60    0000008c                  : netapp.obj (.text:_sl_HandleAsync_DnsGetHostByName)
                  2000caec    0000008c                  : netapp.obj (.text:_sl_HandleAsync_PingResponse)
                  2000cb78    0000008c                  : cc_pal.obj (.text:spi_Write)
                  2000cc04    00000088     driverlib.a : pin.obj (.text:PinConfigSet)
                  2000cc8c    00000088     rtsv7M4_T_le_eabi.lib : vsnprintf.obj (.text)
                  2000cd14    00000086                           : fd_cmp_t2.obj (.text:__aeabi_cdcmple)
                  2000cd9a    00000086                           : fd_cmp_t2.obj (.text:__aeabi_cdrcmple)
                  2000ce20    00000084     simplelink.a : cc_pal.obj (.text:NwpPowerOnPreamble)
                  2000cea4    00000082     driverlib.a : gpio.obj (.text:GPIOIntTypeSet)
                  2000cf26    00000002     --HOLE-- [fill = 0]
                  2000cf28    00000080     simplelink.a : driver.obj (.text:_SlDrvCmdOp)
                  2000cfa8    00000080                  : cc_pal.obj (.text:spi_Read_CPU)
                  2000d028    00000080                  : cc_pal.obj (.text:spi_Write_CPU)
                  2000d0a8    0000007c                  : device.obj (.text:_sl_HandleAsync_InitComplete)
                  2000d124    0000007a     rtsv7M4_T_le_eabi.lib : memset_t2.obj (.text)
                  2000d19e    00000002     --HOLE-- [fill = 0]
                  2000d1a0    00000078     simplelink.a : socket.obj (.text:_sl_HandleAsync_Connect)
                  2000d218    00000078                  : cc_pal.obj (.text:spi_Close)
                  2000d290    00000076     driverlib.a : uart.obj (.text:UARTConfigSetExpClk)
                  2000d306    00000002     --HOLE-- [fill = 0]
                  2000d308    0000006c     simplelink.a : driver.obj (.text:_SlDrvCmdSend)
                  2000d374    0000006c     rtsv7M4_T_le_eabi.lib : autoinit.obj (.text)
                  2000d3e0    0000006a                           : copy_decompress_rle.obj (.text)
                  2000d44a    00000002     --HOLE-- [fill = 0]
                  2000d44c    00000068     driverlib.a : timer.obj (.text:TimerIntUnregister)
                  2000d4b4    00000068     simplelink.a : netapp.obj (.text:_sl_NetAppSendTokenValue)
                  2000d51c    00000068                  : netcfg.obj (.text:sl_NetCfgSet)
                  2000d584    00000068                  : wlan.obj (.text:sl_WlanSet)
                  2000d5ec    00000066     rtsv7M4_T_le_eabi.lib : xdunscal.obj (.text)
                  2000d652    00000002     --HOLE-- [fill = 0]
                  2000d654    00000064     driverlib.a : udma.obj (.text:uDMAChannelAttributeDisable)
                  2000d6b8    00000064                 : udma.obj (.text:uDMAChannelAttributeEnable)
                  2000d71c    00000060     simplelink.a : socket.obj (.text:_sl_HandleAsync_Accept)
                  2000d77c    00000060                  : wlan.obj (.text:sl_WlanPolicySet)
                  2000d7dc    00000058     driverlib.a : interrupt.obj (.text:IntPendClear)
                  2000d834    00000058                 : prcm.obj (.text:PRCMPeripheralReset)
                  2000d88c    00000056     rtsv7M4_T_le_eabi.lib : ltoa.obj (.text)
                  2000d8e2    00000002     --HOLE-- [fill = 0]
                  2000d8e4    00000054     driverlib.a : interrupt.obj (.text:IntPrioritySet)
                  2000d938    00000054     simplelink.a : socket.obj (.text:_sl_HandleAsync_Select)
                  2000d98c    00000054                  : wlan.obj (.text:sl_WlanRxFilterSet)
                  2000d9e0    00000050                  : device.obj (.text:_sl_HandleAsync_Stop)
                  2000da30    0000004c     driverlib.a : spi.obj (.text:SPIIntEnable)
                  2000da7c    0000004c     simplelink.a : driver.obj (.text:_SlDrvProtectAsyncRespSetting)
                  2000dac8    0000004c                  : driver.obj (.text:_SlDrvRxIrqHandler)
                  2000db14    0000004c     rtsv7M4_T_le_eabi.lib : atoi.obj (.text)
                  2000db60    0000004c                           : cpy_tbl.obj (.text)
                  2000dbac    0000004c     driverlib.a : udma.obj (.text:uDMAChannelAssign)
                  2000dbf8    00000048                 : spi.obj (.text:SPIIntClear)
                  2000dc40    00000048     simplelink.a : driver.obj (.text:_SlDrvBasicCmd)
                  2000dc88    00000048     rtsv7M4_T_le_eabi.lib : fd_toi_t2.obj (.text)
                  2000dcd0    00000046                           : ldexp.obj (.text)
                  2000dd16    00000002     --HOLE-- [fill = 0]
                  2000dd18    00000044     driverlib.a : spi.obj (.text:SPIDmaMaskGet)
                  2000dd5c    00000044                 : timer.obj (.text:TimerConfigure)
                  2000dda0    00000044     simplelink.a : cc_pal.obj (.text:cc_SetupTransfer)
                  2000dde4    00000044     rtsv7M4_T_le_eabi.lib : exit.obj (.text)
                  2000de28    00000044                           : fd_tou_t2.obj (.text)
                  2000de6c    00000040     driverlib.a : pin.obj (.text:PinModeSet)
                  2000deac    00000040     rtsv7M4_T_le_eabi.lib : signal.obj (.text)
                  2000deec    0000003c     simplelink.a : netapp.obj (.text:CopyPingResultsToReport)
                  2000df28    0000003c     driverlib.a : prcm.obj (.text:PRCMPeripheralClkEnable)
                  2000df64    0000003c     rtsv7M4_T_le_eabi.lib : boot.obj (.text)
                  2000dfa0    0000003c     driverlib.a : udma.obj (.text:uDMAChannelControlSet)
                  2000dfdc    00000038     simplelink.a : cc_pal.obj (.text:NwpPowerOff)
                  2000e014    00000038     free_rtos.a : heap_3.obj (.text)
                  2000e04c    00000036     driverlib.a : gpio.obj (.text:GPIODirModeSet)
                  2000e082    00000036                 : timer.obj (.text:TimerControlLevel)
                  2000e0b8    00000036     simplelink.a : netapp.obj (.text:sl_NetAppMDNSUnRegisterService)
                  2000e0ee    00000002     --HOLE-- [fill = 0]
                  2000e0f0    00000034     driverlib.a : prcm.obj (.text:PRCMPeripheralStatusGet)
                  2000e124    00000034                 : spi.obj (.text:SPIFIFOLevelSet)
                  2000e158    00000034     rtsv7M4_T_le_eabi.lib : feraiseexcept.obj (.text)
                  2000e18c    00000030     driverlib.a : pin.obj (.text:PinTypeGPIO)
                  2000e1bc    00000030                 : uart.obj (.text:UARTDisable)
                  2000e1ec    00000030     simplelink.a : device.obj (.text:_SlDrvDeviceEventHandler)
                  2000e21c    00000030     rtsv7M4_T_le_eabi.lib : xferaise.obj (.text)
                  2000e24c    00000030     simplelink.a : wlan.obj (.text:sl_WlanProfileDel)
                  2000e27c    00000030                  : wlan.obj (.text:sl_WlanSetMode)
                  2000e2ac    0000002e     rtsv7M4_T_le_eabi.lib : i_tofd_t2.obj (.text)
                  2000e2da    0000002e                           : raise.obj (.text)
                  2000e308    0000002c     simplelink.a : cc_pal.obj (.text:DmaSpiSwIntHandler)
                  2000e334    0000002c                  : cc_pal.obj (.text:NwpPowerOn)
                  2000e360    0000002c     driverlib.a : prcm.obj (.text:PRCMSysResetCauseGet)
                  2000e38c    0000002a                 : timer.obj (.text:TimerLoadSet)
                  2000e3b6    0000002a                 : timer.obj (.text:TimerMatchSet)
                  2000e3e0    0000002a                 : timer.obj (.text:TimerPrescaleSet)
                  2000e40a    0000002a     rtsv7M4_T_le_eabi.lib : xdclass.obj (.text)
                  2000e434    00000028     driverlib.a : prcm.obj (.text:PRCMPeripheralClkDisable)
                  2000e45c    00000028     simplelink.a : netapp.obj (.text:sl_NetAppStart)
                  2000e484    00000028                  : netapp.obj (.text:sl_NetAppStop)
                  2000e4ac    00000026                  : cc_pal.obj (.text:NwpRegisterInterruptHandler)
                  2000e4d2    00000002     --HOLE-- [fill = 0]
                  2000e4d4    00000024     driverlib.a : interrupt.obj (.text:IntUnregister)
                  2000e4f8    00000024                 : uart.obj (.text:UARTEnable)
                  2000e51c    00000024     simplelink.a : driver.obj (.text:_SlDrvProtectionObjLockWaitForever)
                  2000e540    00000024     rtsv7M4_T_le_eabi.lib : memmov.obj (.text)
                  2000e564    00000022     driverlib.a : spi.obj (.text:SPIReset)
                  2000e586    00000022                 : spi.obj (.text:SPIWordCountSet)
                  2000e5a8    00000022     rtsv7M4_T_le_eabi.lib : frexp.obj (.text)
                  2000e5ca    00000022                           : memcmp.obj (.text)
                  2000e5ec    00000020     driverlib.a : gpio.obj (.text:GPIOPinWrite)
                  2000e60c    00000020                 : interrupt.obj (.text:IntRegister)
                  2000e62c    00000020     simplelink.a : driver.obj (.text:_SlDrvProtectionObjUnLock)
                  2000e64c    00000020     rtsv7M4_T_le_eabi.lib : u_tofd_t2.obj (.text)
                  2000e66c    0000001e     driverlib.a : timer.obj (.text:TimerDisable)
                  2000e68a    0000001e                 : timer.obj (.text:TimerEnable)
                  2000e6a8    0000001e                 : timer.obj (.text:TimerIntStatus)
                  2000e6c6    0000001e                 : uart.obj (.text:UARTCharPut)
                  2000e6e4    0000001e     simplelink.a : cc_pal.obj (.text:cc_UDMAChannelSelect)
                  2000e702    0000001c     driverlib.a : timer.obj (.text:TimerValueGet)
                  2000e71e    0000001c                 : uart.obj (.text:UARTCharGetNonBlocking)
                  2000e73a    0000001c     simplelink.a : driver.obj (.text:_SlDrvObjLockWaitForever)
                  2000e756    0000001c                  : driver.obj (.text:_SlDrvSyncObjWaitForever)
                  2000e772    0000001c     rtsv7M4_T_le_eabi.lib : memccpy.obj (.text)
                  2000e78e    00000002     --HOLE-- [fill = 0]
                  2000e790    0000001c     driverlib.a : udma.obj (.text:uDMAChannelEnable)
                  2000e7ac    0000001a                 : gpio.obj (.text:GPIOIntDisable)
                  2000e7c6    0000001a                 : gpio.obj (.text:GPIOIntEnable)
                  2000e7e0    0000001a                 : pin.obj (.text:PinTypeTimer)
                  2000e7fa    0000001a                 : pin.obj (.text:PinTypeUART)
                  2000e814    0000001a                 : spi.obj (.text:SPIDmaDisable)
                  2000e82e    0000001a                 : spi.obj (.text:SPIDmaEnable)
                  2000e848    0000001a                 : spi.obj (.text:SPIFIFODisable)
                  2000e862    0000001a                 : spi.obj (.text:SPIFIFOEnable)
                  2000e87c    00000018                 : gpio.obj (.text:GPIOPinRead)
                  2000e894    00000018                 : spi.obj (.text:SPICSDisable)
                  2000e8ac    00000018                 : spi.obj (.text:SPICSEnable)
                  2000e8c4    00000018                 : spi.obj (.text:SPIDisable)
                  2000e8dc    00000018                 : spi.obj (.text:SPIEnable)
                  2000e8f4    00000018                 : timer.obj (.text:TimerIntDisable)
                  2000e90c    00000018                 : timer.obj (.text:TimerIntEnable)
                  2000e924    00000018                 : uart.obj (.text:UARTCharsAvail)
                  2000e93c    00000018     simplelink.a : driver.obj (.text:_SlDrvObjUnLock)
                  2000e954    00000018                  : driver.obj (.text:_SlDrvSyncObjSignal)
                  2000e96c    00000018                  : device.obj (.text:_sl_GetStartResponseConvert)
                  2000e984    00000018     rtsv7M4_T_le_eabi.lib : args_main.obj (.text)
                  2000e99c    00000016     driverlib.a : prcm.obj (.text:PRCMHIBRegRead)
                  2000e9b2    00000016                 : prcm.obj (.text:PRCMHIBRegWrite)
                  2000e9c8    00000016     simplelink.a : driver.obj (.text:_SlDrvMemZero)
                  2000e9de    00000016     rtsv7M4_T_le_eabi.lib : strchr.obj (.text)
                  2000e9f4    00000014     driverlib.a : cpu.obj (.text:CPUcpsie)
                  2000ea08    00000014                 : gpio.obj (.text:GPIOIntClear)
                  2000ea1c    00000014                 : interrupt.obj (.text:IntVTableBaseSet)
                  2000ea30    00000014     rtsv7M4_T_le_eabi.lib : _lock.obj (.text)
                  2000ea44    00000014                           : strlen.obj (.text)
                  2000ea58    00000012     driverlib.a : timer.obj (.text:TimerIntClear)
                  2000ea6a    0000000e     simplelink.a : driver.obj (.text:_SlDrvResetCmdExt)
                  2000ea78    0000000e     rtsv7M4_T_le_eabi.lib : copy_decompress_none.obj (.text:decompress:none)
                  2000ea86    0000000e     startup_ccs.obj (.text)
                  2000ea94    0000000c     simplelink.a : cc_pal.obj (.text:NwpMaskInterrupt)
                  2000eaa0    0000000c                  : cc_pal.obj (.text:NwpUnMaskInterrupt)
                  2000eaac    0000000c     rtsv7M4_T_le_eabi.lib : copy_zero_init.obj (.text:decompress:ZI)
                  2000eab8    0000000c     simplelink.a : wlan.obj (.text:sl_WlanDisconnect)
                  2000eac4    0000000c                  : wlan.obj (.text:sl_WlanSmartConfigStop)
                  2000ead0    0000000a     driverlib.a : interrupt.obj (.text:IntMasterEnable)
                  2000eada    00000006                 : utils.obj (.text:UtilsDelay)
                  2000eae0    00000006     rtsv7M4_T_le_eabi.lib : copy_decompress_rle.obj (.text:decompress:rle24)
                  2000eae6    00000004                           : pre_init.obj (.text)

.const     0    2000eaec    000005f8     
                  2000eaec    00000101     rtsv7M4_T_le_eabi.lib : ctype.obj (.const:.string:_ctypes_)
                  2000ebed    00000003     --HOLE-- [fill = 0]
                  2000ebf0    00000100     driverlib.a : pin.obj (.const:g_ulPinToPadMap)
                  2000ecf0    000000d4                 : interrupt.obj (.const:g_pulRegs)
                  2000edc4    000000a8                 : prcm.obj (.const:PRCM_PeriphRegsList)
                  2000ee6c    00000080                 : interrupt.obj (.const)
                  2000eeec    0000003c     simplelink.a : driver.obj (.const:OpcodeTranslateTable)
                  2000ef28    0000003c                  : wlan.obj (.const)
                  2000ef64    00000038                  : driver.obj (.const:_SlActionLookupTable)
                  2000ef9c    00000034                  : driver.obj (.const)
                  2000efd0    0000002c     main.obj (.const:$P$T1$2)
                  2000effc    00000028     main.obj (.const:.string)
                  2000f024    00000028     simplelink.a : netapp.obj (.const)
                  2000f04c    00000023     smartconfig.obj (.const:.string)
                  2000f06f    00000022     main.obj (.const:.string:$P$T0$1)
                  2000f091    00000003     --HOLE-- [fill = 0]
                  2000f094    00000018     driverlib.a : spi.obj (.const)
                  2000f0ac    00000014     main.obj (.const)
                  2000f0c0    00000014     simplelink.a : device.obj (.const)
                  2000f0d4    00000008                  : device.obj (.const:.string)
                  2000f0dc    00000008                  : netcfg.obj (.const)

.cinit     0    2000f0e8    000000c0     
                  2000f0e8    0000009a     (.cinit..data.load) [load image, compression = rle]
                  2000f182    00000002     --HOLE-- [fill = 0]
                  2000f184    0000000c     (__TI_handler_table)
                  2000f190    00000008     (.cinit..bss.load) [load image, compression = zero_init]
                  2000f198    00000010     (__TI_cinit_table)

.sysmem    0    20017000    00008000     UNINITIALIZED
                  20017000    00000008     rtsv7M4_T_le_eabi.lib : memory.obj (.sysmem)
                  20017008    00007ff8     --HOLE--

.bss       0    2001f000    000003d0     UNINITIALIZED
                  2001f000    00000178     simplelink.a : driver.obj (.bss:g_StatMem)
                  2001f178    000000c8     free_rtos.a : tasks.obj (.bss:pxReadyTasksLists)
                  2001f240    00000050     simplelink.a : cc_pal.obj (.bss:g_ucDinDout)
                  2001f290    00000050     free_rtos.a : queue.obj (.bss:xQueueRegistry)
                  2001f2e0    00000024     main.obj (.bss:g_ucConnectionSSID)
                  2001f304    00000024     main.obj (.bss:g_ucSSID)
                  2001f328    00000014     (.common:xDelayedTaskList1)
                  2001f33c    00000014     (.common:xDelayedTaskList2)
                  2001f350    00000014     (.common:xPendingReadyList)
                  2001f364    00000014     (.common:xSuspendedTaskList)
                  2001f378    00000014     (.common:xTasksWaitingTermination)
                  2001f38c    00000008     (.common:g_ucConnectionBSSID)
                  2001f394    00000004     (.common:BlueMove)
                  2001f398    00000004     (.common:DMAMsgQ)
                  2001f39c    00000004     (.common:GreenMove)
                  2001f3a0    00000004     (.common:IntTransient)
                  2001f3a4    00000004     (.common:MsgQCommands)
                  2001f3a8    00000004     (.common:MsgQConnection)
                  2001f3ac    00000004     (.common:MsgQTaster)
                  2001f3b0    00000004     (.common:RedMove)
                  2001f3b4    00000004     (.common:__Errorlog)
                  2001f3b8    00000004     (.common:g_cDummy)
                  2001f3bc    00000004     (.common:pxDelayedTaskList)
                  2001f3c0    00000004     (.common:pxOverflowDelayedTaskList)
                  2001f3c4    00000004     (.common:ul_TIMERA0Base)
                  2001f3c8    00000004     (.common:ul_TIMERA1Base)
                  2001f3cc    00000001     (.common:RxIrqCnt)
                  2001f3cd    00000001     (.common:g_ucLED1Pin)
                  2001f3ce    00000001     (.common:g_ucLED2Pin)
                  2001f3cf    00000001     (.common:g_ucLED3Pin)

.TI.noinit 
*          0    2001f000    00000000     UNINITIALIZED

.data      0    2001f3d0    00000218     UNINITIALIZED
                  2001f3d0    000000b0     rtsv7M4_T_le_eabi.lib : signal.obj (.data:sigtable)
                  2001f480    00000080                           : xvalues.obj (.data)
                  2001f500    0000003d     main.obj (.data)
                  2001f53d    00000003     --HOLE--
                  2001f540    00000034     free_rtos.a : tasks.obj (.data)
                  2001f574    00000020     gpio_if.obj (.data)
                  2001f594    0000000c     free_rtos.a : osi_freertos.obj (.data)
                  2001f5a0    0000000c     rtsv7M4_T_le_eabi.lib : memory.obj (.data)
                  2001f5ac    00000009     simplelink.a : cc_pal.obj (.data)
                  2001f5b5    00000003     --HOLE--
                  2001f5b8    00000009                  : driver.obj (.data)
                  2001f5c1    00000003     --HOLE--
                  2001f5c4    00000008     rtsv7M4_T_le_eabi.lib : _lock.obj (.data)
                  2001f5cc    00000008                           : exit.obj (.data)
                  2001f5d4    00000008                           : feraiseexcept.obj (.data)
                  2001f5dc    00000004     free_rtos.a : port.obj (.data)
                  2001f5e0    00000004     rtsv7M4_T_le_eabi.lib : errno.obj (.data)
                  2001f5e4    00000004                           : stkdepth_vars.obj (.data)

.TI.persistent 
*          0    2001f3d0    00000000     UNINITIALIZED

.stack     0    2002f800    00000800     UNINITIALIZED
                  2002f800    00000800     --HOLE--


LINKER GENERATED COPY TABLES

__TI_cinit_table @ 2000f198 records: 2, size/record: 8, table size: 16
	.data: load addr=2000f0e8, load size=0000009a bytes, run addr=2001f3d0, run size=00000218 bytes, compression=rle
	.bss: load addr=2000f190, load size=00000008 bytes, run addr=2001f000, run size=000003d0 bytes, compression=zero_init


LINKER GENERATED HANDLER TABLE

__TI_handler_table @ 2000f184 records: 3, size/record: 4, table size: 12
	index: 0, handler: __TI_decompress_rle24
	index: 1, handler: __TI_decompress_none
	index: 2, handler: __TI_zero_init


GLOBAL SYMBOLS: SORTED ALPHABETICALLY BY Name 

address   name                                  
-------   ----                                  
200055c5  Bliky                                 
200056bd  BlinkyConfig                          
2001f394  BlueMove                              
2001f531  BlueOld                               
2000dde5  C$$EXIT                               
2000e9f5  CPUcpsie                              
20009ad5  ClearTerm                             
20004d35  ConnectToNetwork                      
2000deed  CopyPingResultsToReport               
2001f398  DMAMsgQ                               
2000e309  DmaSpiSwIntHandler                    
20009adf  Error                                 
2001f517  GET_token                             
2000e04d  GPIODirModeSet                        
2000ea09  GPIOIntClear                          
2000e7ad  GPIOIntDisable                        
2000e7c7  GPIOIntEnable                         
2000cea5  GPIOIntTypeSet                        
2000e87d  GPIOPinRead                           
2000e5ed  GPIOPinWrite                          
200099c1  GPIO_IF_ConfigureNIntEnable           
20009a3d  GPIO_IF_Get                           
2000997b  GPIO_IF_GetPortNPin                   
2000973d  GPIO_IF_LedConfigure                  
2000982f  GPIO_IF_LedOff                        
2000977b  GPIO_IF_LedOn                         
200098e3  GPIO_IF_LedStatus                     
2000994d  GPIO_IF_LedToggle                     
20009a03  GPIO_IF_Set                           
20009b17  GetCmd                                
2001f39c  GreenMove                             
2001f530  GreenOld                              
20009a95  InitTerm                              
2000c3cd  IntDisable                            
2000c475  IntEnable                             
2000ead1  IntMasterEnable                       
2000d7dd  IntPendClear                          
2000d8e5  IntPrioritySet                        
2000e60d  IntRegister                           
2001f3a0  IntTransient                          
2000e4d5  IntUnregister                         
2000ea1d  IntVTableBaseSet                      
20005261  LightControlTask                      
20009ab3  Message                               
20005641  MoveMode                              
2001f3a4  MsgQCommands                          
2001f3a8  MsgQConnection                        
2001f3ac  MsgQTaster                            
2000ea95  NwpMaskInterrupt                      
2000dfdd  NwpPowerOff                           
2000e335  NwpPowerOn                            
2000ce21  NwpPowerOnPreamble                    
2000e4ad  NwpRegisterInterruptHandler           
2000eaa1  NwpUnMaskInterrupt                    
2000eeec  OpcodeTranslateTable                  
2001f50c  POST_token                            
2000b139  PRCMCC3200MCUInit                     
2000e99d  PRCMHIBRegRead                        
2000e9b3  PRCMHIBRegWrite                       
2000e435  PRCMPeripheralClkDisable              
2000df29  PRCMPeripheralClkEnable               
2000c791  PRCMPeripheralClockGet                
2000d835  PRCMPeripheralReset                   
2000e0f1  PRCMPeripheralStatusGet               
2000e361  PRCMSysResetCauseGet                  
2000a5dd  PWM_Disable_1                         
2000a5e9  PWM_Disable_2                         
2000a5f7  PWM_Disable_3                         
2000a55d  PWM_Init                              
2000a601  PWM_Set1                              
2000a639  PWM_Set2                              
2000a66f  PWM_Set3                              
2000cc05  PinConfigSet                          
2000de6d  PinModeSet                            
2000bc35  PinMuxConfig                          
2000e18d  PinTypeGPIO                           
2000e7e1  PinTypeTimer                          
2000e7fb  PinTypeUART                           
2001f3b0  RedMove                               
2001f52f  RedOld                                
20009c65  Report                                
2000ea87  ResetISR                              
2001f3cc  RxIrqCnt                              
2000efac  RxMsgClassLUT                         
UNDEFED   SHT$$INIT_ARRAY$$Base                 
UNDEFED   SHT$$INIT_ARRAY$$Limit                
2000e895  SPICSDisable                          
2000e8ad  SPICSEnable                           
2000c51d  SPIConfigSetExpClk                    
2000e8c5  SPIDisable                            
2000e815  SPIDmaDisable                         
2000e82f  SPIDmaEnable                          
2000e8dd  SPIEnable                             
2000e849  SPIFIFODisable                        
2000e863  SPIFIFOEnable                         
2000e125  SPIFIFOLevelSet                       
2000dbf9  SPIIntClear                           
2000da31  SPIIntEnable                          
2000e565  SPIReset                              
2000e587  SPIWordCountSet                       
2000a4fd  SetupTimerPWMMode                     
20004791  SimpleLinkHttpServerCallback          
200045d1  SimpleLinkNetAppEventHandler          
20004645  SimpleLinkSockEventHandler            
20004419  SimpleLinkWlanEventHandler            
2000b999  SmartConfigConnect                    
2000ba21  SmartConfigStop                       
2000f0d4  StartResponseLUT                      
200054c9  Taster1                               
200054f1  Taster2                               
200053e9  TasterTask                            
2000dd5d  TimerConfigure                        
2000e083  TimerControlLevel                     
2000e66d  TimerDisable                          
2000e68b  TimerEnable                           
2000ea59  TimerIntClear                         
2000e8f5  TimerIntDisable                       
2000e90d  TimerIntEnable                        
2000e6a9  TimerIntStatus                        
2000d44d  TimerIntUnregister                    
2000e38d  TimerLoadSet                          
2000e3b7  TimerMatchSet                         
2000e3e1  TimerPrescaleSet                      
2000e703  TimerValueGet                         
2000a831  Timer_IF_DeInit                       
2000a863  Timer_IF_GetCount                     
2000a745  Timer_IF_Init                         
2000a777  Timer_IF_IntSetup                     
2000a7e9  Timer_IF_InterruptClear               
2000a84b  Timer_IF_ReLoad                       
2000a801  Timer_IF_Start                        
2000a821  Timer_IF_Stop                         
20009bcd  TrimSpace                             
20005515  TrunOffPWM1                           
20005539  TrunOffPWM3                           
2000e71f  UARTCharGetNonBlocking                
2000e6c7  UARTCharPut                           
2000e925  UARTCharsAvail                        
2000d291  UARTConfigSetExpClk                   
2000e1bd  UARTDisable                           
2000e4f9  UARTEnable                            
2000eadb  UtilsDelay                            
20009191  VDeleteSimpleLinkSpawnTask            
20009141  VStartSimpleLinkSpawnTask             
2000e40b  _Dclass                               
2001f480  _Denorm                               
2000bf6d  _Dnorm                                
2000b4a9  _Dscale                               
2000d5ed  _Dunscale                             
2001f490  _Eps                                  
2001f5e0  _Errno                                
2001f5d4  _Fenv                                 
2000e21d  _Feraise                              
2001f4a0  _Hugeval                              
2001f4b0  _Inf                                  
2001f4c0  _Nan                                  
2001f4e0  _Rteps                                
2000ef64  _SlActionLookupTable                  
2000c261  _SlAsyncEventGenericHandler           
2000f0cc  _SlDeviceGetCmdCtrl                   
2000f0d0  _SlDeviceSetCmdCtrl                   
2000dc41  _SlDrvBasicCmd                        
2000bb5d  _SlDrvClassifyRxMsg                   
2000cf29  _SlDrvCmdOp                           
2000d309  _SlDrvCmdSend                         
2000e1ed  _SlDrvDeviceEventHandler              
2000b7b5  _SlDrvDriverCBDeinit                  
2000abcd  _SlDrvDriverCBInit                    
2000e9c9  _SlDrvMemZero                         
200088dd  _SlDrvMsgRead                         
2000c02d  _SlDrvMsgReadCmdCtx                   
2000c5bd  _SlDrvMsgReadSpawnCtx                 
2000a331  _SlDrvMsgWrite                        
2000b5b9  _SlDrvNetAppEventHandler              
2000e73b  _SlDrvObjLockWaitForever              
2000e93d  _SlDrvObjUnLock                       
2000da7d  _SlDrvProtectAsyncRespSetting         
2000e51d  _SlDrvProtectionObjLockWaitForever    
2000e62d  _SlDrvProtectionObjUnLock             
2000a161  _SlDrvReleasePoolObj                  
2000ea6b  _SlDrvResetCmdExt                     
20009d25  _SlDrvRxHdrRead                       
2000dac9  _SlDrvRxIrqHandler                    
2000e955  _SlDrvSyncObjSignal                   
2000e757  _SlDrvSyncObjWaitForever              
2000aa3d  _SlDrvWaitForPoolObj                  
2000f0c8  _SlEventMaskGetCmdCtrl                
2000f0c4  _SlEventMaskSetCmdCtrl                
2000ad41  _SlFindAndSetActiveObj                
2000f038  _SlGetHostByNameCtrl                  
2000f034  _SlGetHostByServiceCtrl               
2000f02c  _SlGetServiceListeCtrl                
2000f044  _SlNetAppGetCmdCtrl                   
2000f040  _SlNetAppSendTokenValueCmdCtrl        
2000f03c  _SlNetAppSetCmdCtrl                   
2000f024  _SlNetAppStartCtrl                    
2000f028  _SlNetAppStopCtrl                     
2000f0e0  _SlNetCfgGetCmdCtrl                   
2000f0dc  _SlNetCfgSetCmdCtrl                   
2000ef2c  _SlPolicyGetCmdCtrl                   
2000ef28  _SlPolicySetCmdCtrl                   
2000ef34  _SlProfileDelCmdCtrl                  
2000ef30  _SlProfileGetCmdCtrl                  
2000f030  _SlRegisterServiceCtrl                
2000bea9  _SlRemoveFromList                     
2000ef3c  _SlRxFilterAddtCmdCtrl                
2000ef44  _SlRxFilterGetCmdCtrl                 
2000ef40  _SlRxFilterSetCmdCtrl                 
2000ef48  _SlSmartConfigStartCmdCtrl            
2000f0c0  _SlStopCmdCtrl                        
2000ef54  _SlWlanCfgGetCmdCtrl                  
2000ef50  _SlWlanCfgSetCmdCtrl                  
2000ef38  _SlWlanGetNetworkListCtrl             
2000ef4c  _SlWlanSetModeCmdCtrl                 
2001f4d0  _Snan                                 
2001f5d8  _Tls_setup__Fenv                      
2001f4f0  _Xbig                                 
2001f4f8  _Zero                                 
20030000  __STACK_END                           
00000800  __STACK_SIZE                          
00008000  __SYSMEM_SIZE                         
2000f198  __TI_CINIT_Base                       
2000f1a8  __TI_CINIT_Limit                      
2000f184  __TI_Handler_Table_Base               
2000f190  __TI_Handler_Table_Limit              
2000d375  __TI_auto_init                        
2001f5cc  __TI_cleanup_ptr                      
2000ea79  __TI_decompress_none                  
2000eae1  __TI_decompress_rle24                 
2001f5d0  __TI_dtors_ptr                        
20007ab1  __TI_printfi                          
2000f0e8  __TI_static_base__                    
2000eaad  __TI_zero_init                        
2000cd15  __aeabi_cdcmpeq                       
2000cd15  __aeabi_cdcmple                       
2000cd9b  __aeabi_cdrcmple                      
2000dc89  __aeabi_d2iz                          
2000de29  __aeabi_d2uiz                         
2000a88f  __aeabi_dadd                          
2000b001  __aeabi_ddiv                          
2000b6b7  __aeabi_dmul                          
2000a885  __aeabi_dsub                          
2000e2ad  __aeabi_i2d                           
2000d125  __aeabi_memclr                        
2000d125  __aeabi_memclr4                       
2000d125  __aeabi_memclr8                       
2000c659  __aeabi_memcpy                        
2000c659  __aeabi_memcpy4                       
2000c659  __aeabi_memcpy8                       
2000d127  __aeabi_memset                        
2000d127  __aeabi_memset4                       
2000d127  __aeabi_memset8                       
2000e64d  __aeabi_ui2d                          
20009f6d  __aeabi_uldivmod                      
ffffffff  __binit__                             
ffffffff  __c_args__                            
2002f800  __stack                               
2000e985  _args_main                            
2000df65  _c_int00                              
2000eaec  _ctypes_                              
2001f5c4  _lock                                 
2000ea3f  _nop                                  
2000ea37  _register_lock                        
2000ea31  _register_unlock                      
2000e96d  _sl_GetStartResponseConvert           
2000d71d  _sl_HandleAsync_Accept                
2000d1a1  _sl_HandleAsync_Connect               
2000ca61  _sl_HandleAsync_DnsGetHostByName      
2000bde1  _sl_HandleAsync_DnsGetHostByService   
2000d0a9  _sl_HandleAsync_InitComplete          
2000caed  _sl_HandleAsync_PingResponse          
2000d939  _sl_HandleAsync_Select                
2000d9e1  _sl_HandleAsync_Stop                  
2000d4b5  _sl_NetAppSendTokenValue              
20017000  _sys_memory                           
2000eae7  _system_pre_init                      
2001f5c8  _unlock                               
2000dde9  abort                                 
2000db15  atoi                                  
ffffffff  binit                                 
200096cd  calloc                                
2001f52c  conf                                  
2000db61  copy_in                               
20005d45  eTaskGetState                         
2000ddf1  exit                                  
2000e159  feraiseexcept                         
2000941b  free                                  
2000e5a9  frexp                                 
2001f5c0  gFirstCmdMode                         
2000efa4  g_H2NCnysPattern                      
2000ef9c  g_H2NSyncPattern                      
2001f5ac  g_SpiFd                               
2001f000  g_StatMem                             
2001f3b8  g_cDummy                              
2001f524  g_iSimplelinkRole                     
2001f5b8  g_pCB                                 
2001f5b0  g_pHostIntHdl                         
20004000  g_pfnVectors                          
2001f53c  g_ucConnectTimeout                    
2001f38c  g_ucConnectionBSSID                   
2001f2e0  g_ucConnectionSSID                    
2001f5b4  g_ucDMAEnabled                        
2001f240  g_ucDinDout                           
2001f3cd  g_ucLED1Pin                           
2001f3ce  g_ucLED2Pin                           
2001f3cf  g_ucLED3Pin                           
2001f304  g_ucSSID                              
2001f538  g_uiDeviceModeConfig                  
2001f528  g_uiIpAddress                         
2001f588  g_uiLED1Port                          
2001f58c  g_uiLED2Port                          
2001f590  g_uiLED3Port                          
2001f534  g_uiSimplelinkRole                    
2001f508  g_ulGatewayIP                         
2001f504  g_ulPingPacketsRecv                   
2001f500  g_ulStatus                            
2001f532  g_usMCNetworkUstate                   
2000dcd1  ldexp                                 
2000d88d  ltoa                                  
2000582d  main                                  
2001f5e4  main_func_sp                          
200093b3  malloc                                
20009295  mem_Free                              
20009289  mem_Malloc                            
200092b5  mem_copy                              
200092a1  mem_set                               
200095e9  memalign                              
2000e773  memccpy                               
2000e5cb  memcmp                                
2000c659  memcpy                                
2000e541  memmove                               
2000d12d  memset                                
20009325  minit                                 
2001f52d  mode                                  
2000930b  osi_ContextRestore                    
20009309  osi_ContextSave                       
200092c9  osi_EnterCritical                     
200092d3  osi_ExitCritical                      
20008eef  osi_InterruptDeRegister               
20008ec9  osi_InterruptRegister                 
20008ff9  osi_LockObjCreate                     
2000906d  osi_LockObjDelete                     
2000907d  osi_LockObjLock                       
200090a9  osi_LockObjUnlock                     
200091bd  osi_MsgQCreate                        
20009201  osi_MsgQDelete                        
2000924d  osi_MsgQRead                          
2000921b  osi_MsgQWrite                         
200092e5  osi_Sleep                             
200090d3  osi_Spawn                             
20008fd7  osi_SyncObjClear                      
20008f01  osi_SyncObjCreate                     
20008f31  osi_SyncObjDelete                     
20008f4b  osi_SyncObjSignal                     
20008f73  osi_SyncObjSignalFromISR              
20008fab  osi_SyncObjWait                       
2000901f  osi_TaskCreate                        
2000905f  osi_TaskDelete                        
200092f5  osi_TaskDisable                       
200092ff  osi_TaskEnable                        
200092dd  osi_start                             
2001f5bc  pPingCallBackFunc                     
20006269  pcTaskGetTaskName                     
2001f52e  pom                                   
2000c259  portCLZ                               
2000c241  prvPortStartFirstTask                 
2000e015  pvPortMalloc                          
2001f540  pxCurrentTCB                          
2000b399  pxPortInitialiseStack                 
2000e2db  raise                                 
200094dd  realloc                               
2000dead  signal                                
2000c6f5  sl_DevGet                             
2000c319  sl_NetAppMDNSRegisterUnregisterService
2000e0b9  sl_NetAppMDNSUnRegisterService        
2000e45d  sl_NetAppStart                        
2000e485  sl_NetAppStop                         
2000d51d  sl_NetCfgSet                          
2000c0e9  sl_Start                              
2000bd0d  sl_Stop                               
2000eab9  sl_WlanDisconnect                     
2000c825  sl_WlanGet                            
2000d77d  sl_WlanPolicySet                      
2000e24d  sl_WlanProfileDel                     
2000d98d  sl_WlanRxFilterSet                    
2000d585  sl_WlanSet                            
2000e27d  sl_WlanSetMode                        
2000c8b9  sl_WlanSmartConfigStart               
2000eac5  sl_WlanSmartConfigStop                
2000d219  spi_Close                             
2000aeb1  spi_Open                              
2000ba81  spi_Read                              
2000cb79  spi_Write                             
2000e9df  strchr                                
2000ea45  strlen                                
2000dbad  uDMAChannelAssign                     
2000d655  uDMAChannelAttributeDisable           
2000d6b9  uDMAChannelAttributeEnable            
2000dfa1  uDMAChannelControlSet                 
2000e791  uDMAChannelEnable                     
2000b8a9  uDMAChannelTransferSet                
20008539  ucQueueGetQueueType                   
2000c1a9  ulPortSetInterruptMask                
2000b34f  uxListRemove                          
20008519  uxQueueGetQueueNumber                 
200084ad  uxQueueMessagesWaiting                
200084e3  uxQueueMessagesWaitingFromISR         
200084c3  uxQueueSpacesAvailable                
2000625d  uxTaskGetNumberOfTasks                
2000628d  uxTaskGetSystemState                  
20006781  uxTaskGetTaskNumber                   
20005dd9  uxTaskPriorityGet                     
20006cd9  uxTaskResetEventItemValue             
2000440b  vApplicationIdleHook                  
2000440d  vApplicationMallocFailedHook          
2000440f  vApplicationStackOverflowHook         
20004401  vAssertCalled                         
2000b26d  vListInitialise                       
2000b29d  vListInitialiseItem                   
2000b2e9  vListInsert                           
2000b2ad  vListInsertEnd                        
2000c1bf  vPortClearInterruptMask               
2000b415  vPortEndScheduler                     
2000b429  vPortEnterCritical                    
2000b441  vPortExitCritical                     
2000e035  vPortFree                             
2000c219  vPortSVCHandler                       
2000b475  vPortSetupTimerInterrupt              
2000b417  vPortYield                            
20008753  vQueueAddToRegistry                   
200084f5  vQueueDelete                          
20008527  vQueueSetQueueNumber                  
20008795  vQueueUnregisterQueue                 
20005cef  vTaskDelay                            
20005c53  vTaskDelayUntil                       
20005bc3  vTaskDelete                           
20006141  vTaskEndScheduler                     
20006773  vTaskMissedYield                      
20006509  vTaskPlaceOnEventList                 
2000656d  vTaskPlaceOnUnorderedEventList        
20006c4f  vTaskPriorityDisinherit               
20006b95  vTaskPriorityInherit                  
20005e11  vTaskPrioritySet                      
20006009  vTaskResume                           
200067a1  vTaskSetTaskNumber                    
200066d3  vTaskSetTimeOutState                  
200060f7  vTaskStartScheduler                   
20005f15  vTaskSuspend                          
20006153  vTaskSuspendAll                       
20006489  vTaskSwitchContext                    
2000cc8d  vsnprintf                             
2001f594  xHigherPriorityTaskWoken              
2000c1cd  xPortPendSVHandler                    
2000b3e9  xPortStartScheduler                   
2000b459  xPortSysTickHandler                   
200087e3  xQueueAddToSet                        
20008115  xQueueAltGenericReceive               
20008069  xQueueAltGenericSend                  
20007f3d  xQueueCreateCountingSemaphore         
20007ebf  xQueueCreateMutex                     
200087cf  xQueueCreateSet                       
20007e49  xQueueGenericCreate                   
200082af  xQueueGenericReceive                  
20007db9  xQueueGenericReset                    
20007f5d  xQueueGenericSend                     
20008213  xQueueGenericSendFromISR              
200086ef  xQueueIsQueueEmptyFromISR             
20008731  xQueueIsQueueFullFromISR              
20008469  xQueuePeekFromISR                     
200083f1  xQueueReceiveFromISR                  
2001f290  xQueueRegistry                        
20008817  xQueueRemoveFromSet                   
20008859  xQueueSelectFromSet                   
20008873  xQueueSelectFromSetFromISR            
2001f598  xSimpleLinkSpawnQueue                 
2001f59c  xSimpleLinkSpawnTaskHndl              
200066f9  xTaskCheckForTimeOut                  
20005ab5  xTaskGenericCreate                    
20006b49  xTaskGetCurrentTaskHandle             
2000634b  xTaskGetIdleTaskHandle                
20006b5d  xTaskGetSchedulerState                
20006231  xTaskGetTickCount                     
20006245  xTaskGetTickCountFromISR              
20006365  xTaskIncrementTick                    
200065e1  xTaskRemoveFromEventList              
20006665  xTaskRemoveFromUnorderedEventList     
20006165  xTaskResumeAll                        
2000607d  xTaskResumeFromISR                    


GLOBAL SYMBOLS: SORTED BY Symbol Address 

address   name                                  
-------   ----                                  
00000800  __STACK_SIZE                          
00008000  __SYSMEM_SIZE                         
20004000  g_pfnVectors                          
20004401  vAssertCalled                         
2000440b  vApplicationIdleHook                  
2000440d  vApplicationMallocFailedHook          
2000440f  vApplicationStackOverflowHook         
20004419  SimpleLinkWlanEventHandler            
200045d1  SimpleLinkNetAppEventHandler          
20004645  SimpleLinkSockEventHandler            
20004791  SimpleLinkHttpServerCallback          
20004d35  ConnectToNetwork                      
20005261  LightControlTask                      
200053e9  TasterTask                            
200054c9  Taster1                               
200054f1  Taster2                               
20005515  TrunOffPWM1                           
20005539  TrunOffPWM3                           
200055c5  Bliky                                 
20005641  MoveMode                              
200056bd  BlinkyConfig                          
2000582d  main                                  
20005ab5  xTaskGenericCreate                    
20005bc3  vTaskDelete                           
20005c53  vTaskDelayUntil                       
20005cef  vTaskDelay                            
20005d45  eTaskGetState                         
20005dd9  uxTaskPriorityGet                     
20005e11  vTaskPrioritySet                      
20005f15  vTaskSuspend                          
20006009  vTaskResume                           
2000607d  xTaskResumeFromISR                    
200060f7  vTaskStartScheduler                   
20006141  vTaskEndScheduler                     
20006153  vTaskSuspendAll                       
20006165  xTaskResumeAll                        
20006231  xTaskGetTickCount                     
20006245  xTaskGetTickCountFromISR              
2000625d  uxTaskGetNumberOfTasks                
20006269  pcTaskGetTaskName                     
2000628d  uxTaskGetSystemState                  
2000634b  xTaskGetIdleTaskHandle                
20006365  xTaskIncrementTick                    
20006489  vTaskSwitchContext                    
20006509  vTaskPlaceOnEventList                 
2000656d  vTaskPlaceOnUnorderedEventList        
200065e1  xTaskRemoveFromEventList              
20006665  xTaskRemoveFromUnorderedEventList     
200066d3  vTaskSetTimeOutState                  
200066f9  xTaskCheckForTimeOut                  
20006773  vTaskMissedYield                      
20006781  uxTaskGetTaskNumber                   
200067a1  vTaskSetTaskNumber                    
20006b49  xTaskGetCurrentTaskHandle             
20006b5d  xTaskGetSchedulerState                
20006b95  vTaskPriorityInherit                  
20006c4f  vTaskPriorityDisinherit               
20006cd9  uxTaskResetEventItemValue             
20007ab1  __TI_printfi                          
20007db9  xQueueGenericReset                    
20007e49  xQueueGenericCreate                   
20007ebf  xQueueCreateMutex                     
20007f3d  xQueueCreateCountingSemaphore         
20007f5d  xQueueGenericSend                     
20008069  xQueueAltGenericSend                  
20008115  xQueueAltGenericReceive               
20008213  xQueueGenericSendFromISR              
200082af  xQueueGenericReceive                  
200083f1  xQueueReceiveFromISR                  
20008469  xQueuePeekFromISR                     
200084ad  uxQueueMessagesWaiting                
200084c3  uxQueueSpacesAvailable                
200084e3  uxQueueMessagesWaitingFromISR         
200084f5  vQueueDelete                          
20008519  uxQueueGetQueueNumber                 
20008527  vQueueSetQueueNumber                  
20008539  ucQueueGetQueueType                   
200086ef  xQueueIsQueueEmptyFromISR             
20008731  xQueueIsQueueFullFromISR              
20008753  vQueueAddToRegistry                   
20008795  vQueueUnregisterQueue                 
200087cf  xQueueCreateSet                       
200087e3  xQueueAddToSet                        
20008817  xQueueRemoveFromSet                   
20008859  xQueueSelectFromSet                   
20008873  xQueueSelectFromSetFromISR            
200088dd  _SlDrvMsgRead                         
20008ec9  osi_InterruptRegister                 
20008eef  osi_InterruptDeRegister               
20008f01  osi_SyncObjCreate                     
20008f31  osi_SyncObjDelete                     
20008f4b  osi_SyncObjSignal                     
20008f73  osi_SyncObjSignalFromISR              
20008fab  osi_SyncObjWait                       
20008fd7  osi_SyncObjClear                      
20008ff9  osi_LockObjCreate                     
2000901f  osi_TaskCreate                        
2000905f  osi_TaskDelete                        
2000906d  osi_LockObjDelete                     
2000907d  osi_LockObjLock                       
200090a9  osi_LockObjUnlock                     
200090d3  osi_Spawn                             
20009141  VStartSimpleLinkSpawnTask             
20009191  VDeleteSimpleLinkSpawnTask            
200091bd  osi_MsgQCreate                        
20009201  osi_MsgQDelete                        
2000921b  osi_MsgQWrite                         
2000924d  osi_MsgQRead                          
20009289  mem_Malloc                            
20009295  mem_Free                              
200092a1  mem_set                               
200092b5  mem_copy                              
200092c9  osi_EnterCritical                     
200092d3  osi_ExitCritical                      
200092dd  osi_start                             
200092e5  osi_Sleep                             
200092f5  osi_TaskDisable                       
200092ff  osi_TaskEnable                        
20009309  osi_ContextSave                       
2000930b  osi_ContextRestore                    
20009325  minit                                 
200093b3  malloc                                
2000941b  free                                  
200094dd  realloc                               
200095e9  memalign                              
200096cd  calloc                                
2000973d  GPIO_IF_LedConfigure                  
2000977b  GPIO_IF_LedOn                         
2000982f  GPIO_IF_LedOff                        
200098e3  GPIO_IF_LedStatus                     
2000994d  GPIO_IF_LedToggle                     
2000997b  GPIO_IF_GetPortNPin                   
200099c1  GPIO_IF_ConfigureNIntEnable           
20009a03  GPIO_IF_Set                           
20009a3d  GPIO_IF_Get                           
20009a95  InitTerm                              
20009ab3  Message                               
20009ad5  ClearTerm                             
20009adf  Error                                 
20009b17  GetCmd                                
20009bcd  TrimSpace                             
20009c65  Report                                
20009d25  _SlDrvRxHdrRead                       
20009f6d  __aeabi_uldivmod                      
2000a161  _SlDrvReleasePoolObj                  
2000a331  _SlDrvMsgWrite                        
2000a4fd  SetupTimerPWMMode                     
2000a55d  PWM_Init                              
2000a5dd  PWM_Disable_1                         
2000a5e9  PWM_Disable_2                         
2000a5f7  PWM_Disable_3                         
2000a601  PWM_Set1                              
2000a639  PWM_Set2                              
2000a66f  PWM_Set3                              
2000a745  Timer_IF_Init                         
2000a777  Timer_IF_IntSetup                     
2000a7e9  Timer_IF_InterruptClear               
2000a801  Timer_IF_Start                        
2000a821  Timer_IF_Stop                         
2000a831  Timer_IF_DeInit                       
2000a84b  Timer_IF_ReLoad                       
2000a863  Timer_IF_GetCount                     
2000a885  __aeabi_dsub                          
2000a88f  __aeabi_dadd                          
2000aa3d  _SlDrvWaitForPoolObj                  
2000abcd  _SlDrvDriverCBInit                    
2000ad41  _SlFindAndSetActiveObj                
2000aeb1  spi_Open                              
2000b001  __aeabi_ddiv                          
2000b139  PRCMCC3200MCUInit                     
2000b26d  vListInitialise                       
2000b29d  vListInitialiseItem                   
2000b2ad  vListInsertEnd                        
2000b2e9  vListInsert                           
2000b34f  uxListRemove                          
2000b399  pxPortInitialiseStack                 
2000b3e9  xPortStartScheduler                   
2000b415  vPortEndScheduler                     
2000b417  vPortYield                            
2000b429  vPortEnterCritical                    
2000b441  vPortExitCritical                     
2000b459  xPortSysTickHandler                   
2000b475  vPortSetupTimerInterrupt              
2000b4a9  _Dscale                               
2000b5b9  _SlDrvNetAppEventHandler              
2000b6b7  __aeabi_dmul                          
2000b7b5  _SlDrvDriverCBDeinit                  
2000b8a9  uDMAChannelTransferSet                
2000b999  SmartConfigConnect                    
2000ba21  SmartConfigStop                       
2000ba81  spi_Read                              
2000bb5d  _SlDrvClassifyRxMsg                   
2000bc35  PinMuxConfig                          
2000bd0d  sl_Stop                               
2000bde1  _sl_HandleAsync_DnsGetHostByService   
2000bea9  _SlRemoveFromList                     
2000bf6d  _Dnorm                                
2000c02d  _SlDrvMsgReadCmdCtx                   
2000c0e9  sl_Start                              
2000c1a9  ulPortSetInterruptMask                
2000c1bf  vPortClearInterruptMask               
2000c1cd  xPortPendSVHandler                    
2000c219  vPortSVCHandler                       
2000c241  prvPortStartFirstTask                 
2000c259  portCLZ                               
2000c261  _SlAsyncEventGenericHandler           
2000c319  sl_NetAppMDNSRegisterUnregisterService
2000c3cd  IntDisable                            
2000c475  IntEnable                             
2000c51d  SPIConfigSetExpClk                    
2000c5bd  _SlDrvMsgReadSpawnCtx                 
2000c659  __aeabi_memcpy                        
2000c659  __aeabi_memcpy4                       
2000c659  __aeabi_memcpy8                       
2000c659  memcpy                                
2000c6f5  sl_DevGet                             
2000c791  PRCMPeripheralClockGet                
2000c825  sl_WlanGet                            
2000c8b9  sl_WlanSmartConfigStart               
2000ca61  _sl_HandleAsync_DnsGetHostByName      
2000caed  _sl_HandleAsync_PingResponse          
2000cb79  spi_Write                             
2000cc05  PinConfigSet                          
2000cc8d  vsnprintf                             
2000cd15  __aeabi_cdcmpeq                       
2000cd15  __aeabi_cdcmple                       
2000cd9b  __aeabi_cdrcmple                      
2000ce21  NwpPowerOnPreamble                    
2000cea5  GPIOIntTypeSet                        
2000cf29  _SlDrvCmdOp                           
2000d0a9  _sl_HandleAsync_InitComplete          
2000d125  __aeabi_memclr                        
2000d125  __aeabi_memclr4                       
2000d125  __aeabi_memclr8                       
2000d127  __aeabi_memset                        
2000d127  __aeabi_memset4                       
2000d127  __aeabi_memset8                       
2000d12d  memset                                
2000d1a1  _sl_HandleAsync_Connect               
2000d219  spi_Close                             
2000d291  UARTConfigSetExpClk                   
2000d309  _SlDrvCmdSend                         
2000d375  __TI_auto_init                        
2000d44d  TimerIntUnregister                    
2000d4b5  _sl_NetAppSendTokenValue              
2000d51d  sl_NetCfgSet                          
2000d585  sl_WlanSet                            
2000d5ed  _Dunscale                             
2000d655  uDMAChannelAttributeDisable           
2000d6b9  uDMAChannelAttributeEnable            
2000d71d  _sl_HandleAsync_Accept                
2000d77d  sl_WlanPolicySet                      
2000d7dd  IntPendClear                          
2000d835  PRCMPeripheralReset                   
2000d88d  ltoa                                  
2000d8e5  IntPrioritySet                        
2000d939  _sl_HandleAsync_Select                
2000d98d  sl_WlanRxFilterSet                    
2000d9e1  _sl_HandleAsync_Stop                  
2000da31  SPIIntEnable                          
2000da7d  _SlDrvProtectAsyncRespSetting         
2000dac9  _SlDrvRxIrqHandler                    
2000db15  atoi                                  
2000db61  copy_in                               
2000dbad  uDMAChannelAssign                     
2000dbf9  SPIIntClear                           
2000dc41  _SlDrvBasicCmd                        
2000dc89  __aeabi_d2iz                          
2000dcd1  ldexp                                 
2000dd5d  TimerConfigure                        
2000dde5  C$$EXIT                               
2000dde9  abort                                 
2000ddf1  exit                                  
2000de29  __aeabi_d2uiz                         
2000de6d  PinModeSet                            
2000dead  signal                                
2000deed  CopyPingResultsToReport               
2000df29  PRCMPeripheralClkEnable               
2000df65  _c_int00                              
2000dfa1  uDMAChannelControlSet                 
2000dfdd  NwpPowerOff                           
2000e015  pvPortMalloc                          
2000e035  vPortFree                             
2000e04d  GPIODirModeSet                        
2000e083  TimerControlLevel                     
2000e0b9  sl_NetAppMDNSUnRegisterService        
2000e0f1  PRCMPeripheralStatusGet               
2000e125  SPIFIFOLevelSet                       
2000e159  feraiseexcept                         
2000e18d  PinTypeGPIO                           
2000e1bd  UARTDisable                           
2000e1ed  _SlDrvDeviceEventHandler              
2000e21d  _Feraise                              
2000e24d  sl_WlanProfileDel                     
2000e27d  sl_WlanSetMode                        
2000e2ad  __aeabi_i2d                           
2000e2db  raise                                 
2000e309  DmaSpiSwIntHandler                    
2000e335  NwpPowerOn                            
2000e361  PRCMSysResetCauseGet                  
2000e38d  TimerLoadSet                          
2000e3b7  TimerMatchSet                         
2000e3e1  TimerPrescaleSet                      
2000e40b  _Dclass                               
2000e435  PRCMPeripheralClkDisable              
2000e45d  sl_NetAppStart                        
2000e485  sl_NetAppStop                         
2000e4ad  NwpRegisterInterruptHandler           
2000e4d5  IntUnregister                         
2000e4f9  UARTEnable                            
2000e51d  _SlDrvProtectionObjLockWaitForever    
2000e541  memmove                               
2000e565  SPIReset                              
2000e587  SPIWordCountSet                       
2000e5a9  frexp                                 
2000e5cb  memcmp                                
2000e5ed  GPIOPinWrite                          
2000e60d  IntRegister                           
2000e62d  _SlDrvProtectionObjUnLock             
2000e64d  __aeabi_ui2d                          
2000e66d  TimerDisable                          
2000e68b  TimerEnable                           
2000e6a9  TimerIntStatus                        
2000e6c7  UARTCharPut                           
2000e703  TimerValueGet                         
2000e71f  UARTCharGetNonBlocking                
2000e73b  _SlDrvObjLockWaitForever              
2000e757  _SlDrvSyncObjWaitForever              
2000e773  memccpy                               
2000e791  uDMAChannelEnable                     
2000e7ad  GPIOIntDisable                        
2000e7c7  GPIOIntEnable                         
2000e7e1  PinTypeTimer                          
2000e7fb  PinTypeUART                           
2000e815  SPIDmaDisable                         
2000e82f  SPIDmaEnable                          
2000e849  SPIFIFODisable                        
2000e863  SPIFIFOEnable                         
2000e87d  GPIOPinRead                           
2000e895  SPICSDisable                          
2000e8ad  SPICSEnable                           
2000e8c5  SPIDisable                            
2000e8dd  SPIEnable                             
2000e8f5  TimerIntDisable                       
2000e90d  TimerIntEnable                        
2000e925  UARTCharsAvail                        
2000e93d  _SlDrvObjUnLock                       
2000e955  _SlDrvSyncObjSignal                   
2000e96d  _sl_GetStartResponseConvert           
2000e985  _args_main                            
2000e99d  PRCMHIBRegRead                        
2000e9b3  PRCMHIBRegWrite                       
2000e9c9  _SlDrvMemZero                         
2000e9df  strchr                                
2000e9f5  CPUcpsie                              
2000ea09  GPIOIntClear                          
2000ea1d  IntVTableBaseSet                      
2000ea31  _register_unlock                      
2000ea37  _register_lock                        
2000ea3f  _nop                                  
2000ea45  strlen                                
2000ea59  TimerIntClear                         
2000ea6b  _SlDrvResetCmdExt                     
2000ea79  __TI_decompress_none                  
2000ea87  ResetISR                              
2000ea95  NwpMaskInterrupt                      
2000eaa1  NwpUnMaskInterrupt                    
2000eaad  __TI_zero_init                        
2000eab9  sl_WlanDisconnect                     
2000eac5  sl_WlanSmartConfigStop                
2000ead1  IntMasterEnable                       
2000eadb  UtilsDelay                            
2000eae1  __TI_decompress_rle24                 
2000eae7  _system_pre_init                      
2000eaec  _ctypes_                              
2000eeec  OpcodeTranslateTable                  
2000ef28  _SlPolicySetCmdCtrl                   
2000ef2c  _SlPolicyGetCmdCtrl                   
2000ef30  _SlProfileGetCmdCtrl                  
2000ef34  _SlProfileDelCmdCtrl                  
2000ef38  _SlWlanGetNetworkListCtrl             
2000ef3c  _SlRxFilterAddtCmdCtrl                
2000ef40  _SlRxFilterSetCmdCtrl                 
2000ef44  _SlRxFilterGetCmdCtrl                 
2000ef48  _SlSmartConfigStartCmdCtrl            
2000ef4c  _SlWlanSetModeCmdCtrl                 
2000ef50  _SlWlanCfgSetCmdCtrl                  
2000ef54  _SlWlanCfgGetCmdCtrl                  
2000ef64  _SlActionLookupTable                  
2000ef9c  g_H2NSyncPattern                      
2000efa4  g_H2NCnysPattern                      
2000efac  RxMsgClassLUT                         
2000f024  _SlNetAppStartCtrl                    
2000f028  _SlNetAppStopCtrl                     
2000f02c  _SlGetServiceListeCtrl                
2000f030  _SlRegisterServiceCtrl                
2000f034  _SlGetHostByServiceCtrl               
2000f038  _SlGetHostByNameCtrl                  
2000f03c  _SlNetAppSetCmdCtrl                   
2000f040  _SlNetAppSendTokenValueCmdCtrl        
2000f044  _SlNetAppGetCmdCtrl                   
2000f0c0  _SlStopCmdCtrl                        
2000f0c4  _SlEventMaskSetCmdCtrl                
2000f0c8  _SlEventMaskGetCmdCtrl                
2000f0cc  _SlDeviceGetCmdCtrl                   
2000f0d0  _SlDeviceSetCmdCtrl                   
2000f0d4  StartResponseLUT                      
2000f0dc  _SlNetCfgSetCmdCtrl                   
2000f0e0  _SlNetCfgGetCmdCtrl                   
2000f0e8  __TI_static_base__                    
2000f184  __TI_Handler_Table_Base               
2000f190  __TI_Handler_Table_Limit              
2000f198  __TI_CINIT_Base                       
2000f1a8  __TI_CINIT_Limit                      
20017000  _sys_memory                           
2001f000  g_StatMem                             
2001f240  g_ucDinDout                           
2001f290  xQueueRegistry                        
2001f2e0  g_ucConnectionSSID                    
2001f304  g_ucSSID                              
2001f38c  g_ucConnectionBSSID                   
2001f394  BlueMove                              
2001f398  DMAMsgQ                               
2001f39c  GreenMove                             
2001f3a0  IntTransient                          
2001f3a4  MsgQCommands                          
2001f3a8  MsgQConnection                        
2001f3ac  MsgQTaster                            
2001f3b0  RedMove                               
2001f3b8  g_cDummy                              
2001f3cc  RxIrqCnt                              
2001f3cd  g_ucLED1Pin                           
2001f3ce  g_ucLED2Pin                           
2001f3cf  g_ucLED3Pin                           
2001f480  _Denorm                               
2001f490  _Eps                                  
2001f4a0  _Hugeval                              
2001f4b0  _Inf                                  
2001f4c0  _Nan                                  
2001f4d0  _Snan                                 
2001f4e0  _Rteps                                
2001f4f0  _Xbig                                 
2001f4f8  _Zero                                 
2001f500  g_ulStatus                            
2001f504  g_ulPingPacketsRecv                   
2001f508  g_ulGatewayIP                         
2001f50c  POST_token                            
2001f517  GET_token                             
2001f524  g_iSimplelinkRole                     
2001f528  g_uiIpAddress                         
2001f52c  conf                                  
2001f52d  mode                                  
2001f52e  pom                                   
2001f52f  RedOld                                
2001f530  GreenOld                              
2001f531  BlueOld                               
2001f532  g_usMCNetworkUstate                   
2001f534  g_uiSimplelinkRole                    
2001f538  g_uiDeviceModeConfig                  
2001f53c  g_ucConnectTimeout                    
2001f540  pxCurrentTCB                          
2001f588  g_uiLED1Port                          
2001f58c  g_uiLED2Port                          
2001f590  g_uiLED3Port                          
2001f594  xHigherPriorityTaskWoken              
2001f598  xSimpleLinkSpawnQueue                 
2001f59c  xSimpleLinkSpawnTaskHndl              
2001f5ac  g_SpiFd                               
2001f5b0  g_pHostIntHdl                         
2001f5b4  g_ucDMAEnabled                        
2001f5b8  g_pCB                                 
2001f5bc  pPingCallBackFunc                     
2001f5c0  gFirstCmdMode                         
2001f5c4  _lock                                 
2001f5c8  _unlock                               
2001f5cc  __TI_cleanup_ptr                      
2001f5d0  __TI_dtors_ptr                        
2001f5d4  _Fenv                                 
2001f5d8  _Tls_setup__Fenv                      
2001f5e0  _Errno                                
2001f5e4  main_func_sp                          
2002f800  __stack                               
20030000  __STACK_END                           
ffffffff  __binit__                             
ffffffff  __c_args__                            
ffffffff  binit                                 
UNDEFED   SHT$$INIT_ARRAY$$Base                 
UNDEFED   SHT$$INIT_ARRAY$$Limit                

[488 symbols]
