******************************************************************************
                  TI ARM Linker PC v5.2.4                      
******************************************************************************
>> Linked Wed Sep 16 10:00:12 2015

OUTPUT FILE NAME:   <Dimmer.out>
ENTRY POINT SYMBOL: "_c_int00"  address: 2000e635


MEMORY CONFIGURATION

         name            origin    length      used     unused   attr    fill
----------------------  --------  ---------  --------  --------  ----  --------
  SRAM_CODE             20004000   00013000  0000b99a  00007666  RW X
  SRAM_DATA             20017000   00019000  00008e30  000101d0  RW X


SEGMENT ALLOCATION MAP

run origin  load origin   length   init length attrs members
----------  ----------- ---------- ----------- ----- -------
20004000    20004000    0000b9a0   0000b9a0    r-x
  20004000    20004000    00000400   00000400    r-- .intvecs
  20004400    20004400    0000ae66   0000ae66    r-x .text
  2000f268    2000f268    00000674   00000674    r-- .const
  2000f8e0    2000f8e0    000000c0   000000c0    r-- .cinit
20017000    20017000    00008630   00000000    rw-
  20017000    20017000    00008000   00000000    rw- .sysmem
  2001f000    2001f000    00000418   00000000    rw- .bss
  2001f418    2001f418    00000218   00000000    rw- .data
2002f800    2002f800    00000800   00000000    rw-
  2002f800    2002f800    00000800   00000000    rw- .stack


SECTION ALLOCATION MAP

 output                                  attributes/
section   page    origin      length       input sections
--------  ----  ----------  ----------   ----------------
.intvecs   0    20004000    00000400     
                  20004000    00000400     startup_ccs.obj (.intvecs)

.init_array 
*          0    20004000    00000000     UNINITIALIZED

.text      0    20004400    0000ae66     
                  20004400    0000166c     main.obj (.text)
                  20005a6c    0000125c     free_rtos.a : tasks.obj (.text)
                  20006cc8    000010a6     rtsv7M4_T_le_eabi.lib : _printfi.obj (.text)
                  20007d6e    00000002     driverlib.a : interrupt.obj (.text:IntDefaultHandler)
                  20007d70    00000b24     free_rtos.a : queue.obj (.text)
                  20008894    000005ec     simplelink.a : driver.obj (.text:_SlDrvMsgRead)
                  20008e80    0000045c     free_rtos.a : osi_freertos.obj (.text)
                  200092dc    000003dc     rtsv7M4_T_le_eabi.lib : memory.obj (.text)
                  200096b8    00000394     gpio_if.obj (.text)
                  20009a4c    00000290     uart_if.obj (.text)
                  20009cdc    0000025c     Flash.obj (.text)
                  20009f38    00000248     simplelink.a : driver.obj (.text:_SlDrvRxHdrRead)
                  2000a180    00000228     pwm.obj (.text)
                  2000a3a8    000001f4     rtsv7M4_T_le_eabi.lib : ull_div_t2.obj (.text)
                  2000a59c    000001d0     simplelink.a : driver.obj (.text:_SlDrvReleasePoolObj)
                  2000a76c    000001cc                  : driver.obj (.text:_SlDrvMsgWrite)
                  2000a938    000001c0     timer_if.obj (.text)
                  2000aaf8    000001b6     rtsv7M4_T_le_eabi.lib : fd_add_t2.obj (.text)
                  2000acae    00000002     --HOLE-- [fill = 0]
                  2000acb0    00000190     simplelink.a : driver.obj (.text:_SlDrvWaitForPoolObj)
                  2000ae40    00000174                  : driver.obj (.text:_SlDrvDriverCBInit)
                  2000afb4    00000170                  : driver.obj (.text:_SlFindAndSetActiveObj)
                  2000b124    00000150                  : cc_pal.obj (.text:spi_Open)
                  2000b274    00000136     rtsv7M4_T_le_eabi.lib : fd_div_t2.obj (.text)
                  2000b3aa    00000002     --HOLE-- [fill = 0]
                  2000b3ac    00000134     driverlib.a : prcm.obj (.text:PRCMCC3200MCUInit)
                  2000b4e0    0000012a     free_rtos.a : list.obj (.text)
                  2000b60a    00000002     --HOLE-- [fill = 0]
                  2000b60c    00000110                 : port.obj (.text)
                  2000b71c    00000110     rtsv7M4_T_le_eabi.lib : xdscale.obj (.text)
                  2000b82c    000000fe     simplelink.a : netapp.obj (.text:_SlDrvNetAppEventHandler)
                  2000b92a    000000fc     rtsv7M4_T_le_eabi.lib : fd_mul_t2.obj (.text)
                  2000ba26    00000002     --HOLE-- [fill = 0]
                  2000ba28    000000f4     simplelink.a : driver.obj (.text:_SlDrvDriverCBDeinit)
                  2000bb1c    000000f4     pinmux.obj (.text)
                  2000bc10    000000f4     simplelink.a : fs.obj (.text:sl_FsRead)
                  2000bd04    000000f0     driverlib.a : udma.obj (.text:uDMAChannelTransferSet)
                  2000bdf4    000000ec     simplelink.a : fs.obj (.text:sl_FsWrite)
                  2000bee0    000000e8     smartconfig.obj (.text)
                  2000bfc8    000000dc     simplelink.a : cc_pal.obj (.text:spi_Read)
                  2000c0a4    000000d8                  : driver.obj (.text:_SlDrvClassifyRxMsg)
                  2000c17c    000000d4                  : device.obj (.text:sl_Stop)
                  2000c250    000000c8                  : netapp.obj (.text:_sl_HandleAsync_DnsGetHostByService)
                  2000c318    000000c4                  : driver.obj (.text:_SlRemoveFromList)
                  2000c3dc    000000be     rtsv7M4_T_le_eabi.lib : xdnorm.obj (.text)
                  2000c49a    00000002     --HOLE-- [fill = 0]
                  2000c49c    000000bc     simplelink.a : driver.obj (.text:_SlDrvMsgReadCmdCtx)
                  2000c558    000000bc                  : device.obj (.text:sl_Start)
                  2000c614    000000ba     free_rtos.a : portasm.obj (.text)
                  2000c6ce    00000002     --HOLE-- [fill = 0]
                  2000c6d0    000000b8     simplelink.a : driver.obj (.text:_SlAsyncEventGenericHandler)
                  2000c788    000000b4                  : netapp.obj (.text:sl_NetAppMDNSRegisterUnregisterService)
                  2000c83c    000000a8     driverlib.a : interrupt.obj (.text:IntDisable)
                  2000c8e4    000000a8                 : interrupt.obj (.text:IntEnable)
                  2000c98c    000000a0                 : spi.obj (.text:SPIConfigSetExpClk)
                  2000ca2c    0000009c     simplelink.a : driver.obj (.text:_SlDrvMsgReadSpawnCtx)
                  2000cac8    0000009c     rtsv7M4_T_le_eabi.lib : memcpy_t2.obj (.text)
                  2000cb64    0000009c     simplelink.a : device.obj (.text:sl_DevGet)
                  2000cc00    00000098                  : fs.obj (.text:_sl_GetCreateFsMode)
                  2000cc98    00000094     driverlib.a : prcm.obj (.text:PRCMPeripheralClockGet)
                  2000cd2c    00000094     simplelink.a : wlan.obj (.text:sl_WlanGet)
                  2000cdc0    00000090                  : wlan.obj (.text:sl_WlanSmartConfigStart)
                  2000ce50    0000008c                  : cc_pal.obj (.text:SetupDMAReceive)
                  2000cedc    0000008c                  : cc_pal.obj (.text:SetupDMASend)
                  2000cf68    0000008c                  : netapp.obj (.text:_sl_HandleAsync_DnsGetHostByName)
                  2000cff4    0000008c                  : netapp.obj (.text:_sl_HandleAsync_PingResponse)
                  2000d080    0000008c                  : cc_pal.obj (.text:spi_Write)
                  2000d10c    00000088     driverlib.a : pin.obj (.text:PinConfigSet)
                  2000d194    00000088     rtsv7M4_T_le_eabi.lib : vsnprintf.obj (.text)
                  2000d21c    00000088     simplelink.a : fs.obj (.text:sl_FsClose)
                  2000d2a4    00000086     rtsv7M4_T_le_eabi.lib : fd_cmp_t2.obj (.text:__aeabi_cdcmple)
                  2000d32a    00000086                           : fd_cmp_t2.obj (.text:__aeabi_cdrcmple)
                  2000d3b0    00000084     simplelink.a : cc_pal.obj (.text:NwpPowerOnPreamble)
                  2000d434    00000082     driverlib.a : gpio.obj (.text:GPIOIntTypeSet)
                  2000d4b6    00000002     --HOLE-- [fill = 0]
                  2000d4b8    00000080     simplelink.a : driver.obj (.text:_SlDrvCmdOp)
                  2000d538    00000080                  : cc_pal.obj (.text:spi_Read_CPU)
                  2000d5b8    00000080                  : cc_pal.obj (.text:spi_Write_CPU)
                  2000d638    0000007c                  : device.obj (.text:_sl_HandleAsync_InitComplete)
                  2000d6b4    0000007c                  : fs.obj (.text:sl_FsGetInfo)
                  2000d730    0000007a     rtsv7M4_T_le_eabi.lib : memset_t2.obj (.text)
                  2000d7aa    00000002     --HOLE-- [fill = 0]
                  2000d7ac    00000078     simplelink.a : socket.obj (.text:_sl_HandleAsync_Connect)
                  2000d824    00000078                  : fs.obj (.text:sl_FsOpen)
                  2000d89c    00000078                  : cc_pal.obj (.text:spi_Close)
                  2000d914    00000076     driverlib.a : uart.obj (.text:UARTConfigSetExpClk)
                  2000d98a    00000002     --HOLE-- [fill = 0]
                  2000d98c    0000006c     simplelink.a : driver.obj (.text:_SlDrvCmdSend)
                  2000d9f8    0000006c     rtsv7M4_T_le_eabi.lib : autoinit.obj (.text)
                  2000da64    0000006a                           : copy_decompress_rle.obj (.text)
                  2000dace    00000002     --HOLE-- [fill = 0]
                  2000dad0    00000068     driverlib.a : timer.obj (.text:TimerIntUnregister)
                  2000db38    00000068     simplelink.a : netapp.obj (.text:_sl_NetAppSendTokenValue)
                  2000dba0    00000068                  : netcfg.obj (.text:sl_NetCfgSet)
                  2000dc08    00000068                  : wlan.obj (.text:sl_WlanSet)
                  2000dc70    00000066     rtsv7M4_T_le_eabi.lib : xdunscal.obj (.text)
                  2000dcd6    00000002     --HOLE-- [fill = 0]
                  2000dcd8    00000064     driverlib.a : udma.obj (.text:uDMAChannelAttributeDisable)
                  2000dd3c    00000064                 : udma.obj (.text:uDMAChannelAttributeEnable)
                  2000dda0    00000060     simplelink.a : socket.obj (.text:_sl_HandleAsync_Accept)
                  2000de00    00000060                  : wlan.obj (.text:sl_WlanPolicySet)
                  2000de60    00000058     driverlib.a : interrupt.obj (.text:IntPendClear)
                  2000deb8    00000058                 : prcm.obj (.text:PRCMPeripheralReset)
                  2000df10    00000056     rtsv7M4_T_le_eabi.lib : ltoa.obj (.text)
                  2000df66    00000002     --HOLE-- [fill = 0]
                  2000df68    00000054     driverlib.a : interrupt.obj (.text:IntPrioritySet)
                  2000dfbc    00000054     simplelink.a : socket.obj (.text:_sl_HandleAsync_Select)
                  2000e010    00000054                  : wlan.obj (.text:sl_WlanRxFilterSet)
                  2000e064    00000050                  : device.obj (.text:_sl_HandleAsync_Stop)
                  2000e0b4    0000004c     ADC_my.obj (.text)
                  2000e100    0000004c     driverlib.a : spi.obj (.text:SPIIntEnable)
                  2000e14c    0000004c     simplelink.a : driver.obj (.text:_SlDrvProtectAsyncRespSetting)
                  2000e198    0000004c                  : driver.obj (.text:_SlDrvRxIrqHandler)
                  2000e1e4    0000004c     rtsv7M4_T_le_eabi.lib : atoi.obj (.text)
                  2000e230    0000004c                           : cpy_tbl.obj (.text)
                  2000e27c    0000004c     driverlib.a : udma.obj (.text:uDMAChannelAssign)
                  2000e2c8    00000048                 : spi.obj (.text:SPIIntClear)
                  2000e310    00000048     simplelink.a : driver.obj (.text:_SlDrvBasicCmd)
                  2000e358    00000048     rtsv7M4_T_le_eabi.lib : fd_toi_t2.obj (.text)
                  2000e3a0    00000046                           : ldexp.obj (.text)
                  2000e3e6    00000002     --HOLE-- [fill = 0]
                  2000e3e8    00000044     driverlib.a : spi.obj (.text:SPIDmaMaskGet)
                  2000e42c    00000044                 : timer.obj (.text:TimerConfigure)
                  2000e470    00000044     simplelink.a : cc_pal.obj (.text:cc_SetupTransfer)
                  2000e4b4    00000044     rtsv7M4_T_le_eabi.lib : exit.obj (.text)
                  2000e4f8    00000044                           : fd_tou_t2.obj (.text)
                  2000e53c    00000040     driverlib.a : pin.obj (.text:PinModeSet)
                  2000e57c    00000040     rtsv7M4_T_le_eabi.lib : signal.obj (.text)
                  2000e5bc    0000003c     simplelink.a : netapp.obj (.text:CopyPingResultsToReport)
                  2000e5f8    0000003c     driverlib.a : prcm.obj (.text:PRCMPeripheralClkEnable)
                  2000e634    0000003c     rtsv7M4_T_le_eabi.lib : boot.obj (.text)
                  2000e670    0000003c     driverlib.a : udma.obj (.text:uDMAChannelControlSet)
                  2000e6ac    00000038                 : adc.obj (.text:ADCChannelEnable)
                  2000e6e4    00000038     simplelink.a : cc_pal.obj (.text:NwpPowerOff)
                  2000e71c    00000038     free_rtos.a : heap_3.obj (.text)
                  2000e754    00000036     driverlib.a : gpio.obj (.text:GPIODirModeSet)
                  2000e78a    00000036                 : timer.obj (.text:TimerControlLevel)
                  2000e7c0    00000036     simplelink.a : netapp.obj (.text:sl_NetAppMDNSUnRegisterService)
                  2000e7f6    00000002     --HOLE-- [fill = 0]
                  2000e7f8    00000034     driverlib.a : prcm.obj (.text:PRCMPeripheralStatusGet)
                  2000e82c    00000034                 : spi.obj (.text:SPIFIFOLevelSet)
                  2000e860    00000034     rtsv7M4_T_le_eabi.lib : feraiseexcept.obj (.text)
                  2000e894    00000030     driverlib.a : pin.obj (.text:PinTypeGPIO)
                  2000e8c4    00000030                 : uart.obj (.text:UARTDisable)
                  2000e8f4    00000030     simplelink.a : device.obj (.text:_SlDrvDeviceEventHandler)
                  2000e924    00000030                  : fs.obj (.text:_sl_Strlen)
                  2000e954    00000030     rtsv7M4_T_le_eabi.lib : xferaise.obj (.text)
                  2000e984    00000030     simplelink.a : wlan.obj (.text:sl_WlanProfileDel)
                  2000e9b4    00000030                  : wlan.obj (.text:sl_WlanSetMode)
                  2000e9e4    0000002e     rtsv7M4_T_le_eabi.lib : i_tofd_t2.obj (.text)
                  2000ea12    0000002e                           : raise.obj (.text)
                  2000ea40    0000002c     simplelink.a : cc_pal.obj (.text:DmaSpiSwIntHandler)
                  2000ea6c    0000002c                  : cc_pal.obj (.text:NwpPowerOn)
                  2000ea98    0000002c     driverlib.a : prcm.obj (.text:PRCMSysResetCauseGet)
                  2000eac4    0000002a                 : timer.obj (.text:TimerLoadSet)
                  2000eaee    0000002a                 : timer.obj (.text:TimerMatchSet)
                  2000eb18    0000002a                 : timer.obj (.text:TimerPrescaleSet)
                  2000eb42    0000002a     rtsv7M4_T_le_eabi.lib : xdclass.obj (.text)
                  2000eb6c    00000028     driverlib.a : prcm.obj (.text:PRCMPeripheralClkDisable)
                  2000eb94    00000028     simplelink.a : netapp.obj (.text:sl_NetAppStart)
                  2000ebbc    00000028                  : netapp.obj (.text:sl_NetAppStop)
                  2000ebe4    00000026                  : cc_pal.obj (.text:NwpRegisterInterruptHandler)
                  2000ec0a    00000002     --HOLE-- [fill = 0]
                  2000ec0c    00000024     driverlib.a : interrupt.obj (.text:IntUnregister)
                  2000ec30    00000024                 : uart.obj (.text:UARTEnable)
                  2000ec54    00000024     simplelink.a : driver.obj (.text:_SlDrvProtectionObjLockWaitForever)
                  2000ec78    00000024     rtsv7M4_T_le_eabi.lib : memmov.obj (.text)
                  2000ec9c    00000022     driverlib.a : spi.obj (.text:SPIReset)
                  2000ecbe    00000022                 : spi.obj (.text:SPIWordCountSet)
                  2000ece0    00000022     rtsv7M4_T_le_eabi.lib : frexp.obj (.text)
                  2000ed02    00000022                           : memcmp.obj (.text)
                  2000ed24    00000020     driverlib.a : gpio.obj (.text:GPIOPinWrite)
                  2000ed44    00000020                 : interrupt.obj (.text:IntRegister)
                  2000ed64    00000020     simplelink.a : driver.obj (.text:_SlDrvProtectionObjUnLock)
                  2000ed84    00000020     rtsv7M4_T_le_eabi.lib : u_tofd_t2.obj (.text)
                  2000eda4    0000001e     driverlib.a : timer.obj (.text:TimerDisable)
                  2000edc2    0000001e                 : timer.obj (.text:TimerEnable)
                  2000ede0    0000001e                 : timer.obj (.text:TimerIntStatus)
                  2000edfe    0000001e                 : uart.obj (.text:UARTCharPut)
                  2000ee1c    0000001e     simplelink.a : cc_pal.obj (.text:cc_UDMAChannelSelect)
                  2000ee3a    0000001c     driverlib.a : adc.obj (.text:ADCFIFOLvlGet)
                  2000ee56    0000001c                 : timer.obj (.text:TimerValueGet)
                  2000ee72    0000001c                 : uart.obj (.text:UARTCharGetNonBlocking)
                  2000ee8e    0000001c     simplelink.a : driver.obj (.text:_SlDrvObjLockWaitForever)
                  2000eeaa    0000001c                  : driver.obj (.text:_SlDrvSyncObjWaitForever)
                  2000eec6    0000001c     rtsv7M4_T_le_eabi.lib : memccpy.obj (.text)
                  2000eee2    00000002     --HOLE-- [fill = 0]
                  2000eee4    0000001c     driverlib.a : udma.obj (.text:uDMAChannelEnable)
                  2000ef00    0000001a                 : gpio.obj (.text:GPIOIntEnable)
                  2000ef1a    0000001a                 : pin.obj (.text:PinTypeTimer)
                  2000ef34    0000001a                 : pin.obj (.text:PinTypeUART)
                  2000ef4e    0000001a                 : spi.obj (.text:SPIDmaDisable)
                  2000ef68    0000001a                 : spi.obj (.text:SPIDmaEnable)
                  2000ef82    0000001a                 : spi.obj (.text:SPIFIFODisable)
                  2000ef9c    0000001a                 : spi.obj (.text:SPIFIFOEnable)
                  2000efb6    00000018                 : adc.obj (.text:ADCFIFORead)
                  2000efce    00000018                 : gpio.obj (.text:GPIOPinRead)
                  2000efe6    00000018                 : spi.obj (.text:SPICSDisable)
                  2000effe    00000018                 : spi.obj (.text:SPICSEnable)
                  2000f016    00000018                 : spi.obj (.text:SPIDisable)
                  2000f02e    00000018                 : spi.obj (.text:SPIEnable)
                  2000f046    00000018                 : timer.obj (.text:TimerIntDisable)
                  2000f05e    00000018                 : timer.obj (.text:TimerIntEnable)
                  2000f076    00000018                 : uart.obj (.text:UARTCharsAvail)
                  2000f08e    00000018     simplelink.a : driver.obj (.text:_SlDrvObjUnLock)
                  2000f0a6    00000018                  : driver.obj (.text:_SlDrvSyncObjSignal)
                  2000f0be    00000002     --HOLE-- [fill = 0]
                  2000f0c0    00000018                  : device.obj (.text:_sl_GetStartResponseConvert)
                  2000f0d8    00000018     rtsv7M4_T_le_eabi.lib : args_main.obj (.text)
                  2000f0f0    00000016     driverlib.a : prcm.obj (.text:PRCMHIBRegRead)
                  2000f106    00000016                 : prcm.obj (.text:PRCMHIBRegWrite)
                  2000f11c    00000016     simplelink.a : driver.obj (.text:_SlDrvMemZero)
                  2000f132    00000016     rtsv7M4_T_le_eabi.lib : strchr.obj (.text)
                  2000f148    00000014     driverlib.a : adc.obj (.text:ADCEnable)
                  2000f15c    00000014                 : cpu.obj (.text:CPUcpsie)
                  2000f170    00000014                 : gpio.obj (.text:GPIOIntClear)
                  2000f184    00000014                 : interrupt.obj (.text:IntVTableBaseSet)
                  2000f198    00000014                 : pin.obj (.text:PinTypeADC)
                  2000f1ac    00000014     rtsv7M4_T_le_eabi.lib : _lock.obj (.text)
                  2000f1c0    00000014                           : strlen.obj (.text)
                  2000f1d4    00000012     driverlib.a : timer.obj (.text:TimerIntClear)
                  2000f1e6    0000000e     simplelink.a : driver.obj (.text:_SlDrvResetCmdExt)
                  2000f1f4    0000000e     rtsv7M4_T_le_eabi.lib : copy_decompress_none.obj (.text:decompress:none)
                  2000f202    0000000e     startup_ccs.obj (.text)
                  2000f210    0000000c     simplelink.a : cc_pal.obj (.text:NwpMaskInterrupt)
                  2000f21c    0000000c                  : cc_pal.obj (.text:NwpUnMaskInterrupt)
                  2000f228    0000000c     rtsv7M4_T_le_eabi.lib : copy_zero_init.obj (.text:decompress:ZI)
                  2000f234    0000000c     simplelink.a : wlan.obj (.text:sl_WlanDisconnect)
                  2000f240    0000000c                  : wlan.obj (.text:sl_WlanSmartConfigStop)
                  2000f24c    0000000a     driverlib.a : interrupt.obj (.text:IntMasterEnable)
                  2000f256    00000006                 : utils.obj (.text:UtilsDelay)
                  2000f25c    00000006     rtsv7M4_T_le_eabi.lib : copy_decompress_rle.obj (.text:decompress:rle24)
                  2000f262    00000004                           : pre_init.obj (.text)

.const     0    2000f268    00000674     
                  2000f268    00000101     rtsv7M4_T_le_eabi.lib : ctype.obj (.const:.string:_ctypes_)
                  2000f369    00000003     --HOLE-- [fill = 0]
                  2000f36c    00000100     driverlib.a : pin.obj (.const:g_ulPinToPadMap)
                  2000f46c    000000d4                 : interrupt.obj (.const:g_pulRegs)
                  2000f540    000000a8                 : prcm.obj (.const:PRCM_PeriphRegsList)
                  2000f5e8    00000080                 : interrupt.obj (.const)
                  2000f668    0000003c     simplelink.a : driver.obj (.const:OpcodeTranslateTable)
                  2000f6a4    0000003c                  : wlan.obj (.const)
                  2000f6e0    00000038     Flash.obj (.const:.string)
                  2000f718    00000038     simplelink.a : driver.obj (.const:_SlActionLookupTable)
                  2000f750    00000038                  : fs.obj (.const)
                  2000f788    00000034                  : driver.obj (.const)
                  2000f7bc    00000031     main.obj (.const:.string)
                  2000f7ed    00000003     --HOLE-- [fill = 0]
                  2000f7f0    0000002c     main.obj (.const:$P$T1$2)
                  2000f81c    00000028     simplelink.a : netapp.obj (.const)
                  2000f844    00000023     smartconfig.obj (.const:.string)
                  2000f867    00000022     main.obj (.const:.string:$P$T0$1)
                  2000f889    00000003     --HOLE-- [fill = 0]
                  2000f88c    00000018     driverlib.a : spi.obj (.const)
                  2000f8a4    00000014     main.obj (.const)
                  2000f8b8    00000014     simplelink.a : device.obj (.const)
                  2000f8cc    00000008                  : device.obj (.const:.string)
                  2000f8d4    00000008                  : netcfg.obj (.const)

.cinit     0    2000f8e0    000000c0     
                  2000f8e0    0000009a     (.cinit..data.load) [load image, compression = rle]
                  2000f97a    00000002     --HOLE-- [fill = 0]
                  2000f97c    0000000c     (__TI_handler_table)
                  2000f988    00000008     (.cinit..bss.load) [load image, compression = zero_init]
                  2000f990    00000010     (__TI_cinit_table)

.sysmem    0    20017000    00008000     UNINITIALIZED
                  20017000    00000008     rtsv7M4_T_le_eabi.lib : memory.obj (.sysmem)
                  20017008    00007ff8     --HOLE--

.bss       0    2001f000    00000418     UNINITIALIZED
                  2001f000    00000178     simplelink.a : driver.obj (.bss:g_StatMem)
                  2001f178    000000c8     free_rtos.a : tasks.obj (.bss:pxReadyTasksLists)
                  2001f240    00000050     simplelink.a : cc_pal.obj (.bss:g_ucDinDout)
                  2001f290    00000050     free_rtos.a : queue.obj (.bss:xQueueRegistry)
                  2001f2e0    00000024     main.obj (.bss:g_ucConnectionSSID)
                  2001f304    00000024     main.obj (.bss:g_ucSSID)
                  2001f328    00000020     (.common:Status)
                  2001f348    0000001c     (.common:info)
                  2001f364    00000014     (.common:xDelayedTaskList1)
                  2001f378    00000014     (.common:xDelayedTaskList2)
                  2001f38c    00000014     (.common:xPendingReadyList)
                  2001f3a0    00000014     (.common:xSuspendedTaskList)
                  2001f3b4    00000014     (.common:xTasksWaitingTermination)
                  2001f3c8    00000008     (.common:g_ucConnectionBSSID)
                  2001f3d0    00000004     (.common:BlueMove)
                  2001f3d4    00000004     (.common:ConnectSync)
                  2001f3d8    00000004     (.common:DMAMsgQ)
                  2001f3dc    00000004     (.common:GreenMove)
                  2001f3e0    00000004     (.common:IntTransient)
                  2001f3e4    00000004     (.common:MsgQCommands)
                  2001f3e8    00000004     (.common:MsgQConnection)
                  2001f3ec    00000004     (.common:MsgQTaster)
                  2001f3f0    00000004     (.common:RedMove)
                  2001f3f4    00000004     (.common:Tast1)
                  2001f3f8    00000004     (.common:Tast2)
                  2001f3fc    00000004     (.common:__Errorlog)
                  2001f400    00000004     (.common:g_cDummy)
                  2001f404    00000004     (.common:pxDelayedTaskList)
                  2001f408    00000004     (.common:pxOverflowDelayedTaskList)
                  2001f40c    00000004     (.common:ul_TIMERA0Base)
                  2001f410    00000004     (.common:ul_TIMERA1Base)
                  2001f414    00000001     (.common:RxIrqCnt)
                  2001f415    00000001     (.common:g_ucLED1Pin)
                  2001f416    00000001     (.common:g_ucLED2Pin)
                  2001f417    00000001     (.common:g_ucLED3Pin)

.TI.noinit 
*          0    2001f000    00000000     UNINITIALIZED

.data      0    2001f418    00000218     UNINITIALIZED
                  2001f418    000000b0     rtsv7M4_T_le_eabi.lib : signal.obj (.data:sigtable)
                  2001f4c8    00000080                           : xvalues.obj (.data)
                  2001f548    0000003d     main.obj (.data)
                  2001f585    00000003     --HOLE--
                  2001f588    00000034     free_rtos.a : tasks.obj (.data)
                  2001f5bc    00000020     gpio_if.obj (.data)
                  2001f5dc    0000000c     free_rtos.a : osi_freertos.obj (.data)
                  2001f5e8    0000000c     rtsv7M4_T_le_eabi.lib : memory.obj (.data)
                  2001f5f4    00000009     simplelink.a : cc_pal.obj (.data)
                  2001f5fd    00000003     --HOLE--
                  2001f600    00000009                  : driver.obj (.data)
                  2001f609    00000003     --HOLE--
                  2001f60c    00000008     rtsv7M4_T_le_eabi.lib : _lock.obj (.data)
                  2001f614    00000008                           : exit.obj (.data)
                  2001f61c    00000008                           : feraiseexcept.obj (.data)
                  2001f624    00000004     free_rtos.a : port.obj (.data)
                  2001f628    00000004     rtsv7M4_T_le_eabi.lib : errno.obj (.data)
                  2001f62c    00000004                           : stkdepth_vars.obj (.data)

.TI.persistent 
*          0    2001f418    00000000     UNINITIALIZED

.stack     0    2002f800    00000800     UNINITIALIZED
                  2002f800    00000800     --HOLE--


LINKER GENERATED COPY TABLES

__TI_cinit_table @ 2000f990 records: 2, size/record: 8, table size: 16
	.data: load addr=2000f8e0, load size=0000009a bytes, run addr=2001f418, run size=00000218 bytes, compression=rle
	.bss: load addr=2000f988, load size=00000008 bytes, run addr=2001f000, run size=00000418 bytes, compression=zero_init


LINKER GENERATED HANDLER TABLE

__TI_handler_table @ 2000f97c records: 3, size/record: 4, table size: 12
	index: 0, handler: __TI_decompress_rle24
	index: 1, handler: __TI_decompress_none
	index: 2, handler: __TI_zero_init


GLOBAL SYMBOLS: SORTED ALPHABETICALLY BY Name 

address   name                                  
-------   ----                                  
2000e6ad  ADCChannelEnable                      
2000f149  ADCEnable                             
2000ee3b  ADCFIFOLvlGet                         
2000efb7  ADCFIFORead                           
20005515  Bliky                                 
2001f3d0  BlueMove                              
2001f579  BlueOld                               
2000e4b5  C$$EXIT                               
2000f15d  CPUcpsie                              
20009a8d  ClearTerm                             
2001f3d4  ConnectSync                           
20004c2d  ConnectToNetwork                      
2000e5bd  CopyPingResultsToReport               
20009cdd  CreateFileToDevice                    
2001f3d8  DMAMsgQ                               
2000ea41  DmaSpiSwIntHandler                    
20009a97  Error                                 
2001f55f  GET_token                             
2000e755  GPIODirModeSet                        
2000f171  GPIOIntClear                          
2000ef01  GPIOIntEnable                         
2000d435  GPIOIntTypeSet                        
2000efcf  GPIOPinRead                           
2000ed25  GPIOPinWrite                          
20009979  GPIO_IF_ConfigureNIntEnable           
200099f5  GPIO_IF_Get                           
20009933  GPIO_IF_GetPortNPin                   
200096f5  GPIO_IF_LedConfigure                  
200097e7  GPIO_IF_LedOff                        
20009733  GPIO_IF_LedOn                         
2000989b  GPIO_IF_LedStatus                     
20009905  GPIO_IF_LedToggle                     
200099bb  GPIO_IF_Set                           
20009acf  GetCmd                                
2001f3dc  GreenMove                             
2001f578  GreenOld                              
20009a4d  InitTerm                              
2000c83d  IntDisable                            
2000c8e5  IntEnable                             
2000f24d  IntMasterEnable                       
2000de61  IntPendClear                          
2000df69  IntPrioritySet                        
2000ed45  IntRegister                           
2001f3e0  IntTransient                          
2000ec0d  IntUnregister                         
2000f185  IntVTableBaseSet                      
20005195  LightControlTask                      
20009a6b  Message                               
20005557  MoveMode                              
2001f3e4  MsgQCommands                          
2001f3e8  MsgQConnection                        
2001f3ec  MsgQTaster                            
2000f211  NwpMaskInterrupt                      
2000e6e5  NwpPowerOff                           
2000ea6d  NwpPowerOn                            
2000d3b1  NwpPowerOnPreamble                    
2000ebe5  NwpRegisterInterruptHandler           
2000f21d  NwpUnMaskInterrupt                    
2000f668  OpcodeTranslateTable                  
2000464f  Overvoltage                           
2001f554  POST_token                            
2000b3ad  PRCMCC3200MCUInit                     
2000f0f1  PRCMHIBRegRead                        
2000f107  PRCMHIBRegWrite                       
2000eb6d  PRCMPeripheralClkDisable              
2000e5f9  PRCMPeripheralClkEnable               
2000cc99  PRCMPeripheralClockGet                
2000deb9  PRCMPeripheralReset                   
2000e7f9  PRCMPeripheralStatusGet               
2000ea99  PRCMSysResetCauseGet                  
2000a261  PWM_Disable_1                         
2000a28b  PWM_Disable_2                         
2000a2b7  PWM_Disable_3                         
2000a1e1  PWM_Init                              
2000a2e3  PWM_Set1                              
2000a31b  PWM_Set2                              
2000a351  PWM_Set3                              
2000d10d  PinConfigSet                          
2000e53d  PinModeSet                            
2000bb1d  PinMuxConfig                          
2000f199  PinTypeADC                            
2000e895  PinTypeGPIO                           
2000ef1b  PinTypeTimer                          
2000ef35  PinTypeUART                           
2000e0b5  ReadADC3                              
20009e07  ReadFileFromDevice                    
2001f3f0  RedMove                               
2001f577  RedOld                                
20009c1d  Report                                
2000f203  ResetISR                              
2001f414  RxIrqCnt                              
2000f798  RxMsgClassLUT                         
UNDEFED   SHT$$INIT_ARRAY$$Base                 
UNDEFED   SHT$$INIT_ARRAY$$Limit                
2000efe7  SPICSDisable                          
2000efff  SPICSEnable                           
2000c98d  SPIConfigSetExpClk                    
2000f017  SPIDisable                            
2000ef4f  SPIDmaDisable                         
2000ef69  SPIDmaEnable                          
2000f02f  SPIEnable                             
2000ef83  SPIFIFODisable                        
2000ef9d  SPIFIFOEnable                         
2000e82d  SPIFIFOLevelSet                       
2000e2c9  SPIIntClear                           
2000e101  SPIIntEnable                          
2000ec9d  SPIReset                              
2000ecbf  SPIWordCountSet                       
2000a181  SetupTimerPWMMode                     
20004665  SimpleLinkHttpServerCallback          
200045d1  SimpleLinkNetAppEventHandler          
20004645  SimpleLinkSockEventHandler            
20004419  SimpleLinkWlanEventHandler            
2000bee1  SmartConfigConnect                    
2000bf69  SmartConfigStop                       
2000f8cc  StartResponseLUT                      
2001f328  Status                                
2001f3f4  Tast1                                 
2001f3f8  Tast2                                 
200053e5  TasterTask                            
2000e42d  TimerConfigure                        
2000e78b  TimerControlLevel                     
2000eda5  TimerDisable                          
2000edc3  TimerEnable                           
2000f1d5  TimerIntClear                         
2000f047  TimerIntDisable                       
2000f05f  TimerIntEnable                        
2000ede1  TimerIntStatus                        
2000dad1  TimerIntUnregister                    
2000eac5  TimerLoadSet                          
2000eaef  TimerMatchSet                         
2000eb19  TimerPrescaleSet                      
2000ee57  TimerValueGet                         
2000aaa5  Timer_IF_DeInit                       
2000aad7  Timer_IF_GetCount                     
2000a9b9  Timer_IF_Init                         
2000a9eb  Timer_IF_IntSetup                     
2000aa5d  Timer_IF_InterruptClear               
2000aabf  Timer_IF_ReLoad                       
2000aa75  Timer_IF_Start                        
2000aa95  Timer_IF_Stop                         
20009b85  TrimSpace                             
2000ee73  UARTCharGetNonBlocking                
2000edff  UARTCharPut                           
2000f077  UARTCharsAvail                        
2000d915  UARTConfigSetExpClk                   
2000e8c5  UARTDisable                           
2000ec31  UARTEnable                            
2000f257  UtilsDelay                            
20009149  VDeleteSimpleLinkSpawnTask            
200090f9  VStartSimpleLinkSpawnTask             
20009d59  WriteFileToDevice                     
2000eb43  _Dclass                               
2001f4c8  _Denorm                               
2000c3dd  _Dnorm                                
2000b71d  _Dscale                               
2000dc71  _Dunscale                             
2001f4d8  _Eps                                  
2001f628  _Errno                                
2001f61c  _Fenv                                 
2000e955  _Feraise                              
2001f4e8  _Hugeval                              
2001f4f8  _Inf                                  
2001f508  _Nan                                  
2001f528  _Rteps                                
2000f718  _SlActionLookupTable                  
2000c6d1  _SlAsyncEventGenericHandler           
2000f8c4  _SlDeviceGetCmdCtrl                   
2000f8c8  _SlDeviceSetCmdCtrl                   
2000e311  _SlDrvBasicCmd                        
2000c0a5  _SlDrvClassifyRxMsg                   
2000d4b9  _SlDrvCmdOp                           
2000d98d  _SlDrvCmdSend                         
2000e8f5  _SlDrvDeviceEventHandler              
2000ba29  _SlDrvDriverCBDeinit                  
2000ae41  _SlDrvDriverCBInit                    
2000f11d  _SlDrvMemZero                         
20008895  _SlDrvMsgRead                         
2000c49d  _SlDrvMsgReadCmdCtx                   
2000ca2d  _SlDrvMsgReadSpawnCtx                 
2000a76d  _SlDrvMsgWrite                        
2000b82d  _SlDrvNetAppEventHandler              
2000ee8f  _SlDrvObjLockWaitForever              
2000f08f  _SlDrvObjUnLock                       
2000e14d  _SlDrvProtectAsyncRespSetting         
2000ec55  _SlDrvProtectionObjLockWaitForever    
2000ed65  _SlDrvProtectionObjUnLock             
2000a59d  _SlDrvReleasePoolObj                  
2000f1e7  _SlDrvResetCmdExt                     
20009f39  _SlDrvRxHdrRead                       
2000e199  _SlDrvRxIrqHandler                    
2000f0a7  _SlDrvSyncObjSignal                   
2000eeab  _SlDrvSyncObjWaitForever              
2000acb1  _SlDrvWaitForPoolObj                  
2000f8c0  _SlEventMaskGetCmdCtrl                
2000f8bc  _SlEventMaskSetCmdCtrl                
2000afb5  _SlFindAndSetActiveObj                
2000f754  _SlFsCloseCmdCtrl                     
2000f764  _SlFsDeleteCmdCtrl                    
2000f760  _SlFsGetInfoCmdCtrl                   
2000f750  _SlFsOpenCmdCtrl                      
2000f758  _SlFsReadCmdCtrl                      
2000f75c  _SlFsWriteCmdCtrl                     
2000f830  _SlGetHostByNameCtrl                  
2000f82c  _SlGetHostByServiceCtrl               
2000f824  _SlGetServiceListeCtrl                
2000f83c  _SlNetAppGetCmdCtrl                   
2000f838  _SlNetAppSendTokenValueCmdCtrl        
2000f834  _SlNetAppSetCmdCtrl                   
2000f81c  _SlNetAppStartCtrl                    
2000f820  _SlNetAppStopCtrl                     
2000f8d8  _SlNetCfgGetCmdCtrl                   
2000f8d4  _SlNetCfgSetCmdCtrl                   
2000f6a8  _SlPolicyGetCmdCtrl                   
2000f6a4  _SlPolicySetCmdCtrl                   
2000f6b0  _SlProfileDelCmdCtrl                  
2000f6ac  _SlProfileGetCmdCtrl                  
2000f828  _SlRegisterServiceCtrl                
2000c319  _SlRemoveFromList                     
2000f6b8  _SlRxFilterAddtCmdCtrl                
2000f6c0  _SlRxFilterGetCmdCtrl                 
2000f6bc  _SlRxFilterSetCmdCtrl                 
2000f6c4  _SlSmartConfigStartCmdCtrl            
2000f8b8  _SlStopCmdCtrl                        
2000f6d0  _SlWlanCfgGetCmdCtrl                  
2000f6cc  _SlWlanCfgSetCmdCtrl                  
2000f6b4  _SlWlanGetNetworkListCtrl             
2000f6c8  _SlWlanSetModeCmdCtrl                 
2001f518  _Snan                                 
2001f620  _Tls_setup__Fenv                      
2001f538  _Xbig                                 
2001f540  _Zero                                 
20030000  __STACK_END                           
00000800  __STACK_SIZE                          
00008000  __SYSMEM_SIZE                         
2000f990  __TI_CINIT_Base                       
2000f9a0  __TI_CINIT_Limit                      
2000f97c  __TI_Handler_Table_Base               
2000f988  __TI_Handler_Table_Limit              
2000d9f9  __TI_auto_init                        
2001f614  __TI_cleanup_ptr                      
2000f1f5  __TI_decompress_none                  
2000f25d  __TI_decompress_rle24                 
2001f618  __TI_dtors_ptr                        
20007a69  __TI_printfi                          
2000f8e0  __TI_static_base__                    
2000f229  __TI_zero_init                        
2000d2a5  __aeabi_cdcmpeq                       
2000d2a5  __aeabi_cdcmple                       
2000d32b  __aeabi_cdrcmple                      
2000e359  __aeabi_d2iz                          
2000e4f9  __aeabi_d2uiz                         
2000ab03  __aeabi_dadd                          
2000b275  __aeabi_ddiv                          
2000b92b  __aeabi_dmul                          
2000aaf9  __aeabi_dsub                          
2000e9e5  __aeabi_i2d                           
2000d731  __aeabi_memclr                        
2000d731  __aeabi_memclr4                       
2000d731  __aeabi_memclr8                       
2000cac9  __aeabi_memcpy                        
2000cac9  __aeabi_memcpy4                       
2000cac9  __aeabi_memcpy8                       
2000d733  __aeabi_memset                        
2000d733  __aeabi_memset4                       
2000d733  __aeabi_memset8                       
2000ed85  __aeabi_ui2d                          
2000a3a9  __aeabi_uldivmod                      
ffffffff  __binit__                             
ffffffff  __c_args__                            
2002f800  __stack                               
2000f0d9  _args_main                            
2000e635  _c_int00                              
2000f268  _ctypes_                              
2001f60c  _lock                                 
2000f1bb  _nop                                  
2000f1b3  _register_lock                        
2000f1ad  _register_unlock                      
2000cc01  _sl_GetCreateFsMode                   
2000f0c1  _sl_GetStartResponseConvert           
2000dda1  _sl_HandleAsync_Accept                
2000d7ad  _sl_HandleAsync_Connect               
2000cf69  _sl_HandleAsync_DnsGetHostByName      
2000c251  _sl_HandleAsync_DnsGetHostByService   
2000d639  _sl_HandleAsync_InitComplete          
2000cff5  _sl_HandleAsync_PingResponse          
2000dfbd  _sl_HandleAsync_Select                
2000e065  _sl_HandleAsync_Stop                  
2000db39  _sl_NetAppSendTokenValue              
2000e925  _sl_Strlen                            
20017000  _sys_memory                           
2000f263  _system_pre_init                      
2001f610  _unlock                               
2000e4b9  abort                                 
2000e1e5  atoi                                  
ffffffff  binit                                 
20009685  calloc                                
2001f574  conf                                  
2000e231  copy_in                               
20005cfd  eTaskGetState                         
2000e4c1  exit                                  
2000e861  feraiseexcept                         
200093d3  free                                  
2000ece1  frexp                                 
2001f608  gFirstCmdMode                         
2000f790  g_H2NCnysPattern                      
2000f788  g_H2NSyncPattern                      
2001f5f4  g_SpiFd                               
2001f000  g_StatMem                             
2001f400  g_cDummy                              
2001f56c  g_iSimplelinkRole                     
2001f600  g_pCB                                 
2001f5f8  g_pHostIntHdl                         
20004000  g_pfnVectors                          
2001f584  g_ucConnectTimeout                    
2001f3c8  g_ucConnectionBSSID                   
2001f2e0  g_ucConnectionSSID                    
2001f5fc  g_ucDMAEnabled                        
2001f240  g_ucDinDout                           
2001f415  g_ucLED1Pin                           
2001f416  g_ucLED2Pin                           
2001f417  g_ucLED3Pin                           
2001f304  g_ucSSID                              
2001f580  g_uiDeviceModeConfig                  
2001f570  g_uiIpAddress                         
2001f5d0  g_uiLED1Port                          
2001f5d4  g_uiLED2Port                          
2001f5d8  g_uiLED3Port                          
2001f57c  g_uiSimplelinkRole                    
2001f550  g_ulGatewayIP                         
2001f54c  g_ulPingPacketsRecv                   
2001f548  g_ulStatus                            
2001f57a  g_usMCNetworkUstate                   
2001f348  info                                  
2000e3a1  ldexp                                 
2000df11  ltoa                                  
20005791  main                                  
2001f62c  main_func_sp                          
2000936b  malloc                                
2000924d  mem_Free                              
20009241  mem_Malloc                            
2000926d  mem_copy                              
20009259  mem_set                               
200095a1  memalign                              
2000eec7  memccpy                               
2000ed03  memcmp                                
2000cac9  memcpy                                
2000ec79  memmove                               
2000d739  memset                                
200092dd  minit                                 
2001f575  mode                                  
200092c3  osi_ContextRestore                    
200092c1  osi_ContextSave                       
20009281  osi_EnterCritical                     
2000928b  osi_ExitCritical                      
20008ea7  osi_InterruptDeRegister               
20008e81  osi_InterruptRegister                 
20008fb1  osi_LockObjCreate                     
20009025  osi_LockObjDelete                     
20009035  osi_LockObjLock                       
20009061  osi_LockObjUnlock                     
20009175  osi_MsgQCreate                        
200091b9  osi_MsgQDelete                        
20009205  osi_MsgQRead                          
200091d3  osi_MsgQWrite                         
2000929d  osi_Sleep                             
2000908b  osi_Spawn                             
20008f8f  osi_SyncObjClear                      
20008eb9  osi_SyncObjCreate                     
20008ee9  osi_SyncObjDelete                     
20008f03  osi_SyncObjSignal                     
20008f2b  osi_SyncObjSignalFromISR              
20008f63  osi_SyncObjWait                       
20008fd7  osi_TaskCreate                        
20009017  osi_TaskDelete                        
200092ad  osi_TaskDisable                       
200092b7  osi_TaskEnable                        
20009295  osi_start                             
2001f604  pPingCallBackFunc                     
20006221  pcTaskGetTaskName                     
2001f576  pom                                   
2000c6c9  portCLZ                               
2000c6b1  prvPortStartFirstTask                 
2000e71d  pvPortMalloc                          
2001f588  pxCurrentTCB                          
2000b60d  pxPortInitialiseStack                 
2000ea13  raise                                 
20009495  realloc                               
2000e57d  signal                                
2000cb65  sl_DevGet                             
2000d21d  sl_FsClose                            
2000d6b5  sl_FsGetInfo                          
2000d825  sl_FsOpen                             
2000bc11  sl_FsRead                             
2000bdf5  sl_FsWrite                            
2000c789  sl_NetAppMDNSRegisterUnregisterService
2000e7c1  sl_NetAppMDNSUnRegisterService        
2000eb95  sl_NetAppStart                        
2000ebbd  sl_NetAppStop                         
2000dba1  sl_NetCfgSet                          
2000c559  sl_Start                              
2000c17d  sl_Stop                               
2000f235  sl_WlanDisconnect                     
2000cd2d  sl_WlanGet                            
2000de01  sl_WlanPolicySet                      
2000e985  sl_WlanProfileDel                     
2000e011  sl_WlanRxFilterSet                    
2000dc09  sl_WlanSet                            
2000e9b5  sl_WlanSetMode                        
2000cdc1  sl_WlanSmartConfigStart               
2000f241  sl_WlanSmartConfigStop                
2000d89d  spi_Close                             
2000b125  spi_Open                              
2000bfc9  spi_Read                              
2000d081  spi_Write                             
2000f133  strchr                                
2000f1c1  strlen                                
2000e27d  uDMAChannelAssign                     
2000dcd9  uDMAChannelAttributeDisable           
2000dd3d  uDMAChannelAttributeEnable            
2000e671  uDMAChannelControlSet                 
2000eee5  uDMAChannelEnable                     
2000bd05  uDMAChannelTransferSet                
200084f1  ucQueueGetQueueType                   
2000c619  ulPortSetInterruptMask                
2000b5c3  uxListRemove                          
200084d1  uxQueueGetQueueNumber                 
20008465  uxQueueMessagesWaiting                
2000849b  uxQueueMessagesWaitingFromISR         
2000847b  uxQueueSpacesAvailable                
20006215  uxTaskGetNumberOfTasks                
20006245  uxTaskGetSystemState                  
20006739  uxTaskGetTaskNumber                   
20005d91  uxTaskPriorityGet                     
20006c91  uxTaskResetEventItemValue             
2000440b  vApplicationIdleHook                  
2000440d  vApplicationMallocFailedHook          
2000440f  vApplicationStackOverflowHook         
20004401  vAssertCalled                         
2000b4e1  vListInitialise                       
2000b511  vListInitialiseItem                   
2000b55d  vListInsert                           
2000b521  vListInsertEnd                        
2000c62f  vPortClearInterruptMask               
2000b689  vPortEndScheduler                     
2000b69d  vPortEnterCritical                    
2000b6b5  vPortExitCritical                     
2000e73d  vPortFree                             
2000c689  vPortSVCHandler                       
2000b6e9  vPortSetupTimerInterrupt              
2000b68b  vPortYield                            
2000870b  vQueueAddToRegistry                   
200084ad  vQueueDelete                          
200084df  vQueueSetQueueNumber                  
2000874d  vQueueUnregisterQueue                 
20005ca7  vTaskDelay                            
20005c0b  vTaskDelayUntil                       
20005b7b  vTaskDelete                           
200060f9  vTaskEndScheduler                     
2000672b  vTaskMissedYield                      
200064c1  vTaskPlaceOnEventList                 
20006525  vTaskPlaceOnUnorderedEventList        
20006c07  vTaskPriorityDisinherit               
20006b4d  vTaskPriorityInherit                  
20005dc9  vTaskPrioritySet                      
20005fc1  vTaskResume                           
20006759  vTaskSetTaskNumber                    
2000668b  vTaskSetTimeOutState                  
200060af  vTaskStartScheduler                   
20005ecd  vTaskSuspend                          
2000610b  vTaskSuspendAll                       
20006441  vTaskSwitchContext                    
2000d195  vsnprintf                             
2001f5dc  xHigherPriorityTaskWoken              
2000c63d  xPortPendSVHandler                    
2000b65d  xPortStartScheduler                   
2000b6cd  xPortSysTickHandler                   
2000879b  xQueueAddToSet                        
200080cd  xQueueAltGenericReceive               
20008021  xQueueAltGenericSend                  
20007ef5  xQueueCreateCountingSemaphore         
20007e77  xQueueCreateMutex                     
20008787  xQueueCreateSet                       
20007e01  xQueueGenericCreate                   
20008267  xQueueGenericReceive                  
20007d71  xQueueGenericReset                    
20007f15  xQueueGenericSend                     
200081cb  xQueueGenericSendFromISR              
200086a7  xQueueIsQueueEmptyFromISR             
200086e9  xQueueIsQueueFullFromISR              
20008421  xQueuePeekFromISR                     
200083a9  xQueueReceiveFromISR                  
2001f290  xQueueRegistry                        
200087cf  xQueueRemoveFromSet                   
20008811  xQueueSelectFromSet                   
2000882b  xQueueSelectFromSetFromISR            
2001f5e0  xSimpleLinkSpawnQueue                 
2001f5e4  xSimpleLinkSpawnTaskHndl              
200066b1  xTaskCheckForTimeOut                  
20005a6d  xTaskGenericCreate                    
20006b01  xTaskGetCurrentTaskHandle             
20006303  xTaskGetIdleTaskHandle                
20006b15  xTaskGetSchedulerState                
200061e9  xTaskGetTickCount                     
200061fd  xTaskGetTickCountFromISR              
2000631d  xTaskIncrementTick                    
20006599  xTaskRemoveFromEventList              
2000661d  xTaskRemoveFromUnorderedEventList     
2000611d  xTaskResumeAll                        
20006035  xTaskResumeFromISR                    


GLOBAL SYMBOLS: SORTED BY Symbol Address 

address   name                                  
-------   ----                                  
00000800  __STACK_SIZE                          
00008000  __SYSMEM_SIZE                         
20004000  g_pfnVectors                          
20004401  vAssertCalled                         
2000440b  vApplicationIdleHook                  
2000440d  vApplicationMallocFailedHook          
2000440f  vApplicationStackOverflowHook         
20004419  SimpleLinkWlanEventHandler            
200045d1  SimpleLinkNetAppEventHandler          
20004645  SimpleLinkSockEventHandler            
2000464f  Overvoltage                           
20004665  SimpleLinkHttpServerCallback          
20004c2d  ConnectToNetwork                      
20005195  LightControlTask                      
200053e5  TasterTask                            
20005515  Bliky                                 
20005557  MoveMode                              
20005791  main                                  
20005a6d  xTaskGenericCreate                    
20005b7b  vTaskDelete                           
20005c0b  vTaskDelayUntil                       
20005ca7  vTaskDelay                            
20005cfd  eTaskGetState                         
20005d91  uxTaskPriorityGet                     
20005dc9  vTaskPrioritySet                      
20005ecd  vTaskSuspend                          
20005fc1  vTaskResume                           
20006035  xTaskResumeFromISR                    
200060af  vTaskStartScheduler                   
200060f9  vTaskEndScheduler                     
2000610b  vTaskSuspendAll                       
2000611d  xTaskResumeAll                        
200061e9  xTaskGetTickCount                     
200061fd  xTaskGetTickCountFromISR              
20006215  uxTaskGetNumberOfTasks                
20006221  pcTaskGetTaskName                     
20006245  uxTaskGetSystemState                  
20006303  xTaskGetIdleTaskHandle                
2000631d  xTaskIncrementTick                    
20006441  vTaskSwitchContext                    
200064c1  vTaskPlaceOnEventList                 
20006525  vTaskPlaceOnUnorderedEventList        
20006599  xTaskRemoveFromEventList              
2000661d  xTaskRemoveFromUnorderedEventList     
2000668b  vTaskSetTimeOutState                  
200066b1  xTaskCheckForTimeOut                  
2000672b  vTaskMissedYield                      
20006739  uxTaskGetTaskNumber                   
20006759  vTaskSetTaskNumber                    
20006b01  xTaskGetCurrentTaskHandle             
20006b15  xTaskGetSchedulerState                
20006b4d  vTaskPriorityInherit                  
20006c07  vTaskPriorityDisinherit               
20006c91  uxTaskResetEventItemValue             
20007a69  __TI_printfi                          
20007d71  xQueueGenericReset                    
20007e01  xQueueGenericCreate                   
20007e77  xQueueCreateMutex                     
20007ef5  xQueueCreateCountingSemaphore         
20007f15  xQueueGenericSend                     
20008021  xQueueAltGenericSend                  
200080cd  xQueueAltGenericReceive               
200081cb  xQueueGenericSendFromISR              
20008267  xQueueGenericReceive                  
200083a9  xQueueReceiveFromISR                  
20008421  xQueuePeekFromISR                     
20008465  uxQueueMessagesWaiting                
2000847b  uxQueueSpacesAvailable                
2000849b  uxQueueMessagesWaitingFromISR         
200084ad  vQueueDelete                          
200084d1  uxQueueGetQueueNumber                 
200084df  vQueueSetQueueNumber                  
200084f1  ucQueueGetQueueType                   
200086a7  xQueueIsQueueEmptyFromISR             
200086e9  xQueueIsQueueFullFromISR              
2000870b  vQueueAddToRegistry                   
2000874d  vQueueUnregisterQueue                 
20008787  xQueueCreateSet                       
2000879b  xQueueAddToSet                        
200087cf  xQueueRemoveFromSet                   
20008811  xQueueSelectFromSet                   
2000882b  xQueueSelectFromSetFromISR            
20008895  _SlDrvMsgRead                         
20008e81  osi_InterruptRegister                 
20008ea7  osi_InterruptDeRegister               
20008eb9  osi_SyncObjCreate                     
20008ee9  osi_SyncObjDelete                     
20008f03  osi_SyncObjSignal                     
20008f2b  osi_SyncObjSignalFromISR              
20008f63  osi_SyncObjWait                       
20008f8f  osi_SyncObjClear                      
20008fb1  osi_LockObjCreate                     
20008fd7  osi_TaskCreate                        
20009017  osi_TaskDelete                        
20009025  osi_LockObjDelete                     
20009035  osi_LockObjLock                       
20009061  osi_LockObjUnlock                     
2000908b  osi_Spawn                             
200090f9  VStartSimpleLinkSpawnTask             
20009149  VDeleteSimpleLinkSpawnTask            
20009175  osi_MsgQCreate                        
200091b9  osi_MsgQDelete                        
200091d3  osi_MsgQWrite                         
20009205  osi_MsgQRead                          
20009241  mem_Malloc                            
2000924d  mem_Free                              
20009259  mem_set                               
2000926d  mem_copy                              
20009281  osi_EnterCritical                     
2000928b  osi_ExitCritical                      
20009295  osi_start                             
2000929d  osi_Sleep                             
200092ad  osi_TaskDisable                       
200092b7  osi_TaskEnable                        
200092c1  osi_ContextSave                       
200092c3  osi_ContextRestore                    
200092dd  minit                                 
2000936b  malloc                                
200093d3  free                                  
20009495  realloc                               
200095a1  memalign                              
20009685  calloc                                
200096f5  GPIO_IF_LedConfigure                  
20009733  GPIO_IF_LedOn                         
200097e7  GPIO_IF_LedOff                        
2000989b  GPIO_IF_LedStatus                     
20009905  GPIO_IF_LedToggle                     
20009933  GPIO_IF_GetPortNPin                   
20009979  GPIO_IF_ConfigureNIntEnable           
200099bb  GPIO_IF_Set                           
200099f5  GPIO_IF_Get                           
20009a4d  InitTerm                              
20009a6b  Message                               
20009a8d  ClearTerm                             
20009a97  Error                                 
20009acf  GetCmd                                
20009b85  TrimSpace                             
20009c1d  Report                                
20009cdd  CreateFileToDevice                    
20009d59  WriteFileToDevice                     
20009e07  ReadFileFromDevice                    
20009f39  _SlDrvRxHdrRead                       
2000a181  SetupTimerPWMMode                     
2000a1e1  PWM_Init                              
2000a261  PWM_Disable_1                         
2000a28b  PWM_Disable_2                         
2000a2b7  PWM_Disable_3                         
2000a2e3  PWM_Set1                              
2000a31b  PWM_Set2                              
2000a351  PWM_Set3                              
2000a3a9  __aeabi_uldivmod                      
2000a59d  _SlDrvReleasePoolObj                  
2000a76d  _SlDrvMsgWrite                        
2000a9b9  Timer_IF_Init                         
2000a9eb  Timer_IF_IntSetup                     
2000aa5d  Timer_IF_InterruptClear               
2000aa75  Timer_IF_Start                        
2000aa95  Timer_IF_Stop                         
2000aaa5  Timer_IF_DeInit                       
2000aabf  Timer_IF_ReLoad                       
2000aad7  Timer_IF_GetCount                     
2000aaf9  __aeabi_dsub                          
2000ab03  __aeabi_dadd                          
2000acb1  _SlDrvWaitForPoolObj                  
2000ae41  _SlDrvDriverCBInit                    
2000afb5  _SlFindAndSetActiveObj                
2000b125  spi_Open                              
2000b275  __aeabi_ddiv                          
2000b3ad  PRCMCC3200MCUInit                     
2000b4e1  vListInitialise                       
2000b511  vListInitialiseItem                   
2000b521  vListInsertEnd                        
2000b55d  vListInsert                           
2000b5c3  uxListRemove                          
2000b60d  pxPortInitialiseStack                 
2000b65d  xPortStartScheduler                   
2000b689  vPortEndScheduler                     
2000b68b  vPortYield                            
2000b69d  vPortEnterCritical                    
2000b6b5  vPortExitCritical                     
2000b6cd  xPortSysTickHandler                   
2000b6e9  vPortSetupTimerInterrupt              
2000b71d  _Dscale                               
2000b82d  _SlDrvNetAppEventHandler              
2000b92b  __aeabi_dmul                          
2000ba29  _SlDrvDriverCBDeinit                  
2000bb1d  PinMuxConfig                          
2000bc11  sl_FsRead                             
2000bd05  uDMAChannelTransferSet                
2000bdf5  sl_FsWrite                            
2000bee1  SmartConfigConnect                    
2000bf69  SmartConfigStop                       
2000bfc9  spi_Read                              
2000c0a5  _SlDrvClassifyRxMsg                   
2000c17d  sl_Stop                               
2000c251  _sl_HandleAsync_DnsGetHostByService   
2000c319  _SlRemoveFromList                     
2000c3dd  _Dnorm                                
2000c49d  _SlDrvMsgReadCmdCtx                   
2000c559  sl_Start                              
2000c619  ulPortSetInterruptMask                
2000c62f  vPortClearInterruptMask               
2000c63d  xPortPendSVHandler                    
2000c689  vPortSVCHandler                       
2000c6b1  prvPortStartFirstTask                 
2000c6c9  portCLZ                               
2000c6d1  _SlAsyncEventGenericHandler           
2000c789  sl_NetAppMDNSRegisterUnregisterService
2000c83d  IntDisable                            
2000c8e5  IntEnable                             
2000c98d  SPIConfigSetExpClk                    
2000ca2d  _SlDrvMsgReadSpawnCtx                 
2000cac9  __aeabi_memcpy                        
2000cac9  __aeabi_memcpy4                       
2000cac9  __aeabi_memcpy8                       
2000cac9  memcpy                                
2000cb65  sl_DevGet                             
2000cc01  _sl_GetCreateFsMode                   
2000cc99  PRCMPeripheralClockGet                
2000cd2d  sl_WlanGet                            
2000cdc1  sl_WlanSmartConfigStart               
2000cf69  _sl_HandleAsync_DnsGetHostByName      
2000cff5  _sl_HandleAsync_PingResponse          
2000d081  spi_Write                             
2000d10d  PinConfigSet                          
2000d195  vsnprintf                             
2000d21d  sl_FsClose                            
2000d2a5  __aeabi_cdcmpeq                       
2000d2a5  __aeabi_cdcmple                       
2000d32b  __aeabi_cdrcmple                      
2000d3b1  NwpPowerOnPreamble                    
2000d435  GPIOIntTypeSet                        
2000d4b9  _SlDrvCmdOp                           
2000d639  _sl_HandleAsync_InitComplete          
2000d6b5  sl_FsGetInfo                          
2000d731  __aeabi_memclr                        
2000d731  __aeabi_memclr4                       
2000d731  __aeabi_memclr8                       
2000d733  __aeabi_memset                        
2000d733  __aeabi_memset4                       
2000d733  __aeabi_memset8                       
2000d739  memset                                
2000d7ad  _sl_HandleAsync_Connect               
2000d825  sl_FsOpen                             
2000d89d  spi_Close                             
2000d915  UARTConfigSetExpClk                   
2000d98d  _SlDrvCmdSend                         
2000d9f9  __TI_auto_init                        
2000dad1  TimerIntUnregister                    
2000db39  _sl_NetAppSendTokenValue              
2000dba1  sl_NetCfgSet                          
2000dc09  sl_WlanSet                            
2000dc71  _Dunscale                             
2000dcd9  uDMAChannelAttributeDisable           
2000dd3d  uDMAChannelAttributeEnable            
2000dda1  _sl_HandleAsync_Accept                
2000de01  sl_WlanPolicySet                      
2000de61  IntPendClear                          
2000deb9  PRCMPeripheralReset                   
2000df11  ltoa                                  
2000df69  IntPrioritySet                        
2000dfbd  _sl_HandleAsync_Select                
2000e011  sl_WlanRxFilterSet                    
2000e065  _sl_HandleAsync_Stop                  
2000e0b5  ReadADC3                              
2000e101  SPIIntEnable                          
2000e14d  _SlDrvProtectAsyncRespSetting         
2000e199  _SlDrvRxIrqHandler                    
2000e1e5  atoi                                  
2000e231  copy_in                               
2000e27d  uDMAChannelAssign                     
2000e2c9  SPIIntClear                           
2000e311  _SlDrvBasicCmd                        
2000e359  __aeabi_d2iz                          
2000e3a1  ldexp                                 
2000e42d  TimerConfigure                        
2000e4b5  C$$EXIT                               
2000e4b9  abort                                 
2000e4c1  exit                                  
2000e4f9  __aeabi_d2uiz                         
2000e53d  PinModeSet                            
2000e57d  signal                                
2000e5bd  CopyPingResultsToReport               
2000e5f9  PRCMPeripheralClkEnable               
2000e635  _c_int00                              
2000e671  uDMAChannelControlSet                 
2000e6ad  ADCChannelEnable                      
2000e6e5  NwpPowerOff                           
2000e71d  pvPortMalloc                          
2000e73d  vPortFree                             
2000e755  GPIODirModeSet                        
2000e78b  TimerControlLevel                     
2000e7c1  sl_NetAppMDNSUnRegisterService        
2000e7f9  PRCMPeripheralStatusGet               
2000e82d  SPIFIFOLevelSet                       
2000e861  feraiseexcept                         
2000e895  PinTypeGPIO                           
2000e8c5  UARTDisable                           
2000e8f5  _SlDrvDeviceEventHandler              
2000e925  _sl_Strlen                            
2000e955  _Feraise                              
2000e985  sl_WlanProfileDel                     
2000e9b5  sl_WlanSetMode                        
2000e9e5  __aeabi_i2d                           
2000ea13  raise                                 
2000ea41  DmaSpiSwIntHandler                    
2000ea6d  NwpPowerOn                            
2000ea99  PRCMSysResetCauseGet                  
2000eac5  TimerLoadSet                          
2000eaef  TimerMatchSet                         
2000eb19  TimerPrescaleSet                      
2000eb43  _Dclass                               
2000eb6d  PRCMPeripheralClkDisable              
2000eb95  sl_NetAppStart                        
2000ebbd  sl_NetAppStop                         
2000ebe5  NwpRegisterInterruptHandler           
2000ec0d  IntUnregister                         
2000ec31  UARTEnable                            
2000ec55  _SlDrvProtectionObjLockWaitForever    
2000ec79  memmove                               
2000ec9d  SPIReset                              
2000ecbf  SPIWordCountSet                       
2000ece1  frexp                                 
2000ed03  memcmp                                
2000ed25  GPIOPinWrite                          
2000ed45  IntRegister                           
2000ed65  _SlDrvProtectionObjUnLock             
2000ed85  __aeabi_ui2d                          
2000eda5  TimerDisable                          
2000edc3  TimerEnable                           
2000ede1  TimerIntStatus                        
2000edff  UARTCharPut                           
2000ee3b  ADCFIFOLvlGet                         
2000ee57  TimerValueGet                         
2000ee73  UARTCharGetNonBlocking                
2000ee8f  _SlDrvObjLockWaitForever              
2000eeab  _SlDrvSyncObjWaitForever              
2000eec7  memccpy                               
2000eee5  uDMAChannelEnable                     
2000ef01  GPIOIntEnable                         
2000ef1b  PinTypeTimer                          
2000ef35  PinTypeUART                           
2000ef4f  SPIDmaDisable                         
2000ef69  SPIDmaEnable                          
2000ef83  SPIFIFODisable                        
2000ef9d  SPIFIFOEnable                         
2000efb7  ADCFIFORead                           
2000efcf  GPIOPinRead                           
2000efe7  SPICSDisable                          
2000efff  SPICSEnable                           
2000f017  SPIDisable                            
2000f02f  SPIEnable                             
2000f047  TimerIntDisable                       
2000f05f  TimerIntEnable                        
2000f077  UARTCharsAvail                        
2000f08f  _SlDrvObjUnLock                       
2000f0a7  _SlDrvSyncObjSignal                   
2000f0c1  _sl_GetStartResponseConvert           
2000f0d9  _args_main                            
2000f0f1  PRCMHIBRegRead                        
2000f107  PRCMHIBRegWrite                       
2000f11d  _SlDrvMemZero                         
2000f133  strchr                                
2000f149  ADCEnable                             
2000f15d  CPUcpsie                              
2000f171  GPIOIntClear                          
2000f185  IntVTableBaseSet                      
2000f199  PinTypeADC                            
2000f1ad  _register_unlock                      
2000f1b3  _register_lock                        
2000f1bb  _nop                                  
2000f1c1  strlen                                
2000f1d5  TimerIntClear                         
2000f1e7  _SlDrvResetCmdExt                     
2000f1f5  __TI_decompress_none                  
2000f203  ResetISR                              
2000f211  NwpMaskInterrupt                      
2000f21d  NwpUnMaskInterrupt                    
2000f229  __TI_zero_init                        
2000f235  sl_WlanDisconnect                     
2000f241  sl_WlanSmartConfigStop                
2000f24d  IntMasterEnable                       
2000f257  UtilsDelay                            
2000f25d  __TI_decompress_rle24                 
2000f263  _system_pre_init                      
2000f268  _ctypes_                              
2000f668  OpcodeTranslateTable                  
2000f6a4  _SlPolicySetCmdCtrl                   
2000f6a8  _SlPolicyGetCmdCtrl                   
2000f6ac  _SlProfileGetCmdCtrl                  
2000f6b0  _SlProfileDelCmdCtrl                  
2000f6b4  _SlWlanGetNetworkListCtrl             
2000f6b8  _SlRxFilterAddtCmdCtrl                
2000f6bc  _SlRxFilterSetCmdCtrl                 
2000f6c0  _SlRxFilterGetCmdCtrl                 
2000f6c4  _SlSmartConfigStartCmdCtrl            
2000f6c8  _SlWlanSetModeCmdCtrl                 
2000f6cc  _SlWlanCfgSetCmdCtrl                  
2000f6d0  _SlWlanCfgGetCmdCtrl                  
2000f718  _SlActionLookupTable                  
2000f750  _SlFsOpenCmdCtrl                      
2000f754  _SlFsCloseCmdCtrl                     
2000f758  _SlFsReadCmdCtrl                      
2000f75c  _SlFsWriteCmdCtrl                     
2000f760  _SlFsGetInfoCmdCtrl                   
2000f764  _SlFsDeleteCmdCtrl                    
2000f788  g_H2NSyncPattern                      
2000f790  g_H2NCnysPattern                      
2000f798  RxMsgClassLUT                         
2000f81c  _SlNetAppStartCtrl                    
2000f820  _SlNetAppStopCtrl                     
2000f824  _SlGetServiceListeCtrl                
2000f828  _SlRegisterServiceCtrl                
2000f82c  _SlGetHostByServiceCtrl               
2000f830  _SlGetHostByNameCtrl                  
2000f834  _SlNetAppSetCmdCtrl                   
2000f838  _SlNetAppSendTokenValueCmdCtrl        
2000f83c  _SlNetAppGetCmdCtrl                   
2000f8b8  _SlStopCmdCtrl                        
2000f8bc  _SlEventMaskSetCmdCtrl                
2000f8c0  _SlEventMaskGetCmdCtrl                
2000f8c4  _SlDeviceGetCmdCtrl                   
2000f8c8  _SlDeviceSetCmdCtrl                   
2000f8cc  StartResponseLUT                      
2000f8d4  _SlNetCfgSetCmdCtrl                   
2000f8d8  _SlNetCfgGetCmdCtrl                   
2000f8e0  __TI_static_base__                    
2000f97c  __TI_Handler_Table_Base               
2000f988  __TI_Handler_Table_Limit              
2000f990  __TI_CINIT_Base                       
2000f9a0  __TI_CINIT_Limit                      
20017000  _sys_memory                           
2001f000  g_StatMem                             
2001f240  g_ucDinDout                           
2001f290  xQueueRegistry                        
2001f2e0  g_ucConnectionSSID                    
2001f304  g_ucSSID                              
2001f328  Status                                
2001f348  info                                  
2001f3c8  g_ucConnectionBSSID                   
2001f3d0  BlueMove                              
2001f3d4  ConnectSync                           
2001f3d8  DMAMsgQ                               
2001f3dc  GreenMove                             
2001f3e0  IntTransient                          
2001f3e4  MsgQCommands                          
2001f3e8  MsgQConnection                        
2001f3ec  MsgQTaster                            
2001f3f0  RedMove                               
2001f3f4  Tast1                                 
2001f3f8  Tast2                                 
2001f400  g_cDummy                              
2001f414  RxIrqCnt                              
2001f415  g_ucLED1Pin                           
2001f416  g_ucLED2Pin                           
2001f417  g_ucLED3Pin                           
2001f4c8  _Denorm                               
2001f4d8  _Eps                                  
2001f4e8  _Hugeval                              
2001f4f8  _Inf                                  
2001f508  _Nan                                  
2001f518  _Snan                                 
2001f528  _Rteps                                
2001f538  _Xbig                                 
2001f540  _Zero                                 
2001f548  g_ulStatus                            
2001f54c  g_ulPingPacketsRecv                   
2001f550  g_ulGatewayIP                         
2001f554  POST_token                            
2001f55f  GET_token                             
2001f56c  g_iSimplelinkRole                     
2001f570  g_uiIpAddress                         
2001f574  conf                                  
2001f575  mode                                  
2001f576  pom                                   
2001f577  RedOld                                
2001f578  GreenOld                              
2001f579  BlueOld                               
2001f57a  g_usMCNetworkUstate                   
2001f57c  g_uiSimplelinkRole                    
2001f580  g_uiDeviceModeConfig                  
2001f584  g_ucConnectTimeout                    
2001f588  pxCurrentTCB                          
2001f5d0  g_uiLED1Port                          
2001f5d4  g_uiLED2Port                          
2001f5d8  g_uiLED3Port                          
2001f5dc  xHigherPriorityTaskWoken              
2001f5e0  xSimpleLinkSpawnQueue                 
2001f5e4  xSimpleLinkSpawnTaskHndl              
2001f5f4  g_SpiFd                               
2001f5f8  g_pHostIntHdl                         
2001f5fc  g_ucDMAEnabled                        
2001f600  g_pCB                                 
2001f604  pPingCallBackFunc                     
2001f608  gFirstCmdMode                         
2001f60c  _lock                                 
2001f610  _unlock                               
2001f614  __TI_cleanup_ptr                      
2001f618  __TI_dtors_ptr                        
2001f61c  _Fenv                                 
2001f620  _Tls_setup__Fenv                      
2001f628  _Errno                                
2001f62c  main_func_sp                          
2002f800  __stack                               
20030000  __STACK_END                           
ffffffff  __binit__                             
ffffffff  __c_args__                            
ffffffff  binit                                 
UNDEFED   SHT$$INIT_ARRAY$$Base                 
UNDEFED   SHT$$INIT_ARRAY$$Limit                

[510 symbols]
