******************************************************************************
                  TI ARM Linker PC v5.2.4                      
******************************************************************************
>> Linked Wed Sep 23 11:04:47 2015

OUTPUT FILE NAME:   <Dimmer.out>
ENTRY POINT SYMBOL: "_c_int00"  address: 2000e5f5


MEMORY CONFIGURATION

         name            origin    length      used     unused   attr    fill
----------------------  --------  ---------  --------  --------  ----  --------
  SRAM_CODE             20004000   00013000  0000b95a  000076a6  RW X
  SRAM_DATA             20017000   00019000  00008e50  000101b0  RW X


SEGMENT ALLOCATION MAP

run origin  load origin   length   init length attrs members
----------  ----------- ---------- ----------- ----- -------
20004000    20004000    0000b960   0000b960    r-x
  20004000    20004000    00000400   00000400    r-- .intvecs
  20004400    20004400    0000ae26   0000ae26    r-x .text
  2000f228    2000f228    00000674   00000674    r-- .const
  2000f8a0    2000f8a0    000000c0   000000c0    r-- .cinit
20017000    20017000    00008650   00000000    rw-
  20017000    20017000    00008000   00000000    rw- .sysmem
  2001f000    2001f000    00000438   00000000    rw- .bss
  2001f438    2001f438    00000218   00000000    rw- .data
2002f800    2002f800    00000800   00000000    rw-
  2002f800    2002f800    00000800   00000000    rw- .stack


SECTION ALLOCATION MAP

 output                                  attributes/
section   page    origin      length       input sections
--------  ----  ----------  ----------   ----------------
.intvecs   0    20004000    00000400     
                  20004000    00000400     startup_ccs.obj (.intvecs)

.init_array 
*          0    20004000    00000000     UNINITIALIZED

.text      0    20004400    0000ae26     
                  20004400    00001624     main.obj (.text)
                  20005a24    0000125c     free_rtos.a : tasks.obj (.text)
                  20006c80    000010a6     rtsv7M4_T_le_eabi.lib : _printfi.obj (.text)
                  20007d26    00000002     driverlib.a : interrupt.obj (.text:IntDefaultHandler)
                  20007d28    00000b24     free_rtos.a : queue.obj (.text)
                  2000884c    000005ec     simplelink.a : driver.obj (.text:_SlDrvMsgRead)
                  20008e38    0000045c     free_rtos.a : osi_freertos.obj (.text)
                  20009294    000003dc     rtsv7M4_T_le_eabi.lib : memory.obj (.text)
                  20009670    00000394     gpio_if.obj (.text)
                  20009a04    00000290     uart_if.obj (.text)
                  20009c94    0000025c     Flash.obj (.text)
                  20009ef0    00000248     simplelink.a : driver.obj (.text:_SlDrvRxHdrRead)
                  2000a138    00000230     pwm.obj (.text)
                  2000a368    000001f4     rtsv7M4_T_le_eabi.lib : ull_div_t2.obj (.text)
                  2000a55c    000001d0     simplelink.a : driver.obj (.text:_SlDrvReleasePoolObj)
                  2000a72c    000001cc                  : driver.obj (.text:_SlDrvMsgWrite)
                  2000a8f8    000001c0     timer_if.obj (.text)
                  2000aab8    000001b6     rtsv7M4_T_le_eabi.lib : fd_add_t2.obj (.text)
                  2000ac6e    00000002     --HOLE-- [fill = 0]
                  2000ac70    00000190     simplelink.a : driver.obj (.text:_SlDrvWaitForPoolObj)
                  2000ae00    00000174                  : driver.obj (.text:_SlDrvDriverCBInit)
                  2000af74    00000170                  : driver.obj (.text:_SlFindAndSetActiveObj)
                  2000b0e4    00000150                  : cc_pal.obj (.text:spi_Open)
                  2000b234    00000136     rtsv7M4_T_le_eabi.lib : fd_div_t2.obj (.text)
                  2000b36a    00000002     --HOLE-- [fill = 0]
                  2000b36c    00000134     driverlib.a : prcm.obj (.text:PRCMCC3200MCUInit)
                  2000b4a0    0000012a     free_rtos.a : list.obj (.text)
                  2000b5ca    00000002     --HOLE-- [fill = 0]
                  2000b5cc    00000110                 : port.obj (.text)
                  2000b6dc    00000110     rtsv7M4_T_le_eabi.lib : xdscale.obj (.text)
                  2000b7ec    000000fe     simplelink.a : netapp.obj (.text:_SlDrvNetAppEventHandler)
                  2000b8ea    000000fc     rtsv7M4_T_le_eabi.lib : fd_mul_t2.obj (.text)
                  2000b9e6    00000002     --HOLE-- [fill = 0]
                  2000b9e8    000000f4     simplelink.a : driver.obj (.text:_SlDrvDriverCBDeinit)
                  2000badc    000000f4     pinmux.obj (.text)
                  2000bbd0    000000f4     simplelink.a : fs.obj (.text:sl_FsRead)
                  2000bcc4    000000f0     driverlib.a : udma.obj (.text:uDMAChannelTransferSet)
                  2000bdb4    000000ec     simplelink.a : fs.obj (.text:sl_FsWrite)
                  2000bea0    000000e8     smartconfig.obj (.text)
                  2000bf88    000000dc     simplelink.a : cc_pal.obj (.text:spi_Read)
                  2000c064    000000d8                  : driver.obj (.text:_SlDrvClassifyRxMsg)
                  2000c13c    000000d4                  : device.obj (.text:sl_Stop)
                  2000c210    000000c8                  : netapp.obj (.text:_sl_HandleAsync_DnsGetHostByService)
                  2000c2d8    000000c4                  : driver.obj (.text:_SlRemoveFromList)
                  2000c39c    000000be     rtsv7M4_T_le_eabi.lib : xdnorm.obj (.text)
                  2000c45a    00000002     --HOLE-- [fill = 0]
                  2000c45c    000000bc     simplelink.a : driver.obj (.text:_SlDrvMsgReadCmdCtx)
                  2000c518    000000bc                  : device.obj (.text:sl_Start)
                  2000c5d4    000000ba     free_rtos.a : portasm.obj (.text)
                  2000c68e    00000002     --HOLE-- [fill = 0]
                  2000c690    000000b8     simplelink.a : driver.obj (.text:_SlAsyncEventGenericHandler)
                  2000c748    000000b4                  : netapp.obj (.text:sl_NetAppMDNSRegisterUnregisterService)
                  2000c7fc    000000a8     driverlib.a : interrupt.obj (.text:IntDisable)
                  2000c8a4    000000a8                 : interrupt.obj (.text:IntEnable)
                  2000c94c    000000a0                 : spi.obj (.text:SPIConfigSetExpClk)
                  2000c9ec    0000009c     simplelink.a : driver.obj (.text:_SlDrvMsgReadSpawnCtx)
                  2000ca88    0000009c     rtsv7M4_T_le_eabi.lib : memcpy_t2.obj (.text)
                  2000cb24    0000009c     simplelink.a : device.obj (.text:sl_DevGet)
                  2000cbc0    00000098                  : fs.obj (.text:_sl_GetCreateFsMode)
                  2000cc58    00000094     driverlib.a : prcm.obj (.text:PRCMPeripheralClockGet)
                  2000ccec    00000094     simplelink.a : wlan.obj (.text:sl_WlanGet)
                  2000cd80    00000090                  : wlan.obj (.text:sl_WlanSmartConfigStart)
                  2000ce10    0000008c                  : cc_pal.obj (.text:SetupDMAReceive)
                  2000ce9c    0000008c                  : cc_pal.obj (.text:SetupDMASend)
                  2000cf28    0000008c                  : netapp.obj (.text:_sl_HandleAsync_DnsGetHostByName)
                  2000cfb4    0000008c                  : netapp.obj (.text:_sl_HandleAsync_PingResponse)
                  2000d040    0000008c                  : cc_pal.obj (.text:spi_Write)
                  2000d0cc    00000088     driverlib.a : pin.obj (.text:PinConfigSet)
                  2000d154    00000088     rtsv7M4_T_le_eabi.lib : vsnprintf.obj (.text)
                  2000d1dc    00000088     simplelink.a : fs.obj (.text:sl_FsClose)
                  2000d264    00000086     rtsv7M4_T_le_eabi.lib : fd_cmp_t2.obj (.text:__aeabi_cdcmple)
                  2000d2ea    00000086                           : fd_cmp_t2.obj (.text:__aeabi_cdrcmple)
                  2000d370    00000084     simplelink.a : cc_pal.obj (.text:NwpPowerOnPreamble)
                  2000d3f4    00000082     driverlib.a : gpio.obj (.text:GPIOIntTypeSet)
                  2000d476    00000002     --HOLE-- [fill = 0]
                  2000d478    00000080     simplelink.a : driver.obj (.text:_SlDrvCmdOp)
                  2000d4f8    00000080                  : cc_pal.obj (.text:spi_Read_CPU)
                  2000d578    00000080                  : cc_pal.obj (.text:spi_Write_CPU)
                  2000d5f8    0000007c                  : device.obj (.text:_sl_HandleAsync_InitComplete)
                  2000d674    0000007c                  : fs.obj (.text:sl_FsGetInfo)
                  2000d6f0    0000007a     rtsv7M4_T_le_eabi.lib : memset_t2.obj (.text)
                  2000d76a    00000002     --HOLE-- [fill = 0]
                  2000d76c    00000078     simplelink.a : socket.obj (.text:_sl_HandleAsync_Connect)
                  2000d7e4    00000078                  : fs.obj (.text:sl_FsOpen)
                  2000d85c    00000078                  : cc_pal.obj (.text:spi_Close)
                  2000d8d4    00000076     driverlib.a : uart.obj (.text:UARTConfigSetExpClk)
                  2000d94a    00000002     --HOLE-- [fill = 0]
                  2000d94c    0000006c     simplelink.a : driver.obj (.text:_SlDrvCmdSend)
                  2000d9b8    0000006c     rtsv7M4_T_le_eabi.lib : autoinit.obj (.text)
                  2000da24    0000006a                           : copy_decompress_rle.obj (.text)
                  2000da8e    00000002     --HOLE-- [fill = 0]
                  2000da90    00000068     driverlib.a : timer.obj (.text:TimerIntUnregister)
                  2000daf8    00000068     simplelink.a : netapp.obj (.text:_sl_NetAppSendTokenValue)
                  2000db60    00000068                  : netcfg.obj (.text:sl_NetCfgSet)
                  2000dbc8    00000068                  : wlan.obj (.text:sl_WlanSet)
                  2000dc30    00000066     rtsv7M4_T_le_eabi.lib : xdunscal.obj (.text)
                  2000dc96    00000002     --HOLE-- [fill = 0]
                  2000dc98    00000064     driverlib.a : udma.obj (.text:uDMAChannelAttributeDisable)
                  2000dcfc    00000064                 : udma.obj (.text:uDMAChannelAttributeEnable)
                  2000dd60    00000060     simplelink.a : socket.obj (.text:_sl_HandleAsync_Accept)
                  2000ddc0    00000060                  : wlan.obj (.text:sl_WlanPolicySet)
                  2000de20    00000058     driverlib.a : interrupt.obj (.text:IntPendClear)
                  2000de78    00000058                 : prcm.obj (.text:PRCMPeripheralReset)
                  2000ded0    00000056     rtsv7M4_T_le_eabi.lib : ltoa.obj (.text)
                  2000df26    00000002     --HOLE-- [fill = 0]
                  2000df28    00000054     driverlib.a : interrupt.obj (.text:IntPrioritySet)
                  2000df7c    00000054     simplelink.a : socket.obj (.text:_sl_HandleAsync_Select)
                  2000dfd0    00000054                  : wlan.obj (.text:sl_WlanRxFilterSet)
                  2000e024    00000050                  : device.obj (.text:_sl_HandleAsync_Stop)
                  2000e074    0000004c     ADC_my.obj (.text)
                  2000e0c0    0000004c     driverlib.a : spi.obj (.text:SPIIntEnable)
                  2000e10c    0000004c     simplelink.a : driver.obj (.text:_SlDrvProtectAsyncRespSetting)
                  2000e158    0000004c                  : driver.obj (.text:_SlDrvRxIrqHandler)
                  2000e1a4    0000004c     rtsv7M4_T_le_eabi.lib : atoi.obj (.text)
                  2000e1f0    0000004c                           : cpy_tbl.obj (.text)
                  2000e23c    0000004c     driverlib.a : udma.obj (.text:uDMAChannelAssign)
                  2000e288    00000048                 : spi.obj (.text:SPIIntClear)
                  2000e2d0    00000048     simplelink.a : driver.obj (.text:_SlDrvBasicCmd)
                  2000e318    00000048     rtsv7M4_T_le_eabi.lib : fd_toi_t2.obj (.text)
                  2000e360    00000046                           : ldexp.obj (.text)
                  2000e3a6    00000002     --HOLE-- [fill = 0]
                  2000e3a8    00000044     driverlib.a : spi.obj (.text:SPIDmaMaskGet)
                  2000e3ec    00000044                 : timer.obj (.text:TimerConfigure)
                  2000e430    00000044     simplelink.a : cc_pal.obj (.text:cc_SetupTransfer)
                  2000e474    00000044     rtsv7M4_T_le_eabi.lib : exit.obj (.text)
                  2000e4b8    00000044                           : fd_tou_t2.obj (.text)
                  2000e4fc    00000040     driverlib.a : pin.obj (.text:PinModeSet)
                  2000e53c    00000040     rtsv7M4_T_le_eabi.lib : signal.obj (.text)
                  2000e57c    0000003c     simplelink.a : netapp.obj (.text:CopyPingResultsToReport)
                  2000e5b8    0000003c     driverlib.a : prcm.obj (.text:PRCMPeripheralClkEnable)
                  2000e5f4    0000003c     rtsv7M4_T_le_eabi.lib : boot.obj (.text)
                  2000e630    0000003c     driverlib.a : udma.obj (.text:uDMAChannelControlSet)
                  2000e66c    00000038                 : adc.obj (.text:ADCChannelEnable)
                  2000e6a4    00000038     simplelink.a : cc_pal.obj (.text:NwpPowerOff)
                  2000e6dc    00000038     free_rtos.a : heap_3.obj (.text)
                  2000e714    00000036     driverlib.a : gpio.obj (.text:GPIODirModeSet)
                  2000e74a    00000036                 : timer.obj (.text:TimerControlLevel)
                  2000e780    00000036     simplelink.a : netapp.obj (.text:sl_NetAppMDNSUnRegisterService)
                  2000e7b6    00000002     --HOLE-- [fill = 0]
                  2000e7b8    00000034     driverlib.a : prcm.obj (.text:PRCMPeripheralStatusGet)
                  2000e7ec    00000034                 : spi.obj (.text:SPIFIFOLevelSet)
                  2000e820    00000034     rtsv7M4_T_le_eabi.lib : feraiseexcept.obj (.text)
                  2000e854    00000030     driverlib.a : pin.obj (.text:PinTypeGPIO)
                  2000e884    00000030                 : uart.obj (.text:UARTDisable)
                  2000e8b4    00000030     simplelink.a : device.obj (.text:_SlDrvDeviceEventHandler)
                  2000e8e4    00000030                  : fs.obj (.text:_sl_Strlen)
                  2000e914    00000030     rtsv7M4_T_le_eabi.lib : xferaise.obj (.text)
                  2000e944    00000030     simplelink.a : wlan.obj (.text:sl_WlanProfileDel)
                  2000e974    00000030                  : wlan.obj (.text:sl_WlanSetMode)
                  2000e9a4    0000002e     rtsv7M4_T_le_eabi.lib : i_tofd_t2.obj (.text)
                  2000e9d2    0000002e                           : raise.obj (.text)
                  2000ea00    0000002c     simplelink.a : cc_pal.obj (.text:DmaSpiSwIntHandler)
                  2000ea2c    0000002c                  : cc_pal.obj (.text:NwpPowerOn)
                  2000ea58    0000002c     driverlib.a : prcm.obj (.text:PRCMSysResetCauseGet)
                  2000ea84    0000002a                 : timer.obj (.text:TimerLoadSet)
                  2000eaae    0000002a                 : timer.obj (.text:TimerMatchSet)
                  2000ead8    0000002a                 : timer.obj (.text:TimerPrescaleSet)
                  2000eb02    0000002a     rtsv7M4_T_le_eabi.lib : xdclass.obj (.text)
                  2000eb2c    00000028     driverlib.a : prcm.obj (.text:PRCMPeripheralClkDisable)
                  2000eb54    00000028     simplelink.a : netapp.obj (.text:sl_NetAppStart)
                  2000eb7c    00000028                  : netapp.obj (.text:sl_NetAppStop)
                  2000eba4    00000026                  : cc_pal.obj (.text:NwpRegisterInterruptHandler)
                  2000ebca    00000002     --HOLE-- [fill = 0]
                  2000ebcc    00000024     driverlib.a : interrupt.obj (.text:IntUnregister)
                  2000ebf0    00000024                 : uart.obj (.text:UARTEnable)
                  2000ec14    00000024     simplelink.a : driver.obj (.text:_SlDrvProtectionObjLockWaitForever)
                  2000ec38    00000024     rtsv7M4_T_le_eabi.lib : memmov.obj (.text)
                  2000ec5c    00000022     driverlib.a : spi.obj (.text:SPIReset)
                  2000ec7e    00000022                 : spi.obj (.text:SPIWordCountSet)
                  2000eca0    00000022     rtsv7M4_T_le_eabi.lib : frexp.obj (.text)
                  2000ecc2    00000022                           : memcmp.obj (.text)
                  2000ece4    00000020     driverlib.a : gpio.obj (.text:GPIOPinWrite)
                  2000ed04    00000020                 : interrupt.obj (.text:IntRegister)
                  2000ed24    00000020     simplelink.a : driver.obj (.text:_SlDrvProtectionObjUnLock)
                  2000ed44    00000020     rtsv7M4_T_le_eabi.lib : u_tofd_t2.obj (.text)
                  2000ed64    0000001e     driverlib.a : timer.obj (.text:TimerDisable)
                  2000ed82    0000001e                 : timer.obj (.text:TimerEnable)
                  2000eda0    0000001e                 : timer.obj (.text:TimerIntStatus)
                  2000edbe    0000001e                 : uart.obj (.text:UARTCharPut)
                  2000eddc    0000001e     simplelink.a : cc_pal.obj (.text:cc_UDMAChannelSelect)
                  2000edfa    0000001c     driverlib.a : adc.obj (.text:ADCFIFOLvlGet)
                  2000ee16    0000001c                 : timer.obj (.text:TimerValueGet)
                  2000ee32    0000001c                 : uart.obj (.text:UARTCharGetNonBlocking)
                  2000ee4e    0000001c     simplelink.a : driver.obj (.text:_SlDrvObjLockWaitForever)
                  2000ee6a    0000001c                  : driver.obj (.text:_SlDrvSyncObjWaitForever)
                  2000ee86    0000001c     rtsv7M4_T_le_eabi.lib : memccpy.obj (.text)
                  2000eea2    00000002     --HOLE-- [fill = 0]
                  2000eea4    0000001c     driverlib.a : udma.obj (.text:uDMAChannelEnable)
                  2000eec0    0000001a                 : gpio.obj (.text:GPIOIntEnable)
                  2000eeda    0000001a                 : pin.obj (.text:PinTypeTimer)
                  2000eef4    0000001a                 : pin.obj (.text:PinTypeUART)
                  2000ef0e    0000001a                 : spi.obj (.text:SPIDmaDisable)
                  2000ef28    0000001a                 : spi.obj (.text:SPIDmaEnable)
                  2000ef42    0000001a                 : spi.obj (.text:SPIFIFODisable)
                  2000ef5c    0000001a                 : spi.obj (.text:SPIFIFOEnable)
                  2000ef76    00000018                 : adc.obj (.text:ADCFIFORead)
                  2000ef8e    00000018                 : gpio.obj (.text:GPIOPinRead)
                  2000efa6    00000018                 : spi.obj (.text:SPICSDisable)
                  2000efbe    00000018                 : spi.obj (.text:SPICSEnable)
                  2000efd6    00000018                 : spi.obj (.text:SPIDisable)
                  2000efee    00000018                 : spi.obj (.text:SPIEnable)
                  2000f006    00000018                 : timer.obj (.text:TimerIntDisable)
                  2000f01e    00000018                 : timer.obj (.text:TimerIntEnable)
                  2000f036    00000018                 : uart.obj (.text:UARTCharsAvail)
                  2000f04e    00000018     simplelink.a : driver.obj (.text:_SlDrvObjUnLock)
                  2000f066    00000018                  : driver.obj (.text:_SlDrvSyncObjSignal)
                  2000f07e    00000002     --HOLE-- [fill = 0]
                  2000f080    00000018                  : device.obj (.text:_sl_GetStartResponseConvert)
                  2000f098    00000018     rtsv7M4_T_le_eabi.lib : args_main.obj (.text)
                  2000f0b0    00000016     driverlib.a : prcm.obj (.text:PRCMHIBRegRead)
                  2000f0c6    00000016                 : prcm.obj (.text:PRCMHIBRegWrite)
                  2000f0dc    00000016     simplelink.a : driver.obj (.text:_SlDrvMemZero)
                  2000f0f2    00000016     rtsv7M4_T_le_eabi.lib : strchr.obj (.text)
                  2000f108    00000014     driverlib.a : adc.obj (.text:ADCEnable)
                  2000f11c    00000014                 : cpu.obj (.text:CPUcpsie)
                  2000f130    00000014                 : gpio.obj (.text:GPIOIntClear)
                  2000f144    00000014                 : interrupt.obj (.text:IntVTableBaseSet)
                  2000f158    00000014                 : pin.obj (.text:PinTypeADC)
                  2000f16c    00000014     rtsv7M4_T_le_eabi.lib : _lock.obj (.text)
                  2000f180    00000014                           : strlen.obj (.text)
                  2000f194    00000012     driverlib.a : timer.obj (.text:TimerIntClear)
                  2000f1a6    0000000e     simplelink.a : driver.obj (.text:_SlDrvResetCmdExt)
                  2000f1b4    0000000e     rtsv7M4_T_le_eabi.lib : copy_decompress_none.obj (.text:decompress:none)
                  2000f1c2    0000000e     startup_ccs.obj (.text)
                  2000f1d0    0000000c     simplelink.a : cc_pal.obj (.text:NwpMaskInterrupt)
                  2000f1dc    0000000c                  : cc_pal.obj (.text:NwpUnMaskInterrupt)
                  2000f1e8    0000000c     rtsv7M4_T_le_eabi.lib : copy_zero_init.obj (.text:decompress:ZI)
                  2000f1f4    0000000c     simplelink.a : wlan.obj (.text:sl_WlanDisconnect)
                  2000f200    0000000c                  : wlan.obj (.text:sl_WlanSmartConfigStop)
                  2000f20c    0000000a     driverlib.a : interrupt.obj (.text:IntMasterEnable)
                  2000f216    00000006                 : utils.obj (.text:UtilsDelay)
                  2000f21c    00000006     rtsv7M4_T_le_eabi.lib : copy_decompress_rle.obj (.text:decompress:rle24)
                  2000f222    00000004                           : pre_init.obj (.text)

.const     0    2000f228    00000674     
                  2000f228    00000101     rtsv7M4_T_le_eabi.lib : ctype.obj (.const:.string:_ctypes_)
                  2000f329    00000003     --HOLE-- [fill = 0]
                  2000f32c    00000100     driverlib.a : pin.obj (.const:g_ulPinToPadMap)
                  2000f42c    000000d4                 : interrupt.obj (.const:g_pulRegs)
                  2000f500    000000a8                 : prcm.obj (.const:PRCM_PeriphRegsList)
                  2000f5a8    00000080                 : interrupt.obj (.const)
                  2000f628    0000003c     simplelink.a : driver.obj (.const:OpcodeTranslateTable)
                  2000f664    0000003c                  : wlan.obj (.const)
                  2000f6a0    00000038     Flash.obj (.const:.string)
                  2000f6d8    00000038     simplelink.a : driver.obj (.const:_SlActionLookupTable)
                  2000f710    00000038                  : fs.obj (.const)
                  2000f748    00000034                  : driver.obj (.const)
                  2000f77c    00000031     main.obj (.const:.string)
                  2000f7ad    00000003     --HOLE-- [fill = 0]
                  2000f7b0    0000002c     main.obj (.const:$P$T1$2)
                  2000f7dc    00000028     simplelink.a : netapp.obj (.const)
                  2000f804    00000023     smartconfig.obj (.const:.string)
                  2000f827    00000022     main.obj (.const:.string:$P$T0$1)
                  2000f849    00000003     --HOLE-- [fill = 0]
                  2000f84c    00000018     driverlib.a : spi.obj (.const)
                  2000f864    00000014     main.obj (.const)
                  2000f878    00000014     simplelink.a : device.obj (.const)
                  2000f88c    00000008                  : device.obj (.const:.string)
                  2000f894    00000008                  : netcfg.obj (.const)

.cinit     0    2000f8a0    000000c0     
                  2000f8a0    00000099     (.cinit..data.load) [load image, compression = rle]
                  2000f939    00000003     --HOLE-- [fill = 0]
                  2000f93c    0000000c     (__TI_handler_table)
                  2000f948    00000008     (.cinit..bss.load) [load image, compression = zero_init]
                  2000f950    00000010     (__TI_cinit_table)

.sysmem    0    20017000    00008000     UNINITIALIZED
                  20017000    00000008     rtsv7M4_T_le_eabi.lib : memory.obj (.sysmem)
                  20017008    00007ff8     --HOLE--

.bss       0    2001f000    00000438     UNINITIALIZED
                  2001f000    00000178     simplelink.a : driver.obj (.bss:g_StatMem)
                  2001f178    000000c8     free_rtos.a : tasks.obj (.bss:pxReadyTasksLists)
                  2001f240    00000050     simplelink.a : cc_pal.obj (.bss:g_ucDinDout)
                  2001f290    00000050     free_rtos.a : queue.obj (.bss:xQueueRegistry)
                  2001f2e0    00000024     main.obj (.bss:g_ucConnectionSSID)
                  2001f304    00000024     main.obj (.bss:g_ucSSID)
                  2001f328    00000020     (.common:g_Status)
                  2001f348    00000020     (.common:g_StatusColor)
                  2001f368    0000001c     (.common:info)
                  2001f384    00000014     (.common:xDelayedTaskList1)
                  2001f398    00000014     (.common:xDelayedTaskList2)
                  2001f3ac    00000014     (.common:xPendingReadyList)
                  2001f3c0    00000014     (.common:xSuspendedTaskList)
                  2001f3d4    00000014     (.common:xTasksWaitingTermination)
                  2001f3e8    00000008     (.common:g_ucConnectionBSSID)
                  2001f3f0    00000004     (.common:ConnectSync)
                  2001f3f4    00000004     (.common:DMAMsgQ)
                  2001f3f8    00000004     (.common:MsgQCommands)
                  2001f3fc    00000004     (.common:MsgQConnection)
                  2001f400    00000004     (.common:MsgQTaster)
                  2001f404    00000004     (.common:Tast1)
                  2001f408    00000004     (.common:Tast2)
                  2001f40c    00000004     (.common:__Errorlog)
                  2001f410    00000004     (.common:g_BlueMove)
                  2001f414    00000004     (.common:g_GreenMove)
                  2001f418    00000004     (.common:g_IntTransient)
                  2001f41c    00000004     (.common:g_RedMove)
                  2001f420    00000004     (.common:g_cDummy)
                  2001f424    00000004     (.common:pxDelayedTaskList)
                  2001f428    00000004     (.common:pxOverflowDelayedTaskList)
                  2001f42c    00000004     (.common:ul_TIMERA0Base)
                  2001f430    00000004     (.common:ul_TIMERA1Base)
                  2001f434    00000001     (.common:RxIrqCnt)
                  2001f435    00000001     (.common:g_ucLED1Pin)
                  2001f436    00000001     (.common:g_ucLED2Pin)
                  2001f437    00000001     (.common:g_ucLED3Pin)

.TI.noinit 
*          0    2001f000    00000000     UNINITIALIZED

.data      0    2001f438    00000218     UNINITIALIZED
                  2001f438    000000b0     rtsv7M4_T_le_eabi.lib : signal.obj (.data:sigtable)
                  2001f4e8    00000080                           : xvalues.obj (.data)
                  2001f568    0000003d     main.obj (.data)
                  2001f5a5    00000003     --HOLE--
                  2001f5a8    00000034     free_rtos.a : tasks.obj (.data)
                  2001f5dc    00000020     gpio_if.obj (.data)
                  2001f5fc    0000000c     free_rtos.a : osi_freertos.obj (.data)
                  2001f608    0000000c     rtsv7M4_T_le_eabi.lib : memory.obj (.data)
                  2001f614    00000009     simplelink.a : cc_pal.obj (.data)
                  2001f61d    00000003     --HOLE--
                  2001f620    00000009                  : driver.obj (.data)
                  2001f629    00000003     --HOLE--
                  2001f62c    00000008     rtsv7M4_T_le_eabi.lib : _lock.obj (.data)
                  2001f634    00000008                           : exit.obj (.data)
                  2001f63c    00000008                           : feraiseexcept.obj (.data)
                  2001f644    00000004     free_rtos.a : port.obj (.data)
                  2001f648    00000004     rtsv7M4_T_le_eabi.lib : errno.obj (.data)
                  2001f64c    00000004                           : stkdepth_vars.obj (.data)

.TI.persistent 
*          0    2001f438    00000000     UNINITIALIZED

.stack     0    2002f800    00000800     UNINITIALIZED
                  2002f800    00000800     --HOLE--


LINKER GENERATED COPY TABLES

__TI_cinit_table @ 2000f950 records: 2, size/record: 8, table size: 16
	.data: load addr=2000f8a0, load size=00000099 bytes, run addr=2001f438, run size=00000218 bytes, compression=rle
	.bss: load addr=2000f948, load size=00000008 bytes, run addr=2001f000, run size=00000438 bytes, compression=zero_init


LINKER GENERATED HANDLER TABLE

__TI_handler_table @ 2000f93c records: 3, size/record: 4, table size: 12
	index: 0, handler: __TI_decompress_rle24
	index: 1, handler: __TI_decompress_none
	index: 2, handler: __TI_zero_init


GLOBAL SYMBOLS: SORTED ALPHABETICALLY BY Name 

address   name                                  
-------   ----                                  
2000e66d  ADCChannelEnable                      
2000f109  ADCEnable                             
2000edfb  ADCFIFOLvlGet                         
2000ef77  ADCFIFORead                           
200054c5  Bliky                                 
2000e475  C$$EXIT                               
2000f11d  CPUcpsie                              
20009a45  ClearTerm                             
2001f3f0  ConnectSync                           
20004c01  ConnectToNetwork                      
2000e57d  CopyPingResultsToReport               
20009c95  CreateFileToDevice                    
2001f3f4  DMAMsgQ                               
2000ea01  DmaSpiSwIntHandler                    
20009a4f  Error                                 
2001f57f  GET_token                             
2000e715  GPIODirModeSet                        
2000f131  GPIOIntClear                          
2000eec1  GPIOIntEnable                         
2000d3f5  GPIOIntTypeSet                        
2000ef8f  GPIOPinRead                           
2000ece5  GPIOPinWrite                          
20009931  GPIO_IF_ConfigureNIntEnable           
200099ad  GPIO_IF_Get                           
200098eb  GPIO_IF_GetPortNPin                   
200096ad  GPIO_IF_LedConfigure                  
2000979f  GPIO_IF_LedOff                        
200096eb  GPIO_IF_LedOn                         
20009853  GPIO_IF_LedStatus                     
200098bd  GPIO_IF_LedToggle                     
20009973  GPIO_IF_Set                           
20009a87  GetCmd                                
20009a05  InitTerm                              
2000c7fd  IntDisable                            
2000c8a5  IntEnable                             
2000f20d  IntMasterEnable                       
2000de21  IntPendClear                          
2000df29  IntPrioritySet                        
2000ed05  IntRegister                           
2000ebcd  IntUnregister                         
2000f145  IntVTableBaseSet                      
20005175  LightControlTask                      
20009a23  Message                               
20005525  MoveMode                              
2001f3f8  MsgQCommands                          
2001f3fc  MsgQConnection                        
2001f400  MsgQTaster                            
2000f1d1  NwpMaskInterrupt                      
2000e6a5  NwpPowerOff                           
2000ea2d  NwpPowerOn                            
2000d371  NwpPowerOnPreamble                    
2000eba5  NwpRegisterInterruptHandler           
2000f1dd  NwpUnMaskInterrupt                    
2000f628  OpcodeTranslateTable                  
2001f574  POST_token                            
2000b36d  PRCMCC3200MCUInit                     
2000f0b1  PRCMHIBRegRead                        
2000f0c7  PRCMHIBRegWrite                       
2000eb2d  PRCMPeripheralClkDisable              
2000e5b9  PRCMPeripheralClkEnable               
2000cc59  PRCMPeripheralClockGet                
2000de79  PRCMPeripheralReset                   
2000e7b9  PRCMPeripheralStatusGet               
2000ea59  PRCMSysResetCauseGet                  
2000a219  PWM_Disable_1                         
2000a243  PWM_Disable_2                         
2000a26f  PWM_Disable_3                         
2000a199  PWM_Init                              
2000a29b  PWM_Set1                              
2000a2d5  PWM_Set2                              
2000a30d  PWM_Set3                              
2000d0cd  PinConfigSet                          
2000e4fd  PinModeSet                            
2000badd  PinMuxConfig                          
2000f159  PinTypeADC                            
2000e855  PinTypeGPIO                           
2000eedb  PinTypeTimer                          
2000eef5  PinTypeUART                           
2000e075  ReadADC3                              
20009dbf  ReadFileFromDevice                    
20009bd5  Report                                
2000f1c3  ResetISR                              
2001f434  RxIrqCnt                              
2000f758  RxMsgClassLUT                         
UNDEFED   SHT$$INIT_ARRAY$$Base                 
UNDEFED   SHT$$INIT_ARRAY$$Limit                
2000efa7  SPICSDisable                          
2000efbf  SPICSEnable                           
2000c94d  SPIConfigSetExpClk                    
2000efd7  SPIDisable                            
2000ef0f  SPIDmaDisable                         
2000ef29  SPIDmaEnable                          
2000efef  SPIEnable                             
2000ef43  SPIFIFODisable                        
2000ef5d  SPIFIFOEnable                         
2000e7ed  SPIFIFOLevelSet                       
2000e289  SPIIntClear                           
2000e0c1  SPIIntEnable                          
2000ec5d  SPIReset                              
2000ec7f  SPIWordCountSet                       
2000a139  SetupTimerPWMMode                     
2000464f  SimpleLinkHttpServerCallback          
200045d1  SimpleLinkNetAppEventHandler          
20004645  SimpleLinkSockEventHandler            
20004419  SimpleLinkWlanEventHandler            
2000bea1  SmartConfigConnect                    
2000bf29  SmartConfigStop                       
2000f88c  StartResponseLUT                      
2001f404  Tast1                                 
2001f408  Tast2                                 
200053a5  TasterTask                            
2000e3ed  TimerConfigure                        
2000e74b  TimerControlLevel                     
2000ed65  TimerDisable                          
2000ed83  TimerEnable                           
2000f195  TimerIntClear                         
2000f007  TimerIntDisable                       
2000f01f  TimerIntEnable                        
2000eda1  TimerIntStatus                        
2000da91  TimerIntUnregister                    
2000ea85  TimerLoadSet                          
2000eaaf  TimerMatchSet                         
2000ead9  TimerPrescaleSet                      
2000ee17  TimerValueGet                         
2000aa65  Timer_IF_DeInit                       
2000aa97  Timer_IF_GetCount                     
2000a979  Timer_IF_Init                         
2000a9ab  Timer_IF_IntSetup                     
2000aa1d  Timer_IF_InterruptClear               
2000aa7f  Timer_IF_ReLoad                       
2000aa35  Timer_IF_Start                        
2000aa55  Timer_IF_Stop                         
20009b3d  TrimSpace                             
2000ee33  UARTCharGetNonBlocking                
2000edbf  UARTCharPut                           
2000f037  UARTCharsAvail                        
2000d8d5  UARTConfigSetExpClk                   
2000e885  UARTDisable                           
2000ebf1  UARTEnable                            
2000f217  UtilsDelay                            
20009101  VDeleteSimpleLinkSpawnTask            
200090b1  VStartSimpleLinkSpawnTask             
20009d11  WriteFileToDevice                     
2000eb03  _Dclass                               
2001f4e8  _Denorm                               
2000c39d  _Dnorm                                
2000b6dd  _Dscale                               
2000dc31  _Dunscale                             
2001f4f8  _Eps                                  
2001f648  _Errno                                
2001f63c  _Fenv                                 
2000e915  _Feraise                              
2001f508  _Hugeval                              
2001f518  _Inf                                  
2001f528  _Nan                                  
2001f548  _Rteps                                
2000f6d8  _SlActionLookupTable                  
2000c691  _SlAsyncEventGenericHandler           
2000f884  _SlDeviceGetCmdCtrl                   
2000f888  _SlDeviceSetCmdCtrl                   
2000e2d1  _SlDrvBasicCmd                        
2000c065  _SlDrvClassifyRxMsg                   
2000d479  _SlDrvCmdOp                           
2000d94d  _SlDrvCmdSend                         
2000e8b5  _SlDrvDeviceEventHandler              
2000b9e9  _SlDrvDriverCBDeinit                  
2000ae01  _SlDrvDriverCBInit                    
2000f0dd  _SlDrvMemZero                         
2000884d  _SlDrvMsgRead                         
2000c45d  _SlDrvMsgReadCmdCtx                   
2000c9ed  _SlDrvMsgReadSpawnCtx                 
2000a72d  _SlDrvMsgWrite                        
2000b7ed  _SlDrvNetAppEventHandler              
2000ee4f  _SlDrvObjLockWaitForever              
2000f04f  _SlDrvObjUnLock                       
2000e10d  _SlDrvProtectAsyncRespSetting         
2000ec15  _SlDrvProtectionObjLockWaitForever    
2000ed25  _SlDrvProtectionObjUnLock             
2000a55d  _SlDrvReleasePoolObj                  
2000f1a7  _SlDrvResetCmdExt                     
20009ef1  _SlDrvRxHdrRead                       
2000e159  _SlDrvRxIrqHandler                    
2000f067  _SlDrvSyncObjSignal                   
2000ee6b  _SlDrvSyncObjWaitForever              
2000ac71  _SlDrvWaitForPoolObj                  
2000f880  _SlEventMaskGetCmdCtrl                
2000f87c  _SlEventMaskSetCmdCtrl                
2000af75  _SlFindAndSetActiveObj                
2000f714  _SlFsCloseCmdCtrl                     
2000f724  _SlFsDeleteCmdCtrl                    
2000f720  _SlFsGetInfoCmdCtrl                   
2000f710  _SlFsOpenCmdCtrl                      
2000f718  _SlFsReadCmdCtrl                      
2000f71c  _SlFsWriteCmdCtrl                     
2000f7f0  _SlGetHostByNameCtrl                  
2000f7ec  _SlGetHostByServiceCtrl               
2000f7e4  _SlGetServiceListeCtrl                
2000f7fc  _SlNetAppGetCmdCtrl                   
2000f7f8  _SlNetAppSendTokenValueCmdCtrl        
2000f7f4  _SlNetAppSetCmdCtrl                   
2000f7dc  _SlNetAppStartCtrl                    
2000f7e0  _SlNetAppStopCtrl                     
2000f898  _SlNetCfgGetCmdCtrl                   
2000f894  _SlNetCfgSetCmdCtrl                   
2000f668  _SlPolicyGetCmdCtrl                   
2000f664  _SlPolicySetCmdCtrl                   
2000f670  _SlProfileDelCmdCtrl                  
2000f66c  _SlProfileGetCmdCtrl                  
2000f7e8  _SlRegisterServiceCtrl                
2000c2d9  _SlRemoveFromList                     
2000f678  _SlRxFilterAddtCmdCtrl                
2000f680  _SlRxFilterGetCmdCtrl                 
2000f67c  _SlRxFilterSetCmdCtrl                 
2000f684  _SlSmartConfigStartCmdCtrl            
2000f878  _SlStopCmdCtrl                        
2000f690  _SlWlanCfgGetCmdCtrl                  
2000f68c  _SlWlanCfgSetCmdCtrl                  
2000f674  _SlWlanGetNetworkListCtrl             
2000f688  _SlWlanSetModeCmdCtrl                 
2001f538  _Snan                                 
2001f640  _Tls_setup__Fenv                      
2001f558  _Xbig                                 
2001f560  _Zero                                 
20030000  __STACK_END                           
00000800  __STACK_SIZE                          
00008000  __SYSMEM_SIZE                         
2000f950  __TI_CINIT_Base                       
2000f960  __TI_CINIT_Limit                      
2000f93c  __TI_Handler_Table_Base               
2000f948  __TI_Handler_Table_Limit              
2000d9b9  __TI_auto_init                        
2001f634  __TI_cleanup_ptr                      
2000f1b5  __TI_decompress_none                  
2000f21d  __TI_decompress_rle24                 
2001f638  __TI_dtors_ptr                        
20007a21  __TI_printfi                          
2000f8a0  __TI_static_base__                    
2000f1e9  __TI_zero_init                        
2000d265  __aeabi_cdcmpeq                       
2000d265  __aeabi_cdcmple                       
2000d2eb  __aeabi_cdrcmple                      
2000e319  __aeabi_d2iz                          
2000e4b9  __aeabi_d2uiz                         
2000aac3  __aeabi_dadd                          
2000b235  __aeabi_ddiv                          
2000b8eb  __aeabi_dmul                          
2000aab9  __aeabi_dsub                          
2000e9a5  __aeabi_i2d                           
2000d6f1  __aeabi_memclr                        
2000d6f1  __aeabi_memclr4                       
2000d6f1  __aeabi_memclr8                       
2000ca89  __aeabi_memcpy                        
2000ca89  __aeabi_memcpy4                       
2000ca89  __aeabi_memcpy8                       
2000d6f3  __aeabi_memset                        
2000d6f3  __aeabi_memset4                       
2000d6f3  __aeabi_memset8                       
2000ed45  __aeabi_ui2d                          
2000a369  __aeabi_uldivmod                      
ffffffff  __binit__                             
ffffffff  __c_args__                            
2002f800  __stack                               
2000f099  _args_main                            
2000e5f5  _c_int00                              
2000f228  _ctypes_                              
2001f62c  _lock                                 
2000f17b  _nop                                  
2000f173  _register_lock                        
2000f16d  _register_unlock                      
2000cbc1  _sl_GetCreateFsMode                   
2000f081  _sl_GetStartResponseConvert           
2000dd61  _sl_HandleAsync_Accept                
2000d76d  _sl_HandleAsync_Connect               
2000cf29  _sl_HandleAsync_DnsGetHostByName      
2000c211  _sl_HandleAsync_DnsGetHostByService   
2000d5f9  _sl_HandleAsync_InitComplete          
2000cfb5  _sl_HandleAsync_PingResponse          
2000df7d  _sl_HandleAsync_Select                
2000e025  _sl_HandleAsync_Stop                  
2000daf9  _sl_NetAppSendTokenValue              
2000e8e5  _sl_Strlen                            
20017000  _sys_memory                           
2000f223  _system_pre_init                      
2001f630  _unlock                               
2000e479  abort                                 
2000e1a5  atoi                                  
ffffffff  binit                                 
2000963d  calloc                                
2000e1f1  copy_in                               
20005cb5  eTaskGetState                         
2000e481  exit                                  
2000e821  feraiseexcept                         
2000938b  free                                  
2000eca1  frexp                                 
2001f628  gFirstCmdMode                         
2001f410  g_BlueMove                            
2001f598  g_BlueOld                             
2001f414  g_GreenMove                           
2001f597  g_GreenOld                            
2000f750  g_H2NCnysPattern                      
2000f748  g_H2NSyncPattern                      
2001f418  g_IntTransient                        
2001f41c  g_RedMove                             
2001f596  g_RedOld                              
2001f614  g_SpiFd                               
2001f000  g_StatMem                             
2001f328  g_Status                              
2001f348  g_StatusColor                         
2001f595  g_Toggle                              
2001f420  g_cDummy                              
2001f58c  g_iSimplelinkRole                     
2001f594  g_mode                                
2001f620  g_pCB                                 
2001f618  g_pHostIntHdl                         
20004000  g_pfnVectors                          
2001f5a4  g_ucConnectTimeout                    
2001f3e8  g_ucConnectionBSSID                   
2001f2e0  g_ucConnectionSSID                    
2001f61c  g_ucDMAEnabled                        
2001f240  g_ucDinDout                           
2001f435  g_ucLED1Pin                           
2001f436  g_ucLED2Pin                           
2001f437  g_ucLED3Pin                           
2001f304  g_ucSSID                              
2001f5a0  g_uiDeviceModeConfig                  
2001f590  g_uiIpAddress                         
2001f5f0  g_uiLED1Port                          
2001f5f4  g_uiLED2Port                          
2001f5f8  g_uiLED3Port                          
2001f59c  g_uiSimplelinkRole                    
2001f570  g_ulGatewayIP                         
2001f56c  g_ulPingPacketsRecv                   
2001f568  g_ulStatus                            
2001f59a  g_usMCNetworkUstate                   
2001f368  info                                  
2000e361  ldexp                                 
2000ded1  ltoa                                  
20005739  main                                  
2001f64c  main_func_sp                          
20009323  malloc                                
20009205  mem_Free                              
200091f9  mem_Malloc                            
20009225  mem_copy                              
20009211  mem_set                               
20009559  memalign                              
2000ee87  memccpy                               
2000ecc3  memcmp                                
2000ca89  memcpy                                
2000ec39  memmove                               
2000d6f9  memset                                
20009295  minit                                 
2000927b  osi_ContextRestore                    
20009279  osi_ContextSave                       
20009239  osi_EnterCritical                     
20009243  osi_ExitCritical                      
20008e5f  osi_InterruptDeRegister               
20008e39  osi_InterruptRegister                 
20008f69  osi_LockObjCreate                     
20008fdd  osi_LockObjDelete                     
20008fed  osi_LockObjLock                       
20009019  osi_LockObjUnlock                     
2000912d  osi_MsgQCreate                        
20009171  osi_MsgQDelete                        
200091bd  osi_MsgQRead                          
2000918b  osi_MsgQWrite                         
20009255  osi_Sleep                             
20009043  osi_Spawn                             
20008f47  osi_SyncObjClear                      
20008e71  osi_SyncObjCreate                     
20008ea1  osi_SyncObjDelete                     
20008ebb  osi_SyncObjSignal                     
20008ee3  osi_SyncObjSignalFromISR              
20008f1b  osi_SyncObjWait                       
20008f8f  osi_TaskCreate                        
20008fcf  osi_TaskDelete                        
20009265  osi_TaskDisable                       
2000926f  osi_TaskEnable                        
2000924d  osi_start                             
2001f624  pPingCallBackFunc                     
200061d9  pcTaskGetTaskName                     
2000c689  portCLZ                               
2000c671  prvPortStartFirstTask                 
2000e6dd  pvPortMalloc                          
2001f5a8  pxCurrentTCB                          
2000b5cd  pxPortInitialiseStack                 
2000e9d3  raise                                 
2000944d  realloc                               
2000e53d  signal                                
2000cb25  sl_DevGet                             
2000d1dd  sl_FsClose                            
2000d675  sl_FsGetInfo                          
2000d7e5  sl_FsOpen                             
2000bbd1  sl_FsRead                             
2000bdb5  sl_FsWrite                            
2000c749  sl_NetAppMDNSRegisterUnregisterService
2000e781  sl_NetAppMDNSUnRegisterService        
2000eb55  sl_NetAppStart                        
2000eb7d  sl_NetAppStop                         
2000db61  sl_NetCfgSet                          
2000c519  sl_Start                              
2000c13d  sl_Stop                               
2000f1f5  sl_WlanDisconnect                     
2000cced  sl_WlanGet                            
2000ddc1  sl_WlanPolicySet                      
2000e945  sl_WlanProfileDel                     
2000dfd1  sl_WlanRxFilterSet                    
2000dbc9  sl_WlanSet                            
2000e975  sl_WlanSetMode                        
2000cd81  sl_WlanSmartConfigStart               
2000f201  sl_WlanSmartConfigStop                
2000d85d  spi_Close                             
2000b0e5  spi_Open                              
2000bf89  spi_Read                              
2000d041  spi_Write                             
2000f0f3  strchr                                
2000f181  strlen                                
2000e23d  uDMAChannelAssign                     
2000dc99  uDMAChannelAttributeDisable           
2000dcfd  uDMAChannelAttributeEnable            
2000e631  uDMAChannelControlSet                 
2000eea5  uDMAChannelEnable                     
2000bcc5  uDMAChannelTransferSet                
200084a9  ucQueueGetQueueType                   
2000c5d9  ulPortSetInterruptMask                
2000b583  uxListRemove                          
20008489  uxQueueGetQueueNumber                 
2000841d  uxQueueMessagesWaiting                
20008453  uxQueueMessagesWaitingFromISR         
20008433  uxQueueSpacesAvailable                
200061cd  uxTaskGetNumberOfTasks                
200061fd  uxTaskGetSystemState                  
200066f1  uxTaskGetTaskNumber                   
20005d49  uxTaskPriorityGet                     
20006c49  uxTaskResetEventItemValue             
2000440b  vApplicationIdleHook                  
2000440d  vApplicationMallocFailedHook          
2000440f  vApplicationStackOverflowHook         
20004401  vAssertCalled                         
2000b4a1  vListInitialise                       
2000b4d1  vListInitialiseItem                   
2000b51d  vListInsert                           
2000b4e1  vListInsertEnd                        
2000c5ef  vPortClearInterruptMask               
2000b649  vPortEndScheduler                     
2000b65d  vPortEnterCritical                    
2000b675  vPortExitCritical                     
2000e6fd  vPortFree                             
2000c649  vPortSVCHandler                       
2000b6a9  vPortSetupTimerInterrupt              
2000b64b  vPortYield                            
200086c3  vQueueAddToRegistry                   
20008465  vQueueDelete                          
20008497  vQueueSetQueueNumber                  
20008705  vQueueUnregisterQueue                 
20005c5f  vTaskDelay                            
20005bc3  vTaskDelayUntil                       
20005b33  vTaskDelete                           
200060b1  vTaskEndScheduler                     
200066e3  vTaskMissedYield                      
20006479  vTaskPlaceOnEventList                 
200064dd  vTaskPlaceOnUnorderedEventList        
20006bbf  vTaskPriorityDisinherit               
20006b05  vTaskPriorityInherit                  
20005d81  vTaskPrioritySet                      
20005f79  vTaskResume                           
20006711  vTaskSetTaskNumber                    
20006643  vTaskSetTimeOutState                  
20006067  vTaskStartScheduler                   
20005e85  vTaskSuspend                          
200060c3  vTaskSuspendAll                       
200063f9  vTaskSwitchContext                    
2000d155  vsnprintf                             
2001f5fc  xHigherPriorityTaskWoken              
2000c5fd  xPortPendSVHandler                    
2000b61d  xPortStartScheduler                   
2000b68d  xPortSysTickHandler                   
20008753  xQueueAddToSet                        
20008085  xQueueAltGenericReceive               
20007fd9  xQueueAltGenericSend                  
20007ead  xQueueCreateCountingSemaphore         
20007e2f  xQueueCreateMutex                     
2000873f  xQueueCreateSet                       
20007db9  xQueueGenericCreate                   
2000821f  xQueueGenericReceive                  
20007d29  xQueueGenericReset                    
20007ecd  xQueueGenericSend                     
20008183  xQueueGenericSendFromISR              
2000865f  xQueueIsQueueEmptyFromISR             
200086a1  xQueueIsQueueFullFromISR              
200083d9  xQueuePeekFromISR                     
20008361  xQueueReceiveFromISR                  
2001f290  xQueueRegistry                        
20008787  xQueueRemoveFromSet                   
200087c9  xQueueSelectFromSet                   
200087e3  xQueueSelectFromSetFromISR            
2001f600  xSimpleLinkSpawnQueue                 
2001f604  xSimpleLinkSpawnTaskHndl              
20006669  xTaskCheckForTimeOut                  
20005a25  xTaskGenericCreate                    
20006ab9  xTaskGetCurrentTaskHandle             
200062bb  xTaskGetIdleTaskHandle                
20006acd  xTaskGetSchedulerState                
200061a1  xTaskGetTickCount                     
200061b5  xTaskGetTickCountFromISR              
200062d5  xTaskIncrementTick                    
20006551  xTaskRemoveFromEventList              
200065d5  xTaskRemoveFromUnorderedEventList     
200060d5  xTaskResumeAll                        
20005fed  xTaskResumeFromISR                    


GLOBAL SYMBOLS: SORTED BY Symbol Address 

address   name                                  
-------   ----                                  
00000800  __STACK_SIZE                          
00008000  __SYSMEM_SIZE                         
20004000  g_pfnVectors                          
20004401  vAssertCalled                         
2000440b  vApplicationIdleHook                  
2000440d  vApplicationMallocFailedHook          
2000440f  vApplicationStackOverflowHook         
20004419  SimpleLinkWlanEventHandler            
200045d1  SimpleLinkNetAppEventHandler          
20004645  SimpleLinkSockEventHandler            
2000464f  SimpleLinkHttpServerCallback          
20004c01  ConnectToNetwork                      
20005175  LightControlTask                      
200053a5  TasterTask                            
200054c5  Bliky                                 
20005525  MoveMode                              
20005739  main                                  
20005a25  xTaskGenericCreate                    
20005b33  vTaskDelete                           
20005bc3  vTaskDelayUntil                       
20005c5f  vTaskDelay                            
20005cb5  eTaskGetState                         
20005d49  uxTaskPriorityGet                     
20005d81  vTaskPrioritySet                      
20005e85  vTaskSuspend                          
20005f79  vTaskResume                           
20005fed  xTaskResumeFromISR                    
20006067  vTaskStartScheduler                   
200060b1  vTaskEndScheduler                     
200060c3  vTaskSuspendAll                       
200060d5  xTaskResumeAll                        
200061a1  xTaskGetTickCount                     
200061b5  xTaskGetTickCountFromISR              
200061cd  uxTaskGetNumberOfTasks                
200061d9  pcTaskGetTaskName                     
200061fd  uxTaskGetSystemState                  
200062bb  xTaskGetIdleTaskHandle                
200062d5  xTaskIncrementTick                    
200063f9  vTaskSwitchContext                    
20006479  vTaskPlaceOnEventList                 
200064dd  vTaskPlaceOnUnorderedEventList        
20006551  xTaskRemoveFromEventList              
200065d5  xTaskRemoveFromUnorderedEventList     
20006643  vTaskSetTimeOutState                  
20006669  xTaskCheckForTimeOut                  
200066e3  vTaskMissedYield                      
200066f1  uxTaskGetTaskNumber                   
20006711  vTaskSetTaskNumber                    
20006ab9  xTaskGetCurrentTaskHandle             
20006acd  xTaskGetSchedulerState                
20006b05  vTaskPriorityInherit                  
20006bbf  vTaskPriorityDisinherit               
20006c49  uxTaskResetEventItemValue             
20007a21  __TI_printfi                          
20007d29  xQueueGenericReset                    
20007db9  xQueueGenericCreate                   
20007e2f  xQueueCreateMutex                     
20007ead  xQueueCreateCountingSemaphore         
20007ecd  xQueueGenericSend                     
20007fd9  xQueueAltGenericSend                  
20008085  xQueueAltGenericReceive               
20008183  xQueueGenericSendFromISR              
2000821f  xQueueGenericReceive                  
20008361  xQueueReceiveFromISR                  
200083d9  xQueuePeekFromISR                     
2000841d  uxQueueMessagesWaiting                
20008433  uxQueueSpacesAvailable                
20008453  uxQueueMessagesWaitingFromISR         
20008465  vQueueDelete                          
20008489  uxQueueGetQueueNumber                 
20008497  vQueueSetQueueNumber                  
200084a9  ucQueueGetQueueType                   
2000865f  xQueueIsQueueEmptyFromISR             
200086a1  xQueueIsQueueFullFromISR              
200086c3  vQueueAddToRegistry                   
20008705  vQueueUnregisterQueue                 
2000873f  xQueueCreateSet                       
20008753  xQueueAddToSet                        
20008787  xQueueRemoveFromSet                   
200087c9  xQueueSelectFromSet                   
200087e3  xQueueSelectFromSetFromISR            
2000884d  _SlDrvMsgRead                         
20008e39  osi_InterruptRegister                 
20008e5f  osi_InterruptDeRegister               
20008e71  osi_SyncObjCreate                     
20008ea1  osi_SyncObjDelete                     
20008ebb  osi_SyncObjSignal                     
20008ee3  osi_SyncObjSignalFromISR              
20008f1b  osi_SyncObjWait                       
20008f47  osi_SyncObjClear                      
20008f69  osi_LockObjCreate                     
20008f8f  osi_TaskCreate                        
20008fcf  osi_TaskDelete                        
20008fdd  osi_LockObjDelete                     
20008fed  osi_LockObjLock                       
20009019  osi_LockObjUnlock                     
20009043  osi_Spawn                             
200090b1  VStartSimpleLinkSpawnTask             
20009101  VDeleteSimpleLinkSpawnTask            
2000912d  osi_MsgQCreate                        
20009171  osi_MsgQDelete                        
2000918b  osi_MsgQWrite                         
200091bd  osi_MsgQRead                          
200091f9  mem_Malloc                            
20009205  mem_Free                              
20009211  mem_set                               
20009225  mem_copy                              
20009239  osi_EnterCritical                     
20009243  osi_ExitCritical                      
2000924d  osi_start                             
20009255  osi_Sleep                             
20009265  osi_TaskDisable                       
2000926f  osi_TaskEnable                        
20009279  osi_ContextSave                       
2000927b  osi_ContextRestore                    
20009295  minit                                 
20009323  malloc                                
2000938b  free                                  
2000944d  realloc                               
20009559  memalign                              
2000963d  calloc                                
200096ad  GPIO_IF_LedConfigure                  
200096eb  GPIO_IF_LedOn                         
2000979f  GPIO_IF_LedOff                        
20009853  GPIO_IF_LedStatus                     
200098bd  GPIO_IF_LedToggle                     
200098eb  GPIO_IF_GetPortNPin                   
20009931  GPIO_IF_ConfigureNIntEnable           
20009973  GPIO_IF_Set                           
200099ad  GPIO_IF_Get                           
20009a05  InitTerm                              
20009a23  Message                               
20009a45  ClearTerm                             
20009a4f  Error                                 
20009a87  GetCmd                                
20009b3d  TrimSpace                             
20009bd5  Report                                
20009c95  CreateFileToDevice                    
20009d11  WriteFileToDevice                     
20009dbf  ReadFileFromDevice                    
20009ef1  _SlDrvRxHdrRead                       
2000a139  SetupTimerPWMMode                     
2000a199  PWM_Init                              
2000a219  PWM_Disable_1                         
2000a243  PWM_Disable_2                         
2000a26f  PWM_Disable_3                         
2000a29b  PWM_Set1                              
2000a2d5  PWM_Set2                              
2000a30d  PWM_Set3                              
2000a369  __aeabi_uldivmod                      
2000a55d  _SlDrvReleasePoolObj                  
2000a72d  _SlDrvMsgWrite                        
2000a979  Timer_IF_Init                         
2000a9ab  Timer_IF_IntSetup                     
2000aa1d  Timer_IF_InterruptClear               
2000aa35  Timer_IF_Start                        
2000aa55  Timer_IF_Stop                         
2000aa65  Timer_IF_DeInit                       
2000aa7f  Timer_IF_ReLoad                       
2000aa97  Timer_IF_GetCount                     
2000aab9  __aeabi_dsub                          
2000aac3  __aeabi_dadd                          
2000ac71  _SlDrvWaitForPoolObj                  
2000ae01  _SlDrvDriverCBInit                    
2000af75  _SlFindAndSetActiveObj                
2000b0e5  spi_Open                              
2000b235  __aeabi_ddiv                          
2000b36d  PRCMCC3200MCUInit                     
2000b4a1  vListInitialise                       
2000b4d1  vListInitialiseItem                   
2000b4e1  vListInsertEnd                        
2000b51d  vListInsert                           
2000b583  uxListRemove                          
2000b5cd  pxPortInitialiseStack                 
2000b61d  xPortStartScheduler                   
2000b649  vPortEndScheduler                     
2000b64b  vPortYield                            
2000b65d  vPortEnterCritical                    
2000b675  vPortExitCritical                     
2000b68d  xPortSysTickHandler                   
2000b6a9  vPortSetupTimerInterrupt              
2000b6dd  _Dscale                               
2000b7ed  _SlDrvNetAppEventHandler              
2000b8eb  __aeabi_dmul                          
2000b9e9  _SlDrvDriverCBDeinit                  
2000badd  PinMuxConfig                          
2000bbd1  sl_FsRead                             
2000bcc5  uDMAChannelTransferSet                
2000bdb5  sl_FsWrite                            
2000bea1  SmartConfigConnect                    
2000bf29  SmartConfigStop                       
2000bf89  spi_Read                              
2000c065  _SlDrvClassifyRxMsg                   
2000c13d  sl_Stop                               
2000c211  _sl_HandleAsync_DnsGetHostByService   
2000c2d9  _SlRemoveFromList                     
2000c39d  _Dnorm                                
2000c45d  _SlDrvMsgReadCmdCtx                   
2000c519  sl_Start                              
2000c5d9  ulPortSetInterruptMask                
2000c5ef  vPortClearInterruptMask               
2000c5fd  xPortPendSVHandler                    
2000c649  vPortSVCHandler                       
2000c671  prvPortStartFirstTask                 
2000c689  portCLZ                               
2000c691  _SlAsyncEventGenericHandler           
2000c749  sl_NetAppMDNSRegisterUnregisterService
2000c7fd  IntDisable                            
2000c8a5  IntEnable                             
2000c94d  SPIConfigSetExpClk                    
2000c9ed  _SlDrvMsgReadSpawnCtx                 
2000ca89  __aeabi_memcpy                        
2000ca89  __aeabi_memcpy4                       
2000ca89  __aeabi_memcpy8                       
2000ca89  memcpy                                
2000cb25  sl_DevGet                             
2000cbc1  _sl_GetCreateFsMode                   
2000cc59  PRCMPeripheralClockGet                
2000cced  sl_WlanGet                            
2000cd81  sl_WlanSmartConfigStart               
2000cf29  _sl_HandleAsync_DnsGetHostByName      
2000cfb5  _sl_HandleAsync_PingResponse          
2000d041  spi_Write                             
2000d0cd  PinConfigSet                          
2000d155  vsnprintf                             
2000d1dd  sl_FsClose                            
2000d265  __aeabi_cdcmpeq                       
2000d265  __aeabi_cdcmple                       
2000d2eb  __aeabi_cdrcmple                      
2000d371  NwpPowerOnPreamble                    
2000d3f5  GPIOIntTypeSet                        
2000d479  _SlDrvCmdOp                           
2000d5f9  _sl_HandleAsync_InitComplete          
2000d675  sl_FsGetInfo                          
2000d6f1  __aeabi_memclr                        
2000d6f1  __aeabi_memclr4                       
2000d6f1  __aeabi_memclr8                       
2000d6f3  __aeabi_memset                        
2000d6f3  __aeabi_memset4                       
2000d6f3  __aeabi_memset8                       
2000d6f9  memset                                
2000d76d  _sl_HandleAsync_Connect               
2000d7e5  sl_FsOpen                             
2000d85d  spi_Close                             
2000d8d5  UARTConfigSetExpClk                   
2000d94d  _SlDrvCmdSend                         
2000d9b9  __TI_auto_init                        
2000da91  TimerIntUnregister                    
2000daf9  _sl_NetAppSendTokenValue              
2000db61  sl_NetCfgSet                          
2000dbc9  sl_WlanSet                            
2000dc31  _Dunscale                             
2000dc99  uDMAChannelAttributeDisable           
2000dcfd  uDMAChannelAttributeEnable            
2000dd61  _sl_HandleAsync_Accept                
2000ddc1  sl_WlanPolicySet                      
2000de21  IntPendClear                          
2000de79  PRCMPeripheralReset                   
2000ded1  ltoa                                  
2000df29  IntPrioritySet                        
2000df7d  _sl_HandleAsync_Select                
2000dfd1  sl_WlanRxFilterSet                    
2000e025  _sl_HandleAsync_Stop                  
2000e075  ReadADC3                              
2000e0c1  SPIIntEnable                          
2000e10d  _SlDrvProtectAsyncRespSetting         
2000e159  _SlDrvRxIrqHandler                    
2000e1a5  atoi                                  
2000e1f1  copy_in                               
2000e23d  uDMAChannelAssign                     
2000e289  SPIIntClear                           
2000e2d1  _SlDrvBasicCmd                        
2000e319  __aeabi_d2iz                          
2000e361  ldexp                                 
2000e3ed  TimerConfigure                        
2000e475  C$$EXIT                               
2000e479  abort                                 
2000e481  exit                                  
2000e4b9  __aeabi_d2uiz                         
2000e4fd  PinModeSet                            
2000e53d  signal                                
2000e57d  CopyPingResultsToReport               
2000e5b9  PRCMPeripheralClkEnable               
2000e5f5  _c_int00                              
2000e631  uDMAChannelControlSet                 
2000e66d  ADCChannelEnable                      
2000e6a5  NwpPowerOff                           
2000e6dd  pvPortMalloc                          
2000e6fd  vPortFree                             
2000e715  GPIODirModeSet                        
2000e74b  TimerControlLevel                     
2000e781  sl_NetAppMDNSUnRegisterService        
2000e7b9  PRCMPeripheralStatusGet               
2000e7ed  SPIFIFOLevelSet                       
2000e821  feraiseexcept                         
2000e855  PinTypeGPIO                           
2000e885  UARTDisable                           
2000e8b5  _SlDrvDeviceEventHandler              
2000e8e5  _sl_Strlen                            
2000e915  _Feraise                              
2000e945  sl_WlanProfileDel                     
2000e975  sl_WlanSetMode                        
2000e9a5  __aeabi_i2d                           
2000e9d3  raise                                 
2000ea01  DmaSpiSwIntHandler                    
2000ea2d  NwpPowerOn                            
2000ea59  PRCMSysResetCauseGet                  
2000ea85  TimerLoadSet                          
2000eaaf  TimerMatchSet                         
2000ead9  TimerPrescaleSet                      
2000eb03  _Dclass                               
2000eb2d  PRCMPeripheralClkDisable              
2000eb55  sl_NetAppStart                        
2000eb7d  sl_NetAppStop                         
2000eba5  NwpRegisterInterruptHandler           
2000ebcd  IntUnregister                         
2000ebf1  UARTEnable                            
2000ec15  _SlDrvProtectionObjLockWaitForever    
2000ec39  memmove                               
2000ec5d  SPIReset                              
2000ec7f  SPIWordCountSet                       
2000eca1  frexp                                 
2000ecc3  memcmp                                
2000ece5  GPIOPinWrite                          
2000ed05  IntRegister                           
2000ed25  _SlDrvProtectionObjUnLock             
2000ed45  __aeabi_ui2d                          
2000ed65  TimerDisable                          
2000ed83  TimerEnable                           
2000eda1  TimerIntStatus                        
2000edbf  UARTCharPut                           
2000edfb  ADCFIFOLvlGet                         
2000ee17  TimerValueGet                         
2000ee33  UARTCharGetNonBlocking                
2000ee4f  _SlDrvObjLockWaitForever              
2000ee6b  _SlDrvSyncObjWaitForever              
2000ee87  memccpy                               
2000eea5  uDMAChannelEnable                     
2000eec1  GPIOIntEnable                         
2000eedb  PinTypeTimer                          
2000eef5  PinTypeUART                           
2000ef0f  SPIDmaDisable                         
2000ef29  SPIDmaEnable                          
2000ef43  SPIFIFODisable                        
2000ef5d  SPIFIFOEnable                         
2000ef77  ADCFIFORead                           
2000ef8f  GPIOPinRead                           
2000efa7  SPICSDisable                          
2000efbf  SPICSEnable                           
2000efd7  SPIDisable                            
2000efef  SPIEnable                             
2000f007  TimerIntDisable                       
2000f01f  TimerIntEnable                        
2000f037  UARTCharsAvail                        
2000f04f  _SlDrvObjUnLock                       
2000f067  _SlDrvSyncObjSignal                   
2000f081  _sl_GetStartResponseConvert           
2000f099  _args_main                            
2000f0b1  PRCMHIBRegRead                        
2000f0c7  PRCMHIBRegWrite                       
2000f0dd  _SlDrvMemZero                         
2000f0f3  strchr                                
2000f109  ADCEnable                             
2000f11d  CPUcpsie                              
2000f131  GPIOIntClear                          
2000f145  IntVTableBaseSet                      
2000f159  PinTypeADC                            
2000f16d  _register_unlock                      
2000f173  _register_lock                        
2000f17b  _nop                                  
2000f181  strlen                                
2000f195  TimerIntClear                         
2000f1a7  _SlDrvResetCmdExt                     
2000f1b5  __TI_decompress_none                  
2000f1c3  ResetISR                              
2000f1d1  NwpMaskInterrupt                      
2000f1dd  NwpUnMaskInterrupt                    
2000f1e9  __TI_zero_init                        
2000f1f5  sl_WlanDisconnect                     
2000f201  sl_WlanSmartConfigStop                
2000f20d  IntMasterEnable                       
2000f217  UtilsDelay                            
2000f21d  __TI_decompress_rle24                 
2000f223  _system_pre_init                      
2000f228  _ctypes_                              
2000f628  OpcodeTranslateTable                  
2000f664  _SlPolicySetCmdCtrl                   
2000f668  _SlPolicyGetCmdCtrl                   
2000f66c  _SlProfileGetCmdCtrl                  
2000f670  _SlProfileDelCmdCtrl                  
2000f674  _SlWlanGetNetworkListCtrl             
2000f678  _SlRxFilterAddtCmdCtrl                
2000f67c  _SlRxFilterSetCmdCtrl                 
2000f680  _SlRxFilterGetCmdCtrl                 
2000f684  _SlSmartConfigStartCmdCtrl            
2000f688  _SlWlanSetModeCmdCtrl                 
2000f68c  _SlWlanCfgSetCmdCtrl                  
2000f690  _SlWlanCfgGetCmdCtrl                  
2000f6d8  _SlActionLookupTable                  
2000f710  _SlFsOpenCmdCtrl                      
2000f714  _SlFsCloseCmdCtrl                     
2000f718  _SlFsReadCmdCtrl                      
2000f71c  _SlFsWriteCmdCtrl                     
2000f720  _SlFsGetInfoCmdCtrl                   
2000f724  _SlFsDeleteCmdCtrl                    
2000f748  g_H2NSyncPattern                      
2000f750  g_H2NCnysPattern                      
2000f758  RxMsgClassLUT                         
2000f7dc  _SlNetAppStartCtrl                    
2000f7e0  _SlNetAppStopCtrl                     
2000f7e4  _SlGetServiceListeCtrl                
2000f7e8  _SlRegisterServiceCtrl                
2000f7ec  _SlGetHostByServiceCtrl               
2000f7f0  _SlGetHostByNameCtrl                  
2000f7f4  _SlNetAppSetCmdCtrl                   
2000f7f8  _SlNetAppSendTokenValueCmdCtrl        
2000f7fc  _SlNetAppGetCmdCtrl                   
2000f878  _SlStopCmdCtrl                        
2000f87c  _SlEventMaskSetCmdCtrl                
2000f880  _SlEventMaskGetCmdCtrl                
2000f884  _SlDeviceGetCmdCtrl                   
2000f888  _SlDeviceSetCmdCtrl                   
2000f88c  StartResponseLUT                      
2000f894  _SlNetCfgSetCmdCtrl                   
2000f898  _SlNetCfgGetCmdCtrl                   
2000f8a0  __TI_static_base__                    
2000f93c  __TI_Handler_Table_Base               
2000f948  __TI_Handler_Table_Limit              
2000f950  __TI_CINIT_Base                       
2000f960  __TI_CINIT_Limit                      
20017000  _sys_memory                           
2001f000  g_StatMem                             
2001f240  g_ucDinDout                           
2001f290  xQueueRegistry                        
2001f2e0  g_ucConnectionSSID                    
2001f304  g_ucSSID                              
2001f328  g_Status                              
2001f348  g_StatusColor                         
2001f368  info                                  
2001f3e8  g_ucConnectionBSSID                   
2001f3f0  ConnectSync                           
2001f3f4  DMAMsgQ                               
2001f3f8  MsgQCommands                          
2001f3fc  MsgQConnection                        
2001f400  MsgQTaster                            
2001f404  Tast1                                 
2001f408  Tast2                                 
2001f410  g_BlueMove                            
2001f414  g_GreenMove                           
2001f418  g_IntTransient                        
2001f41c  g_RedMove                             
2001f420  g_cDummy                              
2001f434  RxIrqCnt                              
2001f435  g_ucLED1Pin                           
2001f436  g_ucLED2Pin                           
2001f437  g_ucLED3Pin                           
2001f4e8  _Denorm                               
2001f4f8  _Eps                                  
2001f508  _Hugeval                              
2001f518  _Inf                                  
2001f528  _Nan                                  
2001f538  _Snan                                 
2001f548  _Rteps                                
2001f558  _Xbig                                 
2001f560  _Zero                                 
2001f568  g_ulStatus                            
2001f56c  g_ulPingPacketsRecv                   
2001f570  g_ulGatewayIP                         
2001f574  POST_token                            
2001f57f  GET_token                             
2001f58c  g_iSimplelinkRole                     
2001f590  g_uiIpAddress                         
2001f594  g_mode                                
2001f595  g_Toggle                              
2001f596  g_RedOld                              
2001f597  g_GreenOld                            
2001f598  g_BlueOld                             
2001f59a  g_usMCNetworkUstate                   
2001f59c  g_uiSimplelinkRole                    
2001f5a0  g_uiDeviceModeConfig                  
2001f5a4  g_ucConnectTimeout                    
2001f5a8  pxCurrentTCB                          
2001f5f0  g_uiLED1Port                          
2001f5f4  g_uiLED2Port                          
2001f5f8  g_uiLED3Port                          
2001f5fc  xHigherPriorityTaskWoken              
2001f600  xSimpleLinkSpawnQueue                 
2001f604  xSimpleLinkSpawnTaskHndl              
2001f614  g_SpiFd                               
2001f618  g_pHostIntHdl                         
2001f61c  g_ucDMAEnabled                        
2001f620  g_pCB                                 
2001f624  pPingCallBackFunc                     
2001f628  gFirstCmdMode                         
2001f62c  _lock                                 
2001f630  _unlock                               
2001f634  __TI_cleanup_ptr                      
2001f638  __TI_dtors_ptr                        
2001f63c  _Fenv                                 
2001f640  _Tls_setup__Fenv                      
2001f648  _Errno                                
2001f64c  main_func_sp                          
2002f800  __stack                               
20030000  __STACK_END                           
ffffffff  __binit__                             
ffffffff  __c_args__                            
ffffffff  binit                                 
UNDEFED   SHT$$INIT_ARRAY$$Base                 
UNDEFED   SHT$$INIT_ARRAY$$Limit                

[509 symbols]
