<?xml version="1.0"?>
<link_info>
   <banner>TI ARM Linker PC v5.2.4</banner>
   <copyright>Copyright (c) 1996-2015 Texas Instruments Incorporated</copyright>
   <link_time>0x56026b2f</link_time>
   <link_errors>0x0</link_errors>
   <output_file>Dimmer.out</output_file>
   <entry_point>
      <name>_c_int00</name>
      <address>0x2000e5f5</address>
   </entry_point>
   <input_file_list>
      <input_file id="fl-2">
         <path>.\</path>
         <kind>object</kind>
         <file>ADC_my.obj</file>
         <name>ADC_my.obj</name>
      </input_file>
      <input_file id="fl-3">
         <path>.\</path>
         <kind>object</kind>
         <file>Flash.obj</file>
         <name>Flash.obj</name>
      </input_file>
      <input_file id="fl-4">
         <path>.\</path>
         <kind>object</kind>
         <file>gpio_if.obj</file>
         <name>gpio_if.obj</name>
      </input_file>
      <input_file id="fl-5">
         <path>.\</path>
         <kind>object</kind>
         <file>main.obj</file>
         <name>main.obj</name>
      </input_file>
      <input_file id="fl-6">
         <path>.\</path>
         <kind>object</kind>
         <file>pinmux.obj</file>
         <name>pinmux.obj</name>
      </input_file>
      <input_file id="fl-7">
         <path>.\</path>
         <kind>object</kind>
         <file>pwm.obj</file>
         <name>pwm.obj</name>
      </input_file>
      <input_file id="fl-8">
         <path>.\</path>
         <kind>object</kind>
         <file>smartconfig.obj</file>
         <name>smartconfig.obj</name>
      </input_file>
      <input_file id="fl-9">
         <path>.\</path>
         <kind>object</kind>
         <file>startup_ccs.obj</file>
         <name>startup_ccs.obj</name>
      </input_file>
      <input_file id="fl-a">
         <path>.\</path>
         <kind>object</kind>
         <file>timer_if.obj</file>
         <name>timer_if.obj</name>
      </input_file>
      <input_file id="fl-b">
         <path>.\</path>
         <kind>object</kind>
         <file>uart_if.obj</file>
         <name>uart_if.obj</name>
      </input_file>
      <input_file id="fl-134">
         <path>C:\TI\ccsv6\tools\compiler\ti-cgt-arm_5.2.4\lib\</path>
         <kind>archive</kind>
         <file>rtsv7M4_T_le_eabi.lib</file>
         <name>atoi.obj</name>
      </input_file>
      <input_file id="fl-135">
         <path>C:\TI\ccsv6\tools\compiler\ti-cgt-arm_5.2.4\lib\</path>
         <kind>archive</kind>
         <file>rtsv7M4_T_le_eabi.lib</file>
         <name>boot.obj</name>
      </input_file>
      <input_file id="fl-136">
         <path>C:\TI\ccsv6\tools\compiler\ti-cgt-arm_5.2.4\lib\</path>
         <kind>archive</kind>
         <file>rtsv7M4_T_le_eabi.lib</file>
         <name>copy_decompress_none.obj</name>
      </input_file>
      <input_file id="fl-137">
         <path>C:\TI\ccsv6\tools\compiler\ti-cgt-arm_5.2.4\lib\</path>
         <kind>archive</kind>
         <file>rtsv7M4_T_le_eabi.lib</file>
         <name>copy_decompress_rle.obj</name>
      </input_file>
      <input_file id="fl-138">
         <path>C:\TI\ccsv6\tools\compiler\ti-cgt-arm_5.2.4\lib\</path>
         <kind>archive</kind>
         <file>rtsv7M4_T_le_eabi.lib</file>
         <name>copy_zero_init.obj</name>
      </input_file>
      <input_file id="fl-139">
         <path>C:\TI\ccsv6\tools\compiler\ti-cgt-arm_5.2.4\lib\</path>
         <kind>archive</kind>
         <file>rtsv7M4_T_le_eabi.lib</file>
         <name>ctype.obj</name>
      </input_file>
      <input_file id="fl-13a">
         <path>C:\TI\ccsv6\tools\compiler\ti-cgt-arm_5.2.4\lib\</path>
         <kind>archive</kind>
         <file>rtsv7M4_T_le_eabi.lib</file>
         <name>exit.obj</name>
      </input_file>
      <input_file id="fl-13b">
         <path>C:\TI\ccsv6\tools\compiler\ti-cgt-arm_5.2.4\lib\</path>
         <kind>archive</kind>
         <file>rtsv7M4_T_le_eabi.lib</file>
         <name>fd_add_t2.obj</name>
      </input_file>
      <input_file id="fl-13c">
         <path>C:\TI\ccsv6\tools\compiler\ti-cgt-arm_5.2.4\lib\</path>
         <kind>archive</kind>
         <file>rtsv7M4_T_le_eabi.lib</file>
         <name>fd_tou_t2.obj</name>
      </input_file>
      <input_file id="fl-13d">
         <path>C:\TI\ccsv6\tools\compiler\ti-cgt-arm_5.2.4\lib\</path>
         <kind>archive</kind>
         <file>rtsv7M4_T_le_eabi.lib</file>
         <name>memcmp.obj</name>
      </input_file>
      <input_file id="fl-13e">
         <path>C:\TI\ccsv6\tools\compiler\ti-cgt-arm_5.2.4\lib\</path>
         <kind>archive</kind>
         <file>rtsv7M4_T_le_eabi.lib</file>
         <name>memcpy_t2.obj</name>
      </input_file>
      <input_file id="fl-13f">
         <path>C:\TI\ccsv6\tools\compiler\ti-cgt-arm_5.2.4\lib\</path>
         <kind>archive</kind>
         <file>rtsv7M4_T_le_eabi.lib</file>
         <name>memmov.obj</name>
      </input_file>
      <input_file id="fl-140">
         <path>C:\TI\ccsv6\tools\compiler\ti-cgt-arm_5.2.4\lib\</path>
         <kind>archive</kind>
         <file>rtsv7M4_T_le_eabi.lib</file>
         <name>memory.obj</name>
      </input_file>
      <input_file id="fl-141">
         <path>C:\TI\ccsv6\tools\compiler\ti-cgt-arm_5.2.4\lib\</path>
         <kind>archive</kind>
         <file>rtsv7M4_T_le_eabi.lib</file>
         <name>memset_t2.obj</name>
      </input_file>
      <input_file id="fl-142">
         <path>C:\TI\ccsv6\tools\compiler\ti-cgt-arm_5.2.4\lib\</path>
         <kind>archive</kind>
         <file>rtsv7M4_T_le_eabi.lib</file>
         <name>pre_init.obj</name>
      </input_file>
      <input_file id="fl-143">
         <path>C:\TI\ccsv6\tools\compiler\ti-cgt-arm_5.2.4\lib\</path>
         <kind>archive</kind>
         <file>rtsv7M4_T_le_eabi.lib</file>
         <name>stkdepth_vars.obj</name>
      </input_file>
      <input_file id="fl-144">
         <path>C:\TI\ccsv6\tools\compiler\ti-cgt-arm_5.2.4\lib\</path>
         <kind>archive</kind>
         <file>rtsv7M4_T_le_eabi.lib</file>
         <name>strlen.obj</name>
      </input_file>
      <input_file id="fl-145">
         <path>C:\TI\ccsv6\tools\compiler\ti-cgt-arm_5.2.4\lib\</path>
         <kind>archive</kind>
         <file>rtsv7M4_T_le_eabi.lib</file>
         <name>u_tofd_t2.obj</name>
      </input_file>
      <input_file id="fl-146">
         <path>C:\TI\ccsv6\tools\compiler\ti-cgt-arm_5.2.4\lib\</path>
         <kind>archive</kind>
         <file>rtsv7M4_T_le_eabi.lib</file>
         <name>vsnprintf.obj</name>
      </input_file>
      <input_file id="fl-147">
         <path>C:\TI\ccsv6\tools\compiler\ti-cgt-arm_5.2.4\lib\</path>
         <kind>archive</kind>
         <file>rtsv7M4_T_le_eabi.lib</file>
         <name>_lock.obj</name>
      </input_file>
      <input_file id="fl-148">
         <path>C:\TI\ccsv6\tools\compiler\ti-cgt-arm_5.2.4\lib\</path>
         <kind>archive</kind>
         <file>rtsv7M4_T_le_eabi.lib</file>
         <name>_printfi.obj</name>
      </input_file>
      <input_file id="fl-149">
         <path>C:\TI\ccsv6\tools\compiler\ti-cgt-arm_5.2.4\lib\</path>
         <kind>archive</kind>
         <file>rtsv7M4_T_le_eabi.lib</file>
         <name>args_main.obj</name>
      </input_file>
      <input_file id="fl-14a">
         <path>C:\TI\ccsv6\tools\compiler\ti-cgt-arm_5.2.4\lib\</path>
         <kind>archive</kind>
         <file>rtsv7M4_T_le_eabi.lib</file>
         <name>autoinit.obj</name>
      </input_file>
      <input_file id="fl-14b">
         <path>C:\TI\ccsv6\tools\compiler\ti-cgt-arm_5.2.4\lib\</path>
         <kind>archive</kind>
         <file>rtsv7M4_T_le_eabi.lib</file>
         <name>cpy_tbl.obj</name>
      </input_file>
      <input_file id="fl-14c">
         <path>C:\TI\ccsv6\tools\compiler\ti-cgt-arm_5.2.4\lib\</path>
         <kind>archive</kind>
         <file>rtsv7M4_T_le_eabi.lib</file>
         <name>fd_cmp_t2.obj</name>
      </input_file>
      <input_file id="fl-14d">
         <path>C:\TI\ccsv6\tools\compiler\ti-cgt-arm_5.2.4\lib\</path>
         <kind>archive</kind>
         <file>rtsv7M4_T_le_eabi.lib</file>
         <name>fd_div_t2.obj</name>
      </input_file>
      <input_file id="fl-14e">
         <path>C:\TI\ccsv6\tools\compiler\ti-cgt-arm_5.2.4\lib\</path>
         <kind>archive</kind>
         <file>rtsv7M4_T_le_eabi.lib</file>
         <name>fd_mul_t2.obj</name>
      </input_file>
      <input_file id="fl-14f">
         <path>C:\TI\ccsv6\tools\compiler\ti-cgt-arm_5.2.4\lib\</path>
         <kind>archive</kind>
         <file>rtsv7M4_T_le_eabi.lib</file>
         <name>fd_toi_t2.obj</name>
      </input_file>
      <input_file id="fl-150">
         <path>C:\TI\ccsv6\tools\compiler\ti-cgt-arm_5.2.4\lib\</path>
         <kind>archive</kind>
         <file>rtsv7M4_T_le_eabi.lib</file>
         <name>frexp.obj</name>
      </input_file>
      <input_file id="fl-151">
         <path>C:\TI\ccsv6\tools\compiler\ti-cgt-arm_5.2.4\lib\</path>
         <kind>archive</kind>
         <file>rtsv7M4_T_le_eabi.lib</file>
         <name>i_tofd_t2.obj</name>
      </input_file>
      <input_file id="fl-152">
         <path>C:\TI\ccsv6\tools\compiler\ti-cgt-arm_5.2.4\lib\</path>
         <kind>archive</kind>
         <file>rtsv7M4_T_le_eabi.lib</file>
         <name>ldexp.obj</name>
      </input_file>
      <input_file id="fl-153">
         <path>C:\TI\ccsv6\tools\compiler\ti-cgt-arm_5.2.4\lib\</path>
         <kind>archive</kind>
         <file>rtsv7M4_T_le_eabi.lib</file>
         <name>ltoa.obj</name>
      </input_file>
      <input_file id="fl-154">
         <path>C:\TI\ccsv6\tools\compiler\ti-cgt-arm_5.2.4\lib\</path>
         <kind>archive</kind>
         <file>rtsv7M4_T_le_eabi.lib</file>
         <name>memccpy.obj</name>
      </input_file>
      <input_file id="fl-155">
         <path>C:\TI\ccsv6\tools\compiler\ti-cgt-arm_5.2.4\lib\</path>
         <kind>archive</kind>
         <file>rtsv7M4_T_le_eabi.lib</file>
         <name>strchr.obj</name>
      </input_file>
      <input_file id="fl-156">
         <path>C:\TI\ccsv6\tools\compiler\ti-cgt-arm_5.2.4\lib\</path>
         <kind>archive</kind>
         <file>rtsv7M4_T_le_eabi.lib</file>
         <name>ull_div_t2.obj</name>
      </input_file>
      <input_file id="fl-157">
         <path>C:\TI\ccsv6\tools\compiler\ti-cgt-arm_5.2.4\lib\</path>
         <kind>archive</kind>
         <file>rtsv7M4_T_le_eabi.lib</file>
         <name>xdclass.obj</name>
      </input_file>
      <input_file id="fl-158">
         <path>C:\TI\ccsv6\tools\compiler\ti-cgt-arm_5.2.4\lib\</path>
         <kind>archive</kind>
         <file>rtsv7M4_T_le_eabi.lib</file>
         <name>xdscale.obj</name>
      </input_file>
      <input_file id="fl-159">
         <path>C:\TI\ccsv6\tools\compiler\ti-cgt-arm_5.2.4\lib\</path>
         <kind>archive</kind>
         <file>rtsv7M4_T_le_eabi.lib</file>
         <name>xdunscal.obj</name>
      </input_file>
      <input_file id="fl-15a">
         <path>C:\TI\ccsv6\tools\compiler\ti-cgt-arm_5.2.4\lib\</path>
         <kind>archive</kind>
         <file>rtsv7M4_T_le_eabi.lib</file>
         <name>xferaise.obj</name>
      </input_file>
      <input_file id="fl-15b">
         <path>C:\TI\ccsv6\tools\compiler\ti-cgt-arm_5.2.4\lib\</path>
         <kind>archive</kind>
         <file>rtsv7M4_T_le_eabi.lib</file>
         <name>xvalues.obj</name>
      </input_file>
      <input_file id="fl-15c">
         <path>C:\TI\ccsv6\tools\compiler\ti-cgt-arm_5.2.4\lib\</path>
         <kind>archive</kind>
         <file>rtsv7M4_T_le_eabi.lib</file>
         <name>errno.obj</name>
      </input_file>
      <input_file id="fl-15d">
         <path>C:\TI\ccsv6\tools\compiler\ti-cgt-arm_5.2.4\lib\</path>
         <kind>archive</kind>
         <file>rtsv7M4_T_le_eabi.lib</file>
         <name>feraiseexcept.obj</name>
      </input_file>
      <input_file id="fl-15e">
         <path>C:\TI\ccsv6\tools\compiler\ti-cgt-arm_5.2.4\lib\</path>
         <kind>archive</kind>
         <file>rtsv7M4_T_le_eabi.lib</file>
         <name>raise.obj</name>
      </input_file>
      <input_file id="fl-15f">
         <path>C:\TI\ccsv6\tools\compiler\ti-cgt-arm_5.2.4\lib\</path>
         <kind>archive</kind>
         <file>rtsv7M4_T_le_eabi.lib</file>
         <name>signal.obj</name>
      </input_file>
      <input_file id="fl-160">
         <path>C:\TI\ccsv6\tools\compiler\ti-cgt-arm_5.2.4\lib\</path>
         <kind>archive</kind>
         <file>rtsv7M4_T_le_eabi.lib</file>
         <name>xdnorm.obj</name>
      </input_file>
      <input_file id="fl-161">
         <path>C:\TI\CC3200SDK_1.1.0\cc3200-sdk\simplelink\ccs\OS\</path>
         <kind>archive</kind>
         <file>simplelink.a</file>
         <name>device.obj</name>
      </input_file>
      <input_file id="fl-162">
         <path>C:\TI\CC3200SDK_1.1.0\cc3200-sdk\simplelink\ccs\OS\</path>
         <kind>archive</kind>
         <file>simplelink.a</file>
         <name>driver.obj</name>
      </input_file>
      <input_file id="fl-163">
         <path>C:\TI\CC3200SDK_1.1.0\cc3200-sdk\simplelink\ccs\OS\</path>
         <kind>archive</kind>
         <file>simplelink.a</file>
         <name>fs.obj</name>
      </input_file>
      <input_file id="fl-164">
         <path>C:\TI\CC3200SDK_1.1.0\cc3200-sdk\simplelink\ccs\OS\</path>
         <kind>archive</kind>
         <file>simplelink.a</file>
         <name>netapp.obj</name>
      </input_file>
      <input_file id="fl-165">
         <path>C:\TI\CC3200SDK_1.1.0\cc3200-sdk\simplelink\ccs\OS\</path>
         <kind>archive</kind>
         <file>simplelink.a</file>
         <name>netcfg.obj</name>
      </input_file>
      <input_file id="fl-166">
         <path>C:\TI\CC3200SDK_1.1.0\cc3200-sdk\simplelink\ccs\OS\</path>
         <kind>archive</kind>
         <file>simplelink.a</file>
         <name>socket.obj</name>
      </input_file>
      <input_file id="fl-167">
         <path>C:\TI\CC3200SDK_1.1.0\cc3200-sdk\simplelink\ccs\OS\</path>
         <kind>archive</kind>
         <file>simplelink.a</file>
         <name>wlan.obj</name>
      </input_file>
      <input_file id="fl-168">
         <path>C:\TI\CC3200SDK_1.1.0\cc3200-sdk\simplelink\ccs\OS\</path>
         <kind>archive</kind>
         <file>simplelink.a</file>
         <name>cc_pal.obj</name>
      </input_file>
      <input_file id="fl-169">
         <path>C:\TI\CC3200SDK_1.1.0\cc3200-sdk\driverlib\ccs\Release\</path>
         <kind>archive</kind>
         <file>driverlib.a</file>
         <name>adc.obj</name>
      </input_file>
      <input_file id="fl-16a">
         <path>C:\TI\CC3200SDK_1.1.0\cc3200-sdk\driverlib\ccs\Release\</path>
         <kind>archive</kind>
         <file>driverlib.a</file>
         <name>gpio.obj</name>
      </input_file>
      <input_file id="fl-16b">
         <path>C:\TI\CC3200SDK_1.1.0\cc3200-sdk\driverlib\ccs\Release\</path>
         <kind>archive</kind>
         <file>driverlib.a</file>
         <name>interrupt.obj</name>
      </input_file>
      <input_file id="fl-16c">
         <path>C:\TI\CC3200SDK_1.1.0\cc3200-sdk\driverlib\ccs\Release\</path>
         <kind>archive</kind>
         <file>driverlib.a</file>
         <name>pin.obj</name>
      </input_file>
      <input_file id="fl-16d">
         <path>C:\TI\CC3200SDK_1.1.0\cc3200-sdk\driverlib\ccs\Release\</path>
         <kind>archive</kind>
         <file>driverlib.a</file>
         <name>prcm.obj</name>
      </input_file>
      <input_file id="fl-16e">
         <path>C:\TI\CC3200SDK_1.1.0\cc3200-sdk\driverlib\ccs\Release\</path>
         <kind>archive</kind>
         <file>driverlib.a</file>
         <name>spi.obj</name>
      </input_file>
      <input_file id="fl-16f">
         <path>C:\TI\CC3200SDK_1.1.0\cc3200-sdk\driverlib\ccs\Release\</path>
         <kind>archive</kind>
         <file>driverlib.a</file>
         <name>timer.obj</name>
      </input_file>
      <input_file id="fl-170">
         <path>C:\TI\CC3200SDK_1.1.0\cc3200-sdk\driverlib\ccs\Release\</path>
         <kind>archive</kind>
         <file>driverlib.a</file>
         <name>uart.obj</name>
      </input_file>
      <input_file id="fl-171">
         <path>C:\TI\CC3200SDK_1.1.0\cc3200-sdk\driverlib\ccs\Release\</path>
         <kind>archive</kind>
         <file>driverlib.a</file>
         <name>udma.obj</name>
      </input_file>
      <input_file id="fl-172">
         <path>C:\TI\CC3200SDK_1.1.0\cc3200-sdk\driverlib\ccs\Release\</path>
         <kind>archive</kind>
         <file>driverlib.a</file>
         <name>utils.obj</name>
      </input_file>
      <input_file id="fl-173">
         <path>C:\TI\CC3200SDK_1.1.0\cc3200-sdk\driverlib\ccs\Release\</path>
         <kind>archive</kind>
         <file>driverlib.a</file>
         <name>cpu.obj</name>
      </input_file>
      <input_file id="fl-174">
         <path>C:\TI\CC3200SDK_1.1.0\cc3200-sdk\driverlib\ccs\Release\</path>
         <kind>archive</kind>
         <file>driverlib.a</file>
         <name>flash.obj</name>
      </input_file>
      <input_file id="fl-175">
         <path>C:\TI\CC3200SDK_1.1.0\cc3200-sdk\oslib\ccs\free_rtos\</path>
         <kind>archive</kind>
         <file>free_rtos.a</file>
         <name>osi_freertos.obj</name>
      </input_file>
      <input_file id="fl-176">
         <path>C:\TI\CC3200SDK_1.1.0\cc3200-sdk\oslib\ccs\free_rtos\</path>
         <kind>archive</kind>
         <file>free_rtos.a</file>
         <name>port.obj</name>
      </input_file>
      <input_file id="fl-177">
         <path>C:\TI\CC3200SDK_1.1.0\cc3200-sdk\oslib\ccs\free_rtos\</path>
         <kind>archive</kind>
         <file>free_rtos.a</file>
         <name>portasm.obj</name>
      </input_file>
      <input_file id="fl-178">
         <path>C:\TI\CC3200SDK_1.1.0\cc3200-sdk\oslib\ccs\free_rtos\</path>
         <kind>archive</kind>
         <file>free_rtos.a</file>
         <name>queue.obj</name>
      </input_file>
      <input_file id="fl-179">
         <path>C:\TI\CC3200SDK_1.1.0\cc3200-sdk\oslib\ccs\free_rtos\</path>
         <kind>archive</kind>
         <file>free_rtos.a</file>
         <name>tasks.obj</name>
      </input_file>
      <input_file id="fl-17a">
         <path>C:\TI\CC3200SDK_1.1.0\cc3200-sdk\oslib\ccs\free_rtos\</path>
         <kind>archive</kind>
         <file>free_rtos.a</file>
         <name>heap_3.obj</name>
      </input_file>
      <input_file id="fl-17b">
         <path>C:\TI\CC3200SDK_1.1.0\cc3200-sdk\oslib\ccs\free_rtos\</path>
         <kind>archive</kind>
         <file>free_rtos.a</file>
         <name>list.obj</name>
      </input_file>
   </input_file_list>
   <object_component_list>
      <object_component id="oc-f">
         <name>.intvecs</name>
         <load_address>0x20004000</load_address>
         <run_address>0x20004000</run_address>
         <size>0x400</size>
         <input_file_ref idref="fl-9"/>
      </object_component>
      <object_component id="oc-c3">
         <name>.text</name>
         <load_address>0x20004400</load_address>
         <run_address>0x20004400</run_address>
         <size>0x1624</size>
         <input_file_ref idref="fl-5"/>
      </object_component>
      <object_component id="oc-87">
         <name>.text</name>
         <load_address>0x20005a24</load_address>
         <run_address>0x20005a24</run_address>
         <size>0x125c</size>
         <input_file_ref idref="fl-179"/>
      </object_component>
      <object_component id="oc-4cd">
         <name>.text</name>
         <load_address>0x20006c80</load_address>
         <run_address>0x20006c80</run_address>
         <size>0x10a6</size>
         <input_file_ref idref="fl-148"/>
      </object_component>
      <object_component id="oc-4f0">
         <name>.text:IntDefaultHandler</name>
         <load_address>0x20007d26</load_address>
         <run_address>0x20007d26</run_address>
         <size>0x2</size>
         <input_file_ref idref="fl-16b"/>
      </object_component>
      <object_component id="oc-2dc">
         <name>.text</name>
         <load_address>0x20007d28</load_address>
         <run_address>0x20007d28</run_address>
         <size>0xb24</size>
         <input_file_ref idref="fl-178"/>
      </object_component>
      <object_component id="oc-6f7">
         <name>.text:_SlDrvMsgRead</name>
         <load_address>0x2000884c</load_address>
         <run_address>0x2000884c</run_address>
         <size>0x5ec</size>
         <input_file_ref idref="fl-162"/>
      </object_component>
      <object_component id="oc-13a">
         <name>.text</name>
         <load_address>0x20008e38</load_address>
         <run_address>0x20008e38</run_address>
         <size>0x45c</size>
         <input_file_ref idref="fl-175"/>
      </object_component>
      <object_component id="oc-255">
         <name>.text</name>
         <load_address>0x20009294</load_address>
         <run_address>0x20009294</run_address>
         <size>0x3dc</size>
         <input_file_ref idref="fl-140"/>
      </object_component>
      <object_component id="oc-197">
         <name>.text</name>
         <load_address>0x20009670</load_address>
         <run_address>0x20009670</run_address>
         <size>0x394</size>
         <input_file_ref idref="fl-4"/>
      </object_component>
      <object_component id="oc-11f">
         <name>.text</name>
         <load_address>0x20009a04</load_address>
         <run_address>0x20009a04</run_address>
         <size>0x290</size>
         <input_file_ref idref="fl-b"/>
      </object_component>
      <object_component id="oc-1ab">
         <name>.text</name>
         <load_address>0x20009c94</load_address>
         <run_address>0x20009c94</run_address>
         <size>0x25c</size>
         <input_file_ref idref="fl-3"/>
      </object_component>
      <object_component id="oc-755">
         <name>.text:_SlDrvRxHdrRead</name>
         <load_address>0x20009ef0</load_address>
         <run_address>0x20009ef0</run_address>
         <size>0x248</size>
         <input_file_ref idref="fl-162"/>
      </object_component>
      <object_component id="oc-1ce">
         <name>.text</name>
         <load_address>0x2000a138</load_address>
         <run_address>0x2000a138</run_address>
         <size>0x230</size>
         <input_file_ref idref="fl-7"/>
      </object_component>
      <object_component id="oc-653">
         <name>.text</name>
         <load_address>0x2000a368</load_address>
         <run_address>0x2000a368</run_address>
         <size>0x1f4</size>
         <input_file_ref idref="fl-156"/>
      </object_component>
      <object_component id="oc-316">
         <name>.text:_SlDrvReleasePoolObj</name>
         <load_address>0x2000a55c</load_address>
         <run_address>0x2000a55c</run_address>
         <size>0x1d0</size>
         <input_file_ref idref="fl-162"/>
      </object_component>
      <object_component id="oc-5b3">
         <name>.text:_SlDrvMsgWrite</name>
         <load_address>0x2000a72c</load_address>
         <run_address>0x2000a72c</run_address>
         <size>0x1cc</size>
         <input_file_ref idref="fl-162"/>
      </object_component>
      <object_component id="oc-1bb">
         <name>.text</name>
         <load_address>0x2000a8f8</load_address>
         <run_address>0x2000a8f8</run_address>
         <size>0x1c0</size>
         <input_file_ref idref="fl-a"/>
      </object_component>
      <object_component id="oc-44d">
         <name>.text</name>
         <load_address>0x2000aab8</load_address>
         <run_address>0x2000aab8</run_address>
         <size>0x1b6</size>
         <input_file_ref idref="fl-13b"/>
      </object_component>
      <object_component id="oc-563">
         <name>.text:_SlDrvWaitForPoolObj</name>
         <load_address>0x2000ac70</load_address>
         <run_address>0x2000ac70</run_address>
         <size>0x190</size>
         <input_file_ref idref="fl-162"/>
      </object_component>
      <object_component id="oc-2ec">
         <name>.text:_SlDrvDriverCBInit</name>
         <load_address>0x2000ae00</load_address>
         <run_address>0x2000ae00</run_address>
         <size>0x174</size>
         <input_file_ref idref="fl-162"/>
      </object_component>
      <object_component id="oc-767">
         <name>.text:_SlFindAndSetActiveObj</name>
         <load_address>0x2000af74</load_address>
         <run_address>0x2000af74</run_address>
         <size>0x170</size>
         <input_file_ref idref="fl-162"/>
      </object_component>
      <object_component id="oc-2f2">
         <name>.text:spi_Open</name>
         <load_address>0x2000b0e4</load_address>
         <run_address>0x2000b0e4</run_address>
         <size>0x150</size>
         <input_file_ref idref="fl-168"/>
      </object_component>
      <object_component id="oc-662">
         <name>.text</name>
         <load_address>0x2000b234</load_address>
         <run_address>0x2000b234</run_address>
         <size>0x136</size>
         <input_file_ref idref="fl-14d"/>
      </object_component>
      <object_component id="oc-1f8">
         <name>.text:PRCMCC3200MCUInit</name>
         <load_address>0x2000b36c</load_address>
         <run_address>0x2000b36c</run_address>
         <size>0x134</size>
         <input_file_ref idref="fl-16d"/>
      </object_component>
      <object_component id="oc-e2">
         <name>.text</name>
         <load_address>0x2000b4a0</load_address>
         <run_address>0x2000b4a0</run_address>
         <size>0x12a</size>
         <input_file_ref idref="fl-17b"/>
      </object_component>
      <object_component id="oc-38">
         <name>.text</name>
         <load_address>0x2000b5cc</load_address>
         <run_address>0x2000b5cc</run_address>
         <size>0x110</size>
         <input_file_ref idref="fl-176"/>
      </object_component>
      <object_component id="oc-733">
         <name>.text</name>
         <load_address>0x2000b6dc</load_address>
         <run_address>0x2000b6dc</run_address>
         <size>0x110</size>
         <input_file_ref idref="fl-158"/>
      </object_component>
      <object_component id="oc-7bf">
         <name>.text:_SlDrvNetAppEventHandler</name>
         <load_address>0x2000b7ec</load_address>
         <run_address>0x2000b7ec</run_address>
         <size>0xfe</size>
         <input_file_ref idref="fl-164"/>
      </object_component>
      <object_component id="oc-65d">
         <name>.text</name>
         <load_address>0x2000b8ea</load_address>
         <run_address>0x2000b8ea</run_address>
         <size>0xfc</size>
         <input_file_ref idref="fl-14e"/>
      </object_component>
      <object_component id="oc-348">
         <name>.text:_SlDrvDriverCBDeinit</name>
         <load_address>0x2000b9e8</load_address>
         <run_address>0x2000b9e8</run_address>
         <size>0xf4</size>
         <input_file_ref idref="fl-162"/>
      </object_component>
      <object_component id="oc-1fe">
         <name>.text</name>
         <load_address>0x2000badc</load_address>
         <run_address>0x2000badc</run_address>
         <size>0xf4</size>
         <input_file_ref idref="fl-6"/>
      </object_component>
      <object_component id="oc-3dd">
         <name>.text:sl_FsRead</name>
         <load_address>0x2000bbd0</load_address>
         <run_address>0x2000bbd0</run_address>
         <size>0xf4</size>
         <input_file_ref idref="fl-163"/>
      </object_component>
      <object_component id="oc-842">
         <name>.text:uDMAChannelTransferSet</name>
         <load_address>0x2000bcc4</load_address>
         <run_address>0x2000bcc4</run_address>
         <size>0xf0</size>
         <input_file_ref idref="fl-171"/>
      </object_component>
      <object_component id="oc-3d1">
         <name>.text:sl_FsWrite</name>
         <load_address>0x2000bdb4</load_address>
         <run_address>0x2000bdb4</run_address>
         <size>0xec</size>
         <input_file_ref idref="fl-163"/>
      </object_component>
      <object_component id="oc-1a3">
         <name>.text</name>
         <load_address>0x2000bea0</load_address>
         <run_address>0x2000bea0</run_address>
         <size>0xe8</size>
         <input_file_ref idref="fl-8"/>
      </object_component>
      <object_component id="oc-761">
         <name>.text:spi_Read</name>
         <load_address>0x2000bf88</load_address>
         <run_address>0x2000bf88</run_address>
         <size>0xdc</size>
         <input_file_ref idref="fl-168"/>
      </object_component>
      <object_component id="oc-75b">
         <name>.text:_SlDrvClassifyRxMsg</name>
         <load_address>0x2000c064</load_address>
         <run_address>0x2000c064</run_address>
         <size>0xd8</size>
         <input_file_ref idref="fl-162"/>
      </object_component>
      <object_component id="oc-14e">
         <name>.text:sl_Stop</name>
         <load_address>0x2000c13c</load_address>
         <run_address>0x2000c13c</run_address>
         <size>0xd4</size>
         <input_file_ref idref="fl-161"/>
      </object_component>
      <object_component id="oc-80c">
         <name>.text:_sl_HandleAsync_DnsGetHostByService</name>
         <load_address>0x2000c210</load_address>
         <run_address>0x2000c210</run_address>
         <size>0xc8</size>
         <input_file_ref idref="fl-164"/>
      </object_component>
      <object_component id="oc-58c">
         <name>.text:_SlRemoveFromList</name>
         <load_address>0x2000c2d8</load_address>
         <run_address>0x2000c2d8</run_address>
         <size>0xc4</size>
         <input_file_ref idref="fl-162"/>
      </object_component>
      <object_component id="oc-79a">
         <name>.text</name>
         <load_address>0x2000c39c</load_address>
         <run_address>0x2000c39c</run_address>
         <size>0xbe</size>
         <input_file_ref idref="fl-160"/>
      </object_component>
      <object_component id="oc-5b9">
         <name>.text:_SlDrvMsgReadCmdCtx</name>
         <load_address>0x2000c45c</load_address>
         <run_address>0x2000c45c</run_address>
         <size>0xbc</size>
         <input_file_ref idref="fl-162"/>
      </object_component>
      <object_component id="oc-142">
         <name>.text:sl_Start</name>
         <load_address>0x2000c518</load_address>
         <run_address>0x2000c518</run_address>
         <size>0xbc</size>
         <input_file_ref idref="fl-161"/>
      </object_component>
      <object_component id="oc-33">
         <name>.text</name>
         <load_address>0x2000c5d4</load_address>
         <run_address>0x2000c5d4</run_address>
         <size>0xba</size>
         <input_file_ref idref="fl-177"/>
      </object_component>
      <object_component id="oc-6fd">
         <name>.text:_SlAsyncEventGenericHandler</name>
         <load_address>0x2000c690</load_address>
         <run_address>0x2000c690</run_address>
         <size>0xb8</size>
         <input_file_ref idref="fl-162"/>
      </object_component>
      <object_component id="oc-376">
         <name>.text:sl_NetAppMDNSRegisterUnregisterService</name>
         <load_address>0x2000c748</load_address>
         <run_address>0x2000c748</run_address>
         <size>0xb4</size>
         <input_file_ref idref="fl-164"/>
      </object_component>
      <object_component id="oc-2d0">
         <name>.text:IntDisable</name>
         <load_address>0x2000c7fc</load_address>
         <run_address>0x2000c7fc</run_address>
         <size>0xa8</size>
         <input_file_ref idref="fl-16b"/>
      </object_component>
      <object_component id="oc-1f2">
         <name>.text:IntEnable</name>
         <load_address>0x2000c8a4</load_address>
         <run_address>0x2000c8a4</run_address>
         <size>0xa8</size>
         <input_file_ref idref="fl-16b"/>
      </object_component>
      <object_component id="oc-51e">
         <name>.text:SPIConfigSetExpClk</name>
         <load_address>0x2000c94c</load_address>
         <run_address>0x2000c94c</run_address>
         <size>0xa0</size>
         <input_file_ref idref="fl-16e"/>
      </object_component>
      <object_component id="oc-59f">
         <name>.text:_SlDrvMsgReadSpawnCtx</name>
         <load_address>0x2000c9ec</load_address>
         <run_address>0x2000c9ec</run_address>
         <size>0x9c</size>
         <input_file_ref idref="fl-162"/>
      </object_component>
      <object_component id="oc-41">
         <name>.text</name>
         <load_address>0x2000ca88</load_address>
         <run_address>0x2000ca88</run_address>
         <size>0x9c</size>
         <input_file_ref idref="fl-13e"/>
      </object_component>
      <object_component id="oc-154">
         <name>.text:sl_DevGet</name>
         <load_address>0x2000cb24</load_address>
         <run_address>0x2000cb24</run_address>
         <size>0x9c</size>
         <input_file_ref idref="fl-161"/>
      </object_component>
      <object_component id="oc-3bf">
         <name>.text:_sl_GetCreateFsMode</name>
         <load_address>0x2000cbc0</load_address>
         <run_address>0x2000cbc0</run_address>
         <size>0x98</size>
         <input_file_ref idref="fl-163"/>
      </object_component>
      <object_component id="oc-210">
         <name>.text:PRCMPeripheralClockGet</name>
         <load_address>0x2000cc58</load_address>
         <run_address>0x2000cc58</run_address>
         <size>0x94</size>
         <input_file_ref idref="fl-16d"/>
      </object_component>
      <object_component id="oc-191">
         <name>.text:sl_WlanGet</name>
         <load_address>0x2000ccec</load_address>
         <run_address>0x2000ccec</run_address>
         <size>0x94</size>
         <input_file_ref idref="fl-167"/>
      </object_component>
      <object_component id="oc-3b0">
         <name>.text:sl_WlanSmartConfigStart</name>
         <load_address>0x2000cd80</load_address>
         <run_address>0x2000cd80</run_address>
         <size>0x90</size>
         <input_file_ref idref="fl-167"/>
      </object_component>
      <object_component id="oc-7cc">
         <name>.text:SetupDMAReceive</name>
         <load_address>0x2000ce10</load_address>
         <run_address>0x2000ce10</run_address>
         <size>0x8c</size>
         <input_file_ref idref="fl-168"/>
      </object_component>
      <object_component id="oc-772">
         <name>.text:SetupDMASend</name>
         <load_address>0x2000ce9c</load_address>
         <run_address>0x2000ce9c</run_address>
         <size>0x8c</size>
         <input_file_ref idref="fl-168"/>
      </object_component>
      <object_component id="oc-806">
         <name>.text:_sl_HandleAsync_DnsGetHostByName</name>
         <load_address>0x2000cf28</load_address>
         <run_address>0x2000cf28</run_address>
         <size>0x8c</size>
         <input_file_ref idref="fl-164"/>
      </object_component>
      <object_component id="oc-7c5">
         <name>.text:_sl_HandleAsync_PingResponse</name>
         <load_address>0x2000cfb4</load_address>
         <run_address>0x2000cfb4</run_address>
         <size>0x8c</size>
         <input_file_ref idref="fl-164"/>
      </object_component>
      <object_component id="oc-705">
         <name>.text:spi_Write</name>
         <load_address>0x2000d040</load_address>
         <run_address>0x2000d040</run_address>
         <size>0x8c</size>
         <input_file_ref idref="fl-168"/>
      </object_component>
      <object_component id="oc-204">
         <name>.text:PinConfigSet</name>
         <load_address>0x2000d0cc</load_address>
         <run_address>0x2000d0cc</run_address>
         <size>0x88</size>
         <input_file_ref idref="fl-16c"/>
      </object_component>
      <object_component id="oc-280">
         <name>.text</name>
         <load_address>0x2000d154</load_address>
         <run_address>0x2000d154</run_address>
         <size>0x88</size>
         <input_file_ref idref="fl-146"/>
      </object_component>
      <object_component id="oc-3cb">
         <name>.text:sl_FsClose</name>
         <load_address>0x2000d1dc</load_address>
         <run_address>0x2000d1dc</run_address>
         <size>0x88</size>
         <input_file_ref idref="fl-163"/>
      </object_component>
      <object_component id="oc-658">
         <name>.text:__aeabi_cdcmple</name>
         <load_address>0x2000d264</load_address>
         <run_address>0x2000d264</run_address>
         <size>0x86</size>
         <input_file_ref idref="fl-14c"/>
      </object_component>
      <object_component id="oc-667">
         <name>.text:__aeabi_cdrcmple</name>
         <load_address>0x2000d2ea</load_address>
         <run_address>0x2000d2ea</run_address>
         <size>0x86</size>
         <input_file_ref idref="fl-14c"/>
      </object_component>
      <object_component id="oc-2e6">
         <name>.text:NwpPowerOnPreamble</name>
         <load_address>0x2000d370</load_address>
         <run_address>0x2000d370</run_address>
         <size>0x84</size>
         <input_file_ref idref="fl-168"/>
      </object_component>
      <object_component id="oc-38e">
         <name>.text:GPIOIntTypeSet</name>
         <load_address>0x2000d3f4</load_address>
         <run_address>0x2000d3f4</run_address>
         <size>0x82</size>
         <input_file_ref idref="fl-16a"/>
      </object_component>
      <object_component id="oc-332">
         <name>.text:_SlDrvCmdOp</name>
         <load_address>0x2000d478</load_address>
         <run_address>0x2000d478</run_address>
         <size>0x80</size>
         <input_file_ref idref="fl-162"/>
      </object_component>
      <object_component id="oc-7d2">
         <name>.text:spi_Read_CPU</name>
         <load_address>0x2000d4f8</load_address>
         <run_address>0x2000d4f8</run_address>
         <size>0x80</size>
         <input_file_ref idref="fl-168"/>
      </object_component>
      <object_component id="oc-784">
         <name>.text:spi_Write_CPU</name>
         <load_address>0x2000d578</load_address>
         <run_address>0x2000d578</run_address>
         <size>0x80</size>
         <input_file_ref idref="fl-168"/>
      </object_component>
      <object_component id="oc-78b">
         <name>.text:_sl_HandleAsync_InitComplete</name>
         <load_address>0x2000d5f8</load_address>
         <run_address>0x2000d5f8</run_address>
         <size>0x7c</size>
         <input_file_ref idref="fl-161"/>
      </object_component>
      <object_component id="oc-3d7">
         <name>.text:sl_FsGetInfo</name>
         <load_address>0x2000d674</load_address>
         <run_address>0x2000d674</run_address>
         <size>0x7c</size>
         <input_file_ref idref="fl-163"/>
      </object_component>
      <object_component id="oc-5a">
         <name>.text</name>
         <load_address>0x2000d6f0</load_address>
         <run_address>0x2000d6f0</run_address>
         <size>0x7a</size>
         <input_file_ref idref="fl-141"/>
      </object_component>
      <object_component id="oc-828">
         <name>.text:_sl_HandleAsync_Connect</name>
         <load_address>0x2000d76c</load_address>
         <run_address>0x2000d76c</run_address>
         <size>0x78</size>
         <input_file_ref idref="fl-166"/>
      </object_component>
      <object_component id="oc-3c5">
         <name>.text:sl_FsOpen</name>
         <load_address>0x2000d7e4</load_address>
         <run_address>0x2000d7e4</run_address>
         <size>0x78</size>
         <input_file_ref idref="fl-163"/>
      </object_component>
      <object_component id="oc-342">
         <name>.text:spi_Close</name>
         <load_address>0x2000d85c</load_address>
         <run_address>0x2000d85c</run_address>
         <size>0x78</size>
         <input_file_ref idref="fl-168"/>
      </object_component>
      <object_component id="oc-216">
         <name>.text:UARTConfigSetExpClk</name>
         <load_address>0x2000d8d4</load_address>
         <run_address>0x2000d8d4</run_address>
         <size>0x76</size>
         <input_file_ref idref="fl-170"/>
      </object_component>
      <object_component id="oc-864">
         <name>.text:_SlDrvCmdSend</name>
         <load_address>0x2000d94c</load_address>
         <run_address>0x2000d94c</run_address>
         <size>0x6c</size>
         <input_file_ref idref="fl-162"/>
      </object_component>
      <object_component id="oc-6c">
         <name>.text</name>
         <load_address>0x2000d9b8</load_address>
         <run_address>0x2000d9b8</run_address>
         <size>0x6c</size>
         <input_file_ref idref="fl-14a"/>
      </object_component>
      <object_component id="oc-4d">
         <name>.text</name>
         <load_address>0x2000da24</load_address>
         <run_address>0x2000da24</run_address>
         <size>0x6a</size>
         <input_file_ref idref="fl-137"/>
      </object_component>
      <object_component id="oc-434">
         <name>.text:TimerIntUnregister</name>
         <load_address>0x2000da90</load_address>
         <run_address>0x2000da90</run_address>
         <size>0x68</size>
         <input_file_ref idref="fl-16f"/>
      </object_component>
      <object_component id="oc-812">
         <name>.text:_sl_NetAppSendTokenValue</name>
         <load_address>0x2000daf8</load_address>
         <run_address>0x2000daf8</run_address>
         <size>0x68</size>
         <input_file_ref idref="fl-164"/>
      </object_component>
      <object_component id="oc-166">
         <name>.text:sl_NetCfgSet</name>
         <load_address>0x2000db60</load_address>
         <run_address>0x2000db60</run_address>
         <size>0x68</size>
         <input_file_ref idref="fl-165"/>
      </object_component>
      <object_component id="oc-16c">
         <name>.text:sl_WlanSet</name>
         <load_address>0x2000dbc8</load_address>
         <run_address>0x2000dbc8</run_address>
         <size>0x68</size>
         <input_file_ref idref="fl-167"/>
      </object_component>
      <object_component id="oc-72b">
         <name>.text</name>
         <load_address>0x2000dc30</load_address>
         <run_address>0x2000dc30</run_address>
         <size>0x66</size>
         <input_file_ref idref="fl-159"/>
      </object_component>
      <object_component id="oc-6c8">
         <name>.text:uDMAChannelAttributeDisable</name>
         <load_address>0x2000dc98</load_address>
         <run_address>0x2000dc98</run_address>
         <size>0x64</size>
         <input_file_ref idref="fl-171"/>
      </object_component>
      <object_component id="oc-83c">
         <name>.text:uDMAChannelAttributeEnable</name>
         <load_address>0x2000dcfc</load_address>
         <run_address>0x2000dcfc</run_address>
         <size>0x64</size>
         <input_file_ref idref="fl-171"/>
      </object_component>
      <object_component id="oc-822">
         <name>.text:_sl_HandleAsync_Accept</name>
         <load_address>0x2000dd60</load_address>
         <run_address>0x2000dd60</run_address>
         <size>0x60</size>
         <input_file_ref idref="fl-166"/>
      </object_component>
      <object_component id="oc-15a">
         <name>.text:sl_WlanPolicySet</name>
         <load_address>0x2000ddc0</load_address>
         <run_address>0x2000ddc0</run_address>
         <size>0x60</size>
         <input_file_ref idref="fl-167"/>
      </object_component>
      <object_component id="oc-57d">
         <name>.text:IntPendClear</name>
         <load_address>0x2000de20</load_address>
         <run_address>0x2000de20</run_address>
         <size>0x58</size>
         <input_file_ref idref="fl-16b"/>
      </object_component>
      <object_component id="oc-20a">
         <name>.text:PRCMPeripheralReset</name>
         <load_address>0x2000de78</load_address>
         <run_address>0x2000de78</run_address>
         <size>0x58</size>
         <input_file_ref idref="fl-16d"/>
      </object_component>
      <object_component id="oc-671">
         <name>.text</name>
         <load_address>0x2000ded0</load_address>
         <run_address>0x2000ded0</run_address>
         <size>0x56</size>
         <input_file_ref idref="fl-153"/>
      </object_component>
      <object_component id="oc-2ca">
         <name>.text:IntPrioritySet</name>
         <load_address>0x2000df28</load_address>
         <run_address>0x2000df28</run_address>
         <size>0x54</size>
         <input_file_ref idref="fl-16b"/>
      </object_component>
      <object_component id="oc-82e">
         <name>.text:_sl_HandleAsync_Select</name>
         <load_address>0x2000df7c</load_address>
         <run_address>0x2000df7c</run_address>
         <size>0x54</size>
         <input_file_ref idref="fl-166"/>
      </object_component>
      <object_component id="oc-178">
         <name>.text:sl_WlanRxFilterSet</name>
         <load_address>0x2000dfd0</load_address>
         <run_address>0x2000dfd0</run_address>
         <size>0x54</size>
         <input_file_ref idref="fl-167"/>
      </object_component>
      <object_component id="oc-791">
         <name>.text:_sl_HandleAsync_Stop</name>
         <load_address>0x2000e024</load_address>
         <run_address>0x2000e024</run_address>
         <size>0x50</size>
         <input_file_ref idref="fl-161"/>
      </object_component>
      <object_component id="oc-1b1">
         <name>.text</name>
         <load_address>0x2000e074</load_address>
         <run_address>0x2000e074</run_address>
         <size>0x4c</size>
         <input_file_ref idref="fl-2"/>
      </object_component>
      <object_component id="oc-542">
         <name>.text:SPIIntEnable</name>
         <load_address>0x2000e0c0</load_address>
         <run_address>0x2000e0c0</run_address>
         <size>0x4c</size>
         <input_file_ref idref="fl-16e"/>
      </object_component>
      <object_component id="oc-2f8">
         <name>.text:_SlDrvProtectAsyncRespSetting</name>
         <load_address>0x2000e10c</load_address>
         <run_address>0x2000e10c</run_address>
         <size>0x4c</size>
         <input_file_ref idref="fl-162"/>
      </object_component>
      <object_component id="oc-325">
         <name>.text:_SlDrvRxIrqHandler</name>
         <load_address>0x2000e158</load_address>
         <run_address>0x2000e158</run_address>
         <size>0x4c</size>
         <input_file_ref idref="fl-162"/>
      </object_component>
      <object_component id="oc-1c1">
         <name>.text</name>
         <load_address>0x2000e1a4</load_address>
         <run_address>0x2000e1a4</run_address>
         <size>0x4c</size>
         <input_file_ref idref="fl-134"/>
      </object_component>
      <object_component id="oc-bb">
         <name>.text</name>
         <load_address>0x2000e1f0</load_address>
         <run_address>0x2000e1f0</run_address>
         <size>0x4c</size>
         <input_file_ref idref="fl-14b"/>
      </object_component>
      <object_component id="oc-6c2">
         <name>.text:uDMAChannelAssign</name>
         <load_address>0x2000e23c</load_address>
         <run_address>0x2000e23c</run_address>
         <size>0x4c</size>
         <input_file_ref idref="fl-171"/>
      </object_component>
      <object_component id="oc-6de">
         <name>.text:SPIIntClear</name>
         <load_address>0x2000e288</load_address>
         <run_address>0x2000e288</run_address>
         <size>0x48</size>
         <input_file_ref idref="fl-16e"/>
      </object_component>
      <object_component id="oc-364">
         <name>.text:_SlDrvBasicCmd</name>
         <load_address>0x2000e2d0</load_address>
         <run_address>0x2000e2d0</run_address>
         <size>0x48</size>
         <input_file_ref idref="fl-162"/>
      </object_component>
      <object_component id="oc-66c">
         <name>.text</name>
         <load_address>0x2000e318</load_address>
         <run_address>0x2000e318</run_address>
         <size>0x48</size>
         <input_file_ref idref="fl-14f"/>
      </object_component>
      <object_component id="oc-682">
         <name>.text</name>
         <load_address>0x2000e360</load_address>
         <run_address>0x2000e360</run_address>
         <size>0x46</size>
         <input_file_ref idref="fl-152"/>
      </object_component>
      <object_component id="oc-6d2">
         <name>.text:SPIDmaMaskGet</name>
         <load_address>0x2000e3a8</load_address>
         <run_address>0x2000e3a8</run_address>
         <size>0x44</size>
         <input_file_ref idref="fl-16e"/>
      </object_component>
      <object_component id="oc-3fe">
         <name>.text:TimerConfigure</name>
         <load_address>0x2000e3ec</load_address>
         <run_address>0x2000e3ec</run_address>
         <size>0x44</size>
         <input_file_ref idref="fl-16f"/>
      </object_component>
      <object_component id="oc-7df">
         <name>.text:cc_SetupTransfer</name>
         <load_address>0x2000e430</load_address>
         <run_address>0x2000e430</run_address>
         <size>0x44</size>
         <input_file_ref idref="fl-168"/>
      </object_component>
      <object_component id="oc-78">
         <name>.text</name>
         <load_address>0x2000e474</load_address>
         <run_address>0x2000e474</run_address>
         <size>0x44</size>
         <input_file_ref idref="fl-13a"/>
      </object_component>
      <object_component id="oc-452">
         <name>.text</name>
         <load_address>0x2000e4b8</load_address>
         <run_address>0x2000e4b8</run_address>
         <size>0x44</size>
         <input_file_ref idref="fl-13c"/>
      </object_component>
      <object_component id="oc-631">
         <name>.text:PinModeSet</name>
         <load_address>0x2000e4fc</load_address>
         <run_address>0x2000e4fc</run_address>
         <size>0x40</size>
         <input_file_ref idref="fl-16c"/>
      </object_component>
      <object_component id="oc-851">
         <name>.text</name>
         <load_address>0x2000e53c</load_address>
         <run_address>0x2000e53c</run_address>
         <size>0x40</size>
         <input_file_ref idref="fl-15f"/>
      </object_component>
      <object_component id="oc-819">
         <name>.text:CopyPingResultsToReport</name>
         <load_address>0x2000e57c</load_address>
         <run_address>0x2000e57c</run_address>
         <size>0x3c</size>
         <input_file_ref idref="fl-164"/>
      </object_component>
      <object_component id="oc-3f8">
         <name>.text:PRCMPeripheralClkEnable</name>
         <load_address>0x2000e5b8</load_address>
         <run_address>0x2000e5b8</run_address>
         <size>0x3c</size>
         <input_file_ref idref="fl-16d"/>
      </object_component>
      <object_component id="oc-24">
         <name>.text</name>
         <load_address>0x2000e5f4</load_address>
         <run_address>0x2000e5f4</run_address>
         <size>0x3c</size>
         <input_file_ref idref="fl-135"/>
      </object_component>
      <object_component id="oc-836">
         <name>.text:uDMAChannelControlSet</name>
         <load_address>0x2000e630</load_address>
         <run_address>0x2000e630</run_address>
         <size>0x3c</size>
         <input_file_ref idref="fl-171"/>
      </object_component>
      <object_component id="oc-1da">
         <name>.text:ADCChannelEnable</name>
         <load_address>0x2000e66c</load_address>
         <run_address>0x2000e66c</run_address>
         <size>0x38</size>
         <input_file_ref idref="fl-169"/>
      </object_component>
      <object_component id="oc-2fe">
         <name>.text:NwpPowerOff</name>
         <load_address>0x2000e6a4</load_address>
         <run_address>0x2000e6a4</run_address>
         <size>0x38</size>
         <input_file_ref idref="fl-168"/>
      </object_component>
      <object_component id="oc-f2">
         <name>.text</name>
         <load_address>0x2000e6dc</load_address>
         <run_address>0x2000e6dc</run_address>
         <size>0x38</size>
         <input_file_ref idref="fl-17a"/>
      </object_component>
      <object_component id="oc-46f">
         <name>.text:GPIODirModeSet</name>
         <load_address>0x2000e714</load_address>
         <run_address>0x2000e714</run_address>
         <size>0x36</size>
         <input_file_ref idref="fl-16a"/>
      </object_component>
      <object_component id="oc-457">
         <name>.text:TimerControlLevel</name>
         <load_address>0x2000e74a</load_address>
         <run_address>0x2000e74a</run_address>
         <size>0x36</size>
         <input_file_ref idref="fl-16f"/>
      </object_component>
      <object_component id="oc-172">
         <name>.text:sl_NetAppMDNSUnRegisterService</name>
         <load_address>0x2000e780</load_address>
         <run_address>0x2000e780</run_address>
         <size>0x36</size>
         <input_file_ref idref="fl-164"/>
      </object_component>
      <object_component id="oc-524">
         <name>.text:PRCMPeripheralStatusGet</name>
         <load_address>0x2000e7b8</load_address>
         <run_address>0x2000e7b8</run_address>
         <size>0x34</size>
         <input_file_ref idref="fl-16d"/>
      </object_component>
      <object_component id="oc-53c">
         <name>.text:SPIFIFOLevelSet</name>
         <load_address>0x2000e7ec</load_address>
         <run_address>0x2000e7ec</run_address>
         <size>0x34</size>
         <input_file_ref idref="fl-16e"/>
      </object_component>
      <object_component id="oc-7a9">
         <name>.text</name>
         <load_address>0x2000e820</load_address>
         <run_address>0x2000e820</run_address>
         <size>0x34</size>
         <input_file_ref idref="fl-15d"/>
      </object_component>
      <object_component id="oc-469">
         <name>.text:PinTypeGPIO</name>
         <load_address>0x2000e854</load_address>
         <run_address>0x2000e854</run_address>
         <size>0x30</size>
         <input_file_ref idref="fl-16c"/>
      </object_component>
      <object_component id="oc-4b4">
         <name>.text:UARTDisable</name>
         <load_address>0x2000e884</load_address>
         <run_address>0x2000e884</run_address>
         <size>0x30</size>
         <input_file_ref idref="fl-170"/>
      </object_component>
      <object_component id="oc-710">
         <name>.text:_SlDrvDeviceEventHandler</name>
         <load_address>0x2000e8b4</load_address>
         <run_address>0x2000e8b4</run_address>
         <size>0x30</size>
         <input_file_ref idref="fl-161"/>
      </object_component>
      <object_component id="oc-5fe">
         <name>.text:_sl_Strlen</name>
         <load_address>0x2000e8e4</load_address>
         <run_address>0x2000e8e4</run_address>
         <size>0x30</size>
         <input_file_ref idref="fl-163"/>
      </object_component>
      <object_component id="oc-739">
         <name>.text</name>
         <load_address>0x2000e914</load_address>
         <run_address>0x2000e914</run_address>
         <size>0x30</size>
         <input_file_ref idref="fl-15a"/>
      </object_component>
      <object_component id="oc-3aa">
         <name>.text:sl_WlanProfileDel</name>
         <load_address>0x2000e944</load_address>
         <run_address>0x2000e944</run_address>
         <size>0x30</size>
         <input_file_ref idref="fl-167"/>
      </object_component>
      <object_component id="oc-148">
         <name>.text:sl_WlanSetMode</name>
         <load_address>0x2000e974</load_address>
         <run_address>0x2000e974</run_address>
         <size>0x30</size>
         <input_file_ref idref="fl-167"/>
      </object_component>
      <object_component id="oc-677">
         <name>.text</name>
         <load_address>0x2000e9a4</load_address>
         <run_address>0x2000e9a4</run_address>
         <size>0x2e</size>
         <input_file_ref idref="fl-151"/>
      </object_component>
      <object_component id="oc-7f8">
         <name>.text</name>
         <load_address>0x2000e9d2</load_address>
         <run_address>0x2000e9d2</run_address>
         <size>0x2e</size>
         <input_file_ref idref="fl-15e"/>
      </object_component>
      <object_component id="oc-554">
         <name>.text:DmaSpiSwIntHandler</name>
         <load_address>0x2000ea00</load_address>
         <run_address>0x2000ea00</run_address>
         <size>0x2c</size>
         <input_file_ref idref="fl-168"/>
      </object_component>
      <object_component id="oc-30a">
         <name>.text:NwpPowerOn</name>
         <load_address>0x2000ea2c</load_address>
         <run_address>0x2000ea2c</run_address>
         <size>0x2c</size>
         <input_file_ref idref="fl-168"/>
      </object_component>
      <object_component id="oc-496">
         <name>.text:PRCMSysResetCauseGet</name>
         <load_address>0x2000ea58</load_address>
         <run_address>0x2000ea58</run_address>
         <size>0x2c</size>
         <input_file_ref idref="fl-16d"/>
      </object_component>
      <object_component id="oc-41c">
         <name>.text:TimerLoadSet</name>
         <load_address>0x2000ea84</load_address>
         <run_address>0x2000ea84</run_address>
         <size>0x2a</size>
         <input_file_ref idref="fl-16f"/>
      </object_component>
      <object_component id="oc-45d">
         <name>.text:TimerMatchSet</name>
         <load_address>0x2000eaae</load_address>
         <run_address>0x2000eaae</run_address>
         <size>0x2a</size>
         <input_file_ref idref="fl-16f"/>
      </object_component>
      <object_component id="oc-404">
         <name>.text:TimerPrescaleSet</name>
         <load_address>0x2000ead8</load_address>
         <run_address>0x2000ead8</run_address>
         <size>0x2a</size>
         <input_file_ref idref="fl-16f"/>
      </object_component>
      <object_component id="oc-68e">
         <name>.text</name>
         <load_address>0x2000eb02</load_address>
         <run_address>0x2000eb02</run_address>
         <size>0x2a</size>
         <input_file_ref idref="fl-157"/>
      </object_component>
      <object_component id="oc-490">
         <name>.text:PRCMPeripheralClkDisable</name>
         <load_address>0x2000eb2c</load_address>
         <run_address>0x2000eb2c</run_address>
         <size>0x28</size>
         <input_file_ref idref="fl-16d"/>
      </object_component>
      <object_component id="oc-18b">
         <name>.text:sl_NetAppStart</name>
         <load_address>0x2000eb54</load_address>
         <run_address>0x2000eb54</run_address>
         <size>0x28</size>
         <input_file_ref idref="fl-164"/>
      </object_component>
      <object_component id="oc-185">
         <name>.text:sl_NetAppStop</name>
         <load_address>0x2000eb7c</load_address>
         <run_address>0x2000eb7c</run_address>
         <size>0x28</size>
         <input_file_ref idref="fl-164"/>
      </object_component>
      <object_component id="oc-304">
         <name>.text:NwpRegisterInterruptHandler</name>
         <load_address>0x2000eba4</load_address>
         <run_address>0x2000eba4</run_address>
         <size>0x26</size>
         <input_file_ref idref="fl-168"/>
      </object_component>
      <object_component id="oc-2d6">
         <name>.text:IntUnregister</name>
         <load_address>0x2000ebcc</load_address>
         <run_address>0x2000ebcc</run_address>
         <size>0x24</size>
         <input_file_ref idref="fl-16b"/>
      </object_component>
      <object_component id="oc-4ba">
         <name>.text:UARTEnable</name>
         <load_address>0x2000ebf0</load_address>
         <run_address>0x2000ebf0</run_address>
         <size>0x24</size>
         <input_file_ref idref="fl-170"/>
      </object_component>
      <object_component id="oc-569">
         <name>.text:_SlDrvProtectionObjLockWaitForever</name>
         <load_address>0x2000ec14</load_address>
         <run_address>0x2000ec14</run_address>
         <size>0x24</size>
         <input_file_ref idref="fl-162"/>
      </object_component>
      <object_component id="oc-292">
         <name>.text</name>
         <load_address>0x2000ec38</load_address>
         <run_address>0x2000ec38</run_address>
         <size>0x24</size>
         <input_file_ref idref="fl-13f"/>
      </object_component>
      <object_component id="oc-518">
         <name>.text:SPIReset</name>
         <load_address>0x2000ec5c</load_address>
         <run_address>0x2000ec5c</run_address>
         <size>0x22</size>
         <input_file_ref idref="fl-16e"/>
      </object_component>
      <object_component id="oc-77e">
         <name>.text:SPIWordCountSet</name>
         <load_address>0x2000ec7e</load_address>
         <run_address>0x2000ec7e</run_address>
         <size>0x22</size>
         <input_file_ref idref="fl-16e"/>
      </object_component>
      <object_component id="oc-67c">
         <name>.text</name>
         <load_address>0x2000eca0</load_address>
         <run_address>0x2000eca0</run_address>
         <size>0x22</size>
         <input_file_ref idref="fl-150"/>
      </object_component>
      <object_component id="oc-134">
         <name>.text</name>
         <load_address>0x2000ecc2</load_address>
         <run_address>0x2000ecc2</run_address>
         <size>0x22</size>
         <input_file_ref idref="fl-13d"/>
      </object_component>
      <object_component id="oc-19d">
         <name>.text:GPIOPinWrite</name>
         <load_address>0x2000ece4</load_address>
         <run_address>0x2000ece4</run_address>
         <size>0x20</size>
         <input_file_ref idref="fl-16a"/>
      </object_component>
      <object_component id="oc-2c4">
         <name>.text:IntRegister</name>
         <load_address>0x2000ed04</load_address>
         <run_address>0x2000ed04</run_address>
         <size>0x20</size>
         <input_file_ref idref="fl-16b"/>
      </object_component>
      <object_component id="oc-56f">
         <name>.text:_SlDrvProtectionObjUnLock</name>
         <load_address>0x2000ed24</load_address>
         <run_address>0x2000ed24</run_address>
         <size>0x20</size>
         <input_file_ref idref="fl-162"/>
      </object_component>
      <object_component id="oc-448">
         <name>.text</name>
         <load_address>0x2000ed44</load_address>
         <run_address>0x2000ed44</run_address>
         <size>0x20</size>
         <input_file_ref idref="fl-145"/>
      </object_component>
      <object_component id="oc-428">
         <name>.text:TimerDisable</name>
         <load_address>0x2000ed64</load_address>
         <run_address>0x2000ed64</run_address>
         <size>0x1e</size>
         <input_file_ref idref="fl-16f"/>
      </object_component>
      <object_component id="oc-422">
         <name>.text:TimerEnable</name>
         <load_address>0x2000ed82</load_address>
         <run_address>0x2000ed82</run_address>
         <size>0x1e</size>
         <input_file_ref idref="fl-16f"/>
      </object_component>
      <object_component id="oc-410">
         <name>.text:TimerIntStatus</name>
         <load_address>0x2000eda0</load_address>
         <run_address>0x2000eda0</run_address>
         <size>0x1e</size>
         <input_file_ref idref="fl-16f"/>
      </object_component>
      <object_component id="oc-27a">
         <name>.text:UARTCharPut</name>
         <load_address>0x2000edbe</load_address>
         <run_address>0x2000edbe</run_address>
         <size>0x1e</size>
         <input_file_ref idref="fl-170"/>
      </object_component>
      <object_component id="oc-52a">
         <name>.text:cc_UDMAChannelSelect</name>
         <load_address>0x2000eddc</load_address>
         <run_address>0x2000eddc</run_address>
         <size>0x1e</size>
         <input_file_ref idref="fl-168"/>
      </object_component>
      <object_component id="oc-3e8">
         <name>.text:ADCFIFOLvlGet</name>
         <load_address>0x2000edfa</load_address>
         <run_address>0x2000edfa</run_address>
         <size>0x1c</size>
         <input_file_ref idref="fl-169"/>
      </object_component>
      <object_component id="oc-43a">
         <name>.text:TimerValueGet</name>
         <load_address>0x2000ee16</load_address>
         <run_address>0x2000ee16</run_address>
         <size>0x1c</size>
         <input_file_ref idref="fl-16f"/>
      </object_component>
      <object_component id="oc-28c">
         <name>.text:UARTCharGetNonBlocking</name>
         <load_address>0x2000ee32</load_address>
         <run_address>0x2000ee32</run_address>
         <size>0x1c</size>
         <input_file_ref idref="fl-170"/>
      </object_component>
      <object_component id="oc-5ad">
         <name>.text:_SlDrvObjLockWaitForever</name>
         <load_address>0x2000ee4e</load_address>
         <run_address>0x2000ee4e</run_address>
         <size>0x1c</size>
         <input_file_ref idref="fl-162"/>
      </object_component>
      <object_component id="oc-310">
         <name>.text:_SlDrvSyncObjWaitForever</name>
         <load_address>0x2000ee6a</load_address>
         <run_address>0x2000ee6a</run_address>
         <size>0x1c</size>
         <input_file_ref idref="fl-162"/>
      </object_component>
      <object_component id="oc-694">
         <name>.text</name>
         <load_address>0x2000ee86</load_address>
         <run_address>0x2000ee86</run_address>
         <size>0x1c</size>
         <input_file_ref idref="fl-154"/>
      </object_component>
      <object_component id="oc-848">
         <name>.text:uDMAChannelEnable</name>
         <load_address>0x2000eea4</load_address>
         <run_address>0x2000eea4</run_address>
         <size>0x1c</size>
         <input_file_ref idref="fl-171"/>
      </object_component>
      <object_component id="oc-39a">
         <name>.text:GPIOIntEnable</name>
         <load_address>0x2000eec0</load_address>
         <run_address>0x2000eec0</run_address>
         <size>0x1a</size>
         <input_file_ref idref="fl-16a"/>
      </object_component>
      <object_component id="oc-463">
         <name>.text:PinTypeTimer</name>
         <load_address>0x2000eeda</load_address>
         <run_address>0x2000eeda</run_address>
         <size>0x1a</size>
         <input_file_ref idref="fl-16c"/>
      </object_component>
      <object_component id="oc-4a3">
         <name>.text:PinTypeUART</name>
         <load_address>0x2000eef4</load_address>
         <run_address>0x2000eef4</run_address>
         <size>0x1a</size>
         <input_file_ref idref="fl-16c"/>
      </object_component>
      <object_component id="oc-5d0">
         <name>.text:SPIDmaDisable</name>
         <load_address>0x2000ef0e</load_address>
         <run_address>0x2000ef0e</run_address>
         <size>0x1a</size>
         <input_file_ref idref="fl-16e"/>
      </object_component>
      <object_component id="oc-536">
         <name>.text:SPIDmaEnable</name>
         <load_address>0x2000ef28</load_address>
         <run_address>0x2000ef28</run_address>
         <size>0x1a</size>
         <input_file_ref idref="fl-16e"/>
      </object_component>
      <object_component id="oc-5ca">
         <name>.text:SPIFIFODisable</name>
         <load_address>0x2000ef42</load_address>
         <run_address>0x2000ef42</run_address>
         <size>0x1a</size>
         <input_file_ref idref="fl-16e"/>
      </object_component>
      <object_component id="oc-530">
         <name>.text:SPIFIFOEnable</name>
         <load_address>0x2000ef5c</load_address>
         <run_address>0x2000ef5c</run_address>
         <size>0x1a</size>
         <input_file_ref idref="fl-16e"/>
      </object_component>
      <object_component id="oc-3ee">
         <name>.text:ADCFIFORead</name>
         <load_address>0x2000ef76</load_address>
         <run_address>0x2000ef76</run_address>
         <size>0x18</size>
         <input_file_ref idref="fl-169"/>
      </object_component>
      <object_component id="oc-1c8">
         <name>.text:GPIOPinRead</name>
         <load_address>0x2000ef8e</load_address>
         <run_address>0x2000ef8e</run_address>
         <size>0x18</size>
         <input_file_ref idref="fl-16a"/>
      </object_component>
      <object_component id="oc-50c">
         <name>.text:SPICSDisable</name>
         <load_address>0x2000efa6</load_address>
         <run_address>0x2000efa6</run_address>
         <size>0x18</size>
         <input_file_ref idref="fl-16e"/>
      </object_component>
      <object_component id="oc-778">
         <name>.text:SPICSEnable</name>
         <load_address>0x2000efbe</load_address>
         <run_address>0x2000efbe</run_address>
         <size>0x18</size>
         <input_file_ref idref="fl-16e"/>
      </object_component>
      <object_component id="oc-512">
         <name>.text:SPIDisable</name>
         <load_address>0x2000efd6</load_address>
         <run_address>0x2000efd6</run_address>
         <size>0x18</size>
         <input_file_ref idref="fl-16e"/>
      </object_component>
      <object_component id="oc-548">
         <name>.text:SPIEnable</name>
         <load_address>0x2000efee</load_address>
         <run_address>0x2000efee</run_address>
         <size>0x18</size>
         <input_file_ref idref="fl-16e"/>
      </object_component>
      <object_component id="oc-42e">
         <name>.text:TimerIntDisable</name>
         <load_address>0x2000f006</load_address>
         <run_address>0x2000f006</run_address>
         <size>0x18</size>
         <input_file_ref idref="fl-16f"/>
      </object_component>
      <object_component id="oc-40a">
         <name>.text:TimerIntEnable</name>
         <load_address>0x2000f01e</load_address>
         <run_address>0x2000f01e</run_address>
         <size>0x18</size>
         <input_file_ref idref="fl-16f"/>
      </object_component>
      <object_component id="oc-286">
         <name>.text:UARTCharsAvail</name>
         <load_address>0x2000f036</load_address>
         <run_address>0x2000f036</run_address>
         <size>0x18</size>
         <input_file_ref idref="fl-170"/>
      </object_component>
      <object_component id="oc-5bf">
         <name>.text:_SlDrvObjUnLock</name>
         <load_address>0x2000f04e</load_address>
         <run_address>0x2000f04e</run_address>
         <size>0x18</size>
         <input_file_ref idref="fl-162"/>
      </object_component>
      <object_component id="oc-592">
         <name>.text:_SlDrvSyncObjSignal</name>
         <load_address>0x2000f066</load_address>
         <run_address>0x2000f066</run_address>
         <size>0x18</size>
         <input_file_ref idref="fl-162"/>
      </object_component>
      <object_component id="oc-31c">
         <name>.text:_sl_GetStartResponseConvert</name>
         <load_address>0x2000f080</load_address>
         <run_address>0x2000f080</run_address>
         <size>0x18</size>
         <input_file_ref idref="fl-161"/>
      </object_component>
      <object_component id="oc-72">
         <name>.text</name>
         <load_address>0x2000f098</load_address>
         <run_address>0x2000f098</run_address>
         <size>0x18</size>
         <input_file_ref idref="fl-149"/>
      </object_component>
      <object_component id="oc-484">
         <name>.text:PRCMHIBRegRead</name>
         <load_address>0x2000f0b0</load_address>
         <run_address>0x2000f0b0</run_address>
         <size>0x16</size>
         <input_file_ref idref="fl-16d"/>
      </object_component>
      <object_component id="oc-48a">
         <name>.text:PRCMHIBRegWrite</name>
         <load_address>0x2000f0c6</load_address>
         <run_address>0x2000f0c6</run_address>
         <size>0x16</size>
         <input_file_ref idref="fl-16d"/>
      </object_component>
      <object_component id="oc-4ff">
         <name>.text:_SlDrvMemZero</name>
         <load_address>0x2000f0dc</load_address>
         <run_address>0x2000f0dc</run_address>
         <size>0x16</size>
         <input_file_ref idref="fl-162"/>
      </object_component>
      <object_component id="oc-688">
         <name>.text</name>
         <load_address>0x2000f0f2</load_address>
         <run_address>0x2000f0f2</run_address>
         <size>0x16</size>
         <input_file_ref idref="fl-155"/>
      </object_component>
      <object_component id="oc-1e0">
         <name>.text:ADCEnable</name>
         <load_address>0x2000f108</load_address>
         <run_address>0x2000f108</run_address>
         <size>0x14</size>
         <input_file_ref idref="fl-169"/>
      </object_component>
      <object_component id="oc-479">
         <name>.text:CPUcpsie</name>
         <load_address>0x2000f11c</load_address>
         <run_address>0x2000f11c</run_address>
         <size>0x14</size>
         <input_file_ref idref="fl-173"/>
      </object_component>
      <object_component id="oc-394">
         <name>.text:GPIOIntClear</name>
         <load_address>0x2000f130</load_address>
         <run_address>0x2000f130</run_address>
         <size>0x14</size>
         <input_file_ref idref="fl-16a"/>
      </object_component>
      <object_component id="oc-1e6">
         <name>.text:IntVTableBaseSet</name>
         <load_address>0x2000f144</load_address>
         <run_address>0x2000f144</run_address>
         <size>0x14</size>
         <input_file_ref idref="fl-16b"/>
      </object_component>
      <object_component id="oc-49d">
         <name>.text:PinTypeADC</name>
         <load_address>0x2000f158</load_address>
         <run_address>0x2000f158</run_address>
         <size>0x14</size>
         <input_file_ref idref="fl-16c"/>
      </object_component>
      <object_component id="oc-232">
         <name>.text</name>
         <load_address>0x2000f16c</load_address>
         <run_address>0x2000f16c</run_address>
         <size>0x14</size>
         <input_file_ref idref="fl-147"/>
      </object_component>
      <object_component id="oc-12e">
         <name>.text</name>
         <load_address>0x2000f180</load_address>
         <run_address>0x2000f180</run_address>
         <size>0x14</size>
         <input_file_ref idref="fl-144"/>
      </object_component>
      <object_component id="oc-416">
         <name>.text:TimerIntClear</name>
         <load_address>0x2000f194</load_address>
         <run_address>0x2000f194</run_address>
         <size>0x12</size>
         <input_file_ref idref="fl-16f"/>
      </object_component>
      <object_component id="oc-357">
         <name>.text:_SlDrvResetCmdExt</name>
         <load_address>0x2000f1a6</load_address>
         <run_address>0x2000f1a6</run_address>
         <size>0xe</size>
         <input_file_ref idref="fl-162"/>
      </object_component>
      <object_component id="oc-12">
         <name>.text:decompress:none</name>
         <load_address>0x2000f1b4</load_address>
         <run_address>0x2000f1b4</run_address>
         <size>0xe</size>
         <input_file_ref idref="fl-136"/>
      </object_component>
      <object_component id="oc-2d">
         <name>.text</name>
         <load_address>0x2000f1c2</load_address>
         <run_address>0x2000f1c2</run_address>
         <size>0xe</size>
         <input_file_ref idref="fl-9"/>
      </object_component>
      <object_component id="oc-576">
         <name>.text:NwpMaskInterrupt</name>
         <load_address>0x2000f1d0</load_address>
         <run_address>0x2000f1d0</run_address>
         <size>0xc</size>
         <input_file_ref idref="fl-168"/>
      </object_component>
      <object_component id="oc-584">
         <name>.text:NwpUnMaskInterrupt</name>
         <load_address>0x2000f1dc</load_address>
         <run_address>0x2000f1dc</run_address>
         <size>0xc</size>
         <input_file_ref idref="fl-168"/>
      </object_component>
      <object_component id="oc-1e">
         <name>.text:decompress:ZI</name>
         <load_address>0x2000f1e8</load_address>
         <run_address>0x2000f1e8</run_address>
         <size>0xc</size>
         <input_file_ref idref="fl-138"/>
      </object_component>
      <object_component id="oc-160">
         <name>.text:sl_WlanDisconnect</name>
         <load_address>0x2000f1f4</load_address>
         <run_address>0x2000f1f4</run_address>
         <size>0xc</size>
         <input_file_ref idref="fl-167"/>
      </object_component>
      <object_component id="oc-3b6">
         <name>.text:sl_WlanSmartConfigStop</name>
         <load_address>0x2000f200</load_address>
         <run_address>0x2000f200</run_address>
         <size>0xc</size>
         <input_file_ref idref="fl-167"/>
      </object_component>
      <object_component id="oc-1ec">
         <name>.text:IntMasterEnable</name>
         <load_address>0x2000f20c</load_address>
         <run_address>0x2000f20c</run_address>
         <size>0xa</size>
         <input_file_ref idref="fl-16b"/>
      </object_component>
      <object_component id="oc-1a9">
         <name>.text:UtilsDelay</name>
         <load_address>0x2000f216</load_address>
         <run_address>0x2000f216</run_address>
         <size>0x6</size>
         <input_file_ref idref="fl-172"/>
      </object_component>
      <object_component id="oc-18">
         <name>.text:decompress:rle24</name>
         <load_address>0x2000f21c</load_address>
         <run_address>0x2000f21c</run_address>
         <size>0x6</size>
         <input_file_ref idref="fl-137"/>
      </object_component>
      <object_component id="oc-66">
         <name>.text</name>
         <load_address>0x2000f222</load_address>
         <run_address>0x2000f222</run_address>
         <size>0x4</size>
         <input_file_ref idref="fl-142"/>
      </object_component>
      <object_component id="oc-442">
         <name>.const:.string:_ctypes_</name>
         <load_address>0x2000f228</load_address>
         <run_address>0x2000f228</run_address>
         <size>0x101</size>
         <input_file_ref idref="fl-139"/>
      </object_component>
      <object_component id="oc-4aa">
         <name>.const:g_ulPinToPadMap</name>
         <load_address>0x2000f32c</load_address>
         <run_address>0x2000f32c</run_address>
         <size>0x100</size>
         <input_file_ref idref="fl-16c"/>
      </object_component>
      <object_component id="oc-4eb">
         <name>.const:g_pulRegs</name>
         <load_address>0x2000f42c</load_address>
         <run_address>0x2000f42c</run_address>
         <size>0xd4</size>
         <input_file_ref idref="fl-16b"/>
      </object_component>
      <object_component id="oc-4ae">
         <name>.const:PRCM_PeriphRegsList</name>
         <load_address>0x2000f500</load_address>
         <run_address>0x2000f500</run_address>
         <size>0xa8</size>
         <input_file_ref idref="fl-16d"/>
      </object_component>
      <object_component id="oc-480">
         <name>.const</name>
         <load_address>0x2000f5a8</load_address>
         <run_address>0x2000f5a8</run_address>
         <size>0x80</size>
         <input_file_ref idref="fl-16b"/>
      </object_component>
      <object_component id="oc-76e">
         <name>.const:OpcodeTranslateTable</name>
         <load_address>0x2000f628</load_address>
         <run_address>0x2000f628</run_address>
         <size>0x3c</size>
         <input_file_ref idref="fl-162"/>
      </object_component>
      <object_component id="oc-338">
         <name>.const</name>
         <load_address>0x2000f664</load_address>
         <run_address>0x2000f664</run_address>
         <size>0x3c</size>
         <input_file_ref idref="fl-167"/>
      </object_component>
      <object_component id="oc-3e3">
         <name>.const:.string</name>
         <load_address>0x2000f6a0</load_address>
         <run_address>0x2000f6a0</run_address>
         <size>0x38</size>
         <input_file_ref idref="fl-3"/>
      </object_component>
      <object_component id="oc-7d9">
         <name>.const:_SlActionLookupTable</name>
         <load_address>0x2000f6d8</load_address>
         <run_address>0x2000f6d8</run_address>
         <size>0x38</size>
         <input_file_ref idref="fl-162"/>
      </object_component>
      <object_component id="oc-5f9">
         <name>.const</name>
         <load_address>0x2000f710</load_address>
         <run_address>0x2000f710</run_address>
         <size>0x38</size>
         <input_file_ref idref="fl-163"/>
      </object_component>
      <object_component id="oc-5db">
         <name>.const</name>
         <load_address>0x2000f748</load_address>
         <run_address>0x2000f748</run_address>
         <size>0x34</size>
         <input_file_ref idref="fl-162"/>
      </object_component>
      <object_component id="oc-1aa">
         <name>.const:.string</name>
         <load_address>0x2000f77c</load_address>
         <run_address>0x2000f77c</run_address>
         <size>0x31</size>
[...]
         <name>osi_TaskEnable</name>
         <value>0x2000926f</value>
         <object_component_ref idref="oc-13a"/>
      </symbol>
      <symbol id="sm-1346">
         <name>osi_TaskDelete</name>
         <value>0x20008fcf</value>
         <object_component_ref idref="oc-13a"/>
      </symbol>
      <symbol id="sm-1347">
         <name>xHigherPriorityTaskWoken</name>
         <value>0x2001f5fc</value>
         <object_component_ref idref="oc-2e2"/>
      </symbol>
      <symbol id="sm-1348">
         <name>osi_InterruptRegister</name>
         <value>0x20008e39</value>
         <object_component_ref idref="oc-13a"/>
      </symbol>
      <symbol id="sm-1349">
         <name>mem_set</name>
         <value>0x20009211</value>
         <object_component_ref idref="oc-13a"/>
      </symbol>
      <symbol id="sm-134a">
         <name>osi_LockObjCreate</name>
         <value>0x20008f69</value>
         <object_component_ref idref="oc-13a"/>
      </symbol>
      <symbol id="sm-134b">
         <name>osi_SyncObjSignal</name>
         <value>0x20008ebb</value>
         <object_component_ref idref="oc-13a"/>
      </symbol>
      <symbol id="sm-134c">
         <name>mem_Malloc</name>
         <value>0x200091f9</value>
         <object_component_ref idref="oc-13a"/>
      </symbol>
      <symbol id="sm-134d">
         <name>osi_SyncObjCreate</name>
         <value>0x20008e71</value>
         <object_component_ref idref="oc-13a"/>
      </symbol>
      <symbol id="sm-134e">
         <name>osi_SyncObjWait</name>
         <value>0x20008f1b</value>
         <object_component_ref idref="oc-13a"/>
      </symbol>
      <symbol id="sm-134f">
         <name>osi_SyncObjSignalFromISR</name>
         <value>0x20008ee3</value>
         <object_component_ref idref="oc-13a"/>
      </symbol>
      <symbol id="sm-1350">
         <name>osi_ContextRestore</name>
         <value>0x2000927b</value>
         <object_component_ref idref="oc-13a"/>
      </symbol>
      <symbol id="sm-1351">
         <name>osi_start</name>
         <value>0x2000924d</value>
         <object_component_ref idref="oc-13a"/>
      </symbol>
      <symbol id="sm-1352">
         <name>osi_EnterCritical</name>
         <value>0x20009239</value>
         <object_component_ref idref="oc-13a"/>
      </symbol>
      <symbol id="sm-1353">
         <name>osi_TaskCreate</name>
         <value>0x20008f8f</value>
         <object_component_ref idref="oc-13a"/>
      </symbol>
      <symbol id="sm-1354">
         <name>osi_MsgQRead</name>
         <value>0x200091bd</value>
         <object_component_ref idref="oc-13a"/>
      </symbol>
      <symbol id="sm-1355">
         <name>osi_MsgQCreate</name>
         <value>0x2000912d</value>
         <object_component_ref idref="oc-13a"/>
      </symbol>
      <symbol id="sm-1356">
         <name>osi_ExitCritical</name>
         <value>0x20009243</value>
         <object_component_ref idref="oc-13a"/>
      </symbol>
      <symbol id="sm-1357">
         <name>osi_LockObjLock</name>
         <value>0x20008fed</value>
         <object_component_ref idref="oc-13a"/>
      </symbol>
      <symbol id="sm-1358">
         <name>VDeleteSimpleLinkSpawnTask</name>
         <value>0x20009101</value>
         <object_component_ref idref="oc-13a"/>
      </symbol>
      <symbol id="sm-1359">
         <name>osi_SyncObjClear</name>
         <value>0x20008f47</value>
         <object_component_ref idref="oc-13a"/>
      </symbol>
      <symbol id="sm-135a">
         <name>VStartSimpleLinkSpawnTask</name>
         <value>0x200090b1</value>
         <object_component_ref idref="oc-13a"/>
      </symbol>
      <symbol id="sm-135b">
         <name>osi_MsgQWrite</name>
         <value>0x2000918b</value>
         <object_component_ref idref="oc-13a"/>
      </symbol>
      <symbol id="sm-135c">
         <name>osi_Sleep</name>
         <value>0x20009255</value>
         <object_component_ref idref="oc-13a"/>
      </symbol>
      <symbol id="sm-135d">
         <name>osi_SyncObjDelete</name>
         <value>0x20008ea1</value>
         <object_component_ref idref="oc-13a"/>
      </symbol>
      <symbol id="sm-135e">
         <name>osi_TaskDisable</name>
         <value>0x20009265</value>
         <object_component_ref idref="oc-13a"/>
      </symbol>
      <symbol id="sm-135f">
         <name>osi_Spawn</name>
         <value>0x20009043</value>
         <object_component_ref idref="oc-13a"/>
      </symbol>
      <symbol id="sm-1360">
         <name>mem_Free</name>
         <value>0x20009205</value>
         <object_component_ref idref="oc-13a"/>
      </symbol>
      <symbol id="sm-1361">
         <name>osi_ContextSave</name>
         <value>0x20009279</value>
         <object_component_ref idref="oc-13a"/>
      </symbol>
      <symbol id="sm-1362">
         <name>xSimpleLinkSpawnQueue</name>
         <value>0x2001f600</value>
         <object_component_ref idref="oc-2e2"/>
      </symbol>
      <symbol id="sm-1363">
         <name>xSimpleLinkSpawnTaskHndl</name>
         <value>0x2001f604</value>
         <object_component_ref idref="oc-2e2"/>
      </symbol>
      <symbol id="sm-138b">
         <name>vPortSetupTimerInterrupt</name>
         <value>0x2000b6a9</value>
         <object_component_ref idref="oc-38"/>
      </symbol>
      <symbol id="sm-138c">
         <name>vPortEndScheduler</name>
         <value>0x2000b649</value>
         <object_component_ref idref="oc-38"/>
      </symbol>
      <symbol id="sm-138d">
         <name>vPortYield</name>
         <value>0x2000b64b</value>
         <object_component_ref idref="oc-38"/>
      </symbol>
      <symbol id="sm-138e">
         <name>xPortSysTickHandler</name>
         <value>0x2000b68d</value>
         <object_component_ref idref="oc-38"/>
      </symbol>
      <symbol id="sm-138f">
         <name>pxPortInitialiseStack</name>
         <value>0x2000b5cd</value>
         <object_component_ref idref="oc-38"/>
      </symbol>
      <symbol id="sm-1390">
         <name>vPortExitCritical</name>
         <value>0x2000b675</value>
         <object_component_ref idref="oc-38"/>
      </symbol>
      <symbol id="sm-1391">
         <name>xPortStartScheduler</name>
         <value>0x2000b61d</value>
         <object_component_ref idref="oc-38"/>
      </symbol>
      <symbol id="sm-1392">
         <name>vPortEnterCritical</name>
         <value>0x2000b65d</value>
         <object_component_ref idref="oc-38"/>
      </symbol>
      <symbol id="sm-13a3">
         <name>portCLZ</name>
         <value>0x2000c689</value>
         <object_component_ref idref="oc-33"/>
      </symbol>
      <symbol id="sm-13a4">
         <name>xPortPendSVHandler</name>
         <value>0x2000c5fd</value>
         <object_component_ref idref="oc-33"/>
      </symbol>
      <symbol id="sm-13a5">
         <name>vPortClearInterruptMask</name>
         <value>0x2000c5ef</value>
         <object_component_ref idref="oc-33"/>
      </symbol>
      <symbol id="sm-13a6">
         <name>ulPortSetInterruptMask</name>
         <value>0x2000c5d9</value>
         <object_component_ref idref="oc-33"/>
      </symbol>
      <symbol id="sm-13a7">
         <name>prvPortStartFirstTask</name>
         <value>0x2000c671</value>
         <object_component_ref idref="oc-33"/>
      </symbol>
      <symbol id="sm-13a8">
         <name>vPortSVCHandler</name>
         <value>0x2000c649</value>
         <object_component_ref idref="oc-33"/>
      </symbol>
      <symbol id="sm-1457">
         <name>xQueuePeekFromISR</name>
         <value>0x200083d9</value>
         <object_component_ref idref="oc-2dc"/>
      </symbol>
      <symbol id="sm-1458">
         <name>xQueueIsQueueEmptyFromISR</name>
         <value>0x2000865f</value>
         <object_component_ref idref="oc-2dc"/>
      </symbol>
      <symbol id="sm-1459">
         <name>xQueueGenericSendFromISR</name>
         <value>0x20008183</value>
         <object_component_ref idref="oc-2dc"/>
      </symbol>
      <symbol id="sm-145a">
         <name>uxQueueMessagesWaiting</name>
         <value>0x2000841d</value>
         <object_component_ref idref="oc-2dc"/>
      </symbol>
      <symbol id="sm-145b">
         <name>vQueueAddToRegistry</name>
         <value>0x200086c3</value>
         <object_component_ref idref="oc-2dc"/>
      </symbol>
      <symbol id="sm-145c">
         <name>xQueueIsQueueFullFromISR</name>
         <value>0x200086a1</value>
         <object_component_ref idref="oc-2dc"/>
      </symbol>
      <symbol id="sm-145d">
         <name>xQueueSelectFromSet</name>
         <value>0x200087c9</value>
         <object_component_ref idref="oc-2dc"/>
      </symbol>
      <symbol id="sm-145e">
         <name>xQueueGenericCreate</name>
         <value>0x20007db9</value>
         <object_component_ref idref="oc-2dc"/>
      </symbol>
      <symbol id="sm-145f">
         <name>xQueueSelectFromSetFromISR</name>
         <value>0x200087e3</value>
         <object_component_ref idref="oc-2dc"/>
      </symbol>
      <symbol id="sm-1460">
         <name>xQueueCreateMutex</name>
         <value>0x20007e2f</value>
         <object_component_ref idref="oc-2dc"/>
      </symbol>
      <symbol id="sm-1461">
         <name>vQueueSetQueueNumber</name>
         <value>0x20008497</value>
         <object_component_ref idref="oc-2dc"/>
      </symbol>
      <symbol id="sm-1462">
         <name>xQueueGenericSend</name>
         <value>0x20007ecd</value>
         <object_component_ref idref="oc-2dc"/>
      </symbol>
      <symbol id="sm-1463">
         <name>xQueueGenericReset</name>
         <value>0x20007d29</value>
         <object_component_ref idref="oc-2dc"/>
      </symbol>
      <symbol id="sm-1464">
         <name>xQueueReceiveFromISR</name>
         <value>0x20008361</value>
         <object_component_ref idref="oc-2dc"/>
      </symbol>
      <symbol id="sm-1465">
         <name>uxQueueSpacesAvailable</name>
         <value>0x20008433</value>
         <object_component_ref idref="oc-2dc"/>
      </symbol>
      <symbol id="sm-1466">
         <name>xQueueRegistry</name>
         <value>0x2001f290</value>
         <object_component_ref idref="oc-4f7"/>
      </symbol>
      <symbol id="sm-1467">
         <name>vQueueUnregisterQueue</name>
         <value>0x20008705</value>
         <object_component_ref idref="oc-2dc"/>
      </symbol>
      <symbol id="sm-1468">
         <name>xQueueAltGenericReceive</name>
         <value>0x20008085</value>
         <object_component_ref idref="oc-2dc"/>
      </symbol>
      <symbol id="sm-1469">
         <name>uxQueueMessagesWaitingFromISR</name>
         <value>0x20008453</value>
         <object_component_ref idref="oc-2dc"/>
      </symbol>
      <symbol id="sm-146a">
         <name>uxQueueGetQueueNumber</name>
         <value>0x20008489</value>
         <object_component_ref idref="oc-2dc"/>
      </symbol>
      <symbol id="sm-146b">
         <name>xQueueGenericReceive</name>
         <value>0x2000821f</value>
         <object_component_ref idref="oc-2dc"/>
      </symbol>
      <symbol id="sm-146c">
         <name>xQueueCreateCountingSemaphore</name>
         <value>0x20007ead</value>
         <object_component_ref idref="oc-2dc"/>
      </symbol>
      <symbol id="sm-146d">
         <name>vQueueDelete</name>
         <value>0x20008465</value>
         <object_component_ref idref="oc-2dc"/>
      </symbol>
      <symbol id="sm-146e">
         <name>xQueueAddToSet</name>
         <value>0x20008753</value>
         <object_component_ref idref="oc-2dc"/>
      </symbol>
      <symbol id="sm-146f">
         <name>xQueueAltGenericSend</name>
         <value>0x20007fd9</value>
         <object_component_ref idref="oc-2dc"/>
      </symbol>
      <symbol id="sm-1470">
         <name>xQueueCreateSet</name>
         <value>0x2000873f</value>
         <object_component_ref idref="oc-2dc"/>
      </symbol>
      <symbol id="sm-1471">
         <name>xQueueRemoveFromSet</name>
         <value>0x20008787</value>
         <object_component_ref idref="oc-2dc"/>
      </symbol>
      <symbol id="sm-1472">
         <name>ucQueueGetQueueType</name>
         <value>0x200084a9</value>
         <object_component_ref idref="oc-2dc"/>
      </symbol>
      <symbol id="sm-15e5">
         <name>vTaskDelay</name>
         <value>0x20005c5f</value>
         <object_component_ref idref="oc-87"/>
      </symbol>
      <symbol id="sm-15e6">
         <name>vTaskSuspendAll</name>
         <value>0x200060c3</value>
         <object_component_ref idref="oc-87"/>
      </symbol>
      <symbol id="sm-15e7">
         <name>vTaskPriorityInherit</name>
         <value>0x20006b05</value>
         <object_component_ref idref="oc-87"/>
      </symbol>
      <symbol id="sm-15e8">
         <name>vTaskPlaceOnEventList</name>
         <value>0x20006479</value>
         <object_component_ref idref="oc-87"/>
      </symbol>
      <symbol id="sm-15e9">
         <name>vTaskSetTaskNumber</name>
         <value>0x20006711</value>
         <object_component_ref idref="oc-87"/>
      </symbol>
      <symbol id="sm-15ea">
         <name>xTaskCheckForTimeOut</name>
         <value>0x20006669</value>
         <object_component_ref idref="oc-87"/>
      </symbol>
      <symbol id="sm-15eb">
         <name>xTaskRemoveFromUnorderedEventList</name>
         <value>0x200065d5</value>
         <object_component_ref idref="oc-87"/>
      </symbol>
      <symbol id="sm-15ec">
         <name>vTaskPrioritySet</name>
         <value>0x20005d81</value>
         <object_component_ref idref="oc-87"/>
      </symbol>
      <symbol id="sm-15ed">
         <name>vTaskStartScheduler</name>
         <value>0x20006067</value>
         <object_component_ref idref="oc-87"/>
      </symbol>
      <symbol id="sm-15ee">
         <name>pcTaskGetTaskName</name>
         <value>0x200061d9</value>
         <object_component_ref idref="oc-87"/>
      </symbol>
      <symbol id="sm-15ef">
         <name>vTaskPriorityDisinherit</name>
         <value>0x20006bbf</value>
         <object_component_ref idref="oc-87"/>
      </symbol>
      <symbol id="sm-15f0">
         <name>vTaskDelayUntil</name>
         <value>0x20005bc3</value>
         <object_component_ref idref="oc-87"/>
      </symbol>
      <symbol id="sm-15f1">
         <name>uxTaskGetTaskNumber</name>
         <value>0x200066f1</value>
         <object_component_ref idref="oc-87"/>
      </symbol>
      <symbol id="sm-15f2">
         <name>vTaskEndScheduler</name>
         <value>0x200060b1</value>
         <object_component_ref idref="oc-87"/>
      </symbol>
      <symbol id="sm-15f3">
         <name>vTaskMissedYield</name>
         <value>0x200066e3</value>
         <object_component_ref idref="oc-87"/>
      </symbol>
      <symbol id="sm-15f4">
         <name>uxTaskGetNumberOfTasks</name>
         <value>0x200061cd</value>
         <object_component_ref idref="oc-87"/>
      </symbol>
      <symbol id="sm-15f5">
         <name>uxTaskPriorityGet</name>
         <value>0x20005d49</value>
         <object_component_ref idref="oc-87"/>
      </symbol>
      <symbol id="sm-15f6">
         <name>xTaskResumeAll</name>
         <value>0x200060d5</value>
         <object_component_ref idref="oc-87"/>
      </symbol>
      <symbol id="sm-15f7">
         <name>xTaskGetTickCount</name>
         <value>0x200061a1</value>
         <object_component_ref idref="oc-87"/>
      </symbol>
      <symbol id="sm-15f8">
         <name>xTaskGenericCreate</name>
         <value>0x20005a25</value>
         <object_component_ref idref="oc-87"/>
      </symbol>
      <symbol id="sm-15f9">
         <name>uxTaskGetSystemState</name>
         <value>0x200061fd</value>
         <object_component_ref idref="oc-87"/>
      </symbol>
      <symbol id="sm-15fa">
         <name>vTaskDelete</name>
         <value>0x20005b33</value>
         <object_component_ref idref="oc-87"/>
      </symbol>
      <symbol id="sm-15fb">
         <name>pxCurrentTCB</name>
         <value>0x2001f5a8</value>
         <object_component_ref idref="oc-8d"/>
      </symbol>
      <symbol id="sm-15fc">
         <name>eTaskGetState</name>
         <value>0x20005cb5</value>
         <object_component_ref idref="oc-87"/>
      </symbol>
      <symbol id="sm-15fd">
         <name>vTaskSuspend</name>
         <value>0x20005e85</value>
         <object_component_ref idref="oc-87"/>
      </symbol>
      <symbol id="sm-15fe">
         <name>xTaskGetIdleTaskHandle</name>
         <value>0x200062bb</value>
         <object_component_ref idref="oc-87"/>
      </symbol>
      <symbol id="sm-15ff">
         <name>xTaskGetTickCountFromISR</name>
         <value>0x200061b5</value>
         <object_component_ref idref="oc-87"/>
      </symbol>
      <symbol id="sm-1600">
         <name>vTaskResume</name>
         <value>0x20005f79</value>
         <object_component_ref idref="oc-87"/>
      </symbol>
      <symbol id="sm-1601">
         <name>vTaskSetTimeOutState</name>
         <value>0x20006643</value>
         <object_component_ref idref="oc-87"/>
      </symbol>
      <symbol id="sm-1602">
         <name>xTaskIncrementTick</name>
         <value>0x200062d5</value>
         <object_component_ref idref="oc-87"/>
      </symbol>
      <symbol id="sm-1603">
         <name>vTaskSwitchContext</name>
         <value>0x200063f9</value>
         <object_component_ref idref="oc-87"/>
      </symbol>
      <symbol id="sm-1604">
         <name>uxTaskResetEventItemValue</name>
         <value>0x20006c49</value>
         <object_component_ref idref="oc-87"/>
      </symbol>
      <symbol id="sm-1605">
         <name>xTaskGetSchedulerState</name>
         <value>0x20006acd</value>
         <object_component_ref idref="oc-87"/>
      </symbol>
      <symbol id="sm-1606">
         <name>xTaskResumeFromISR</name>
         <value>0x20005fed</value>
         <object_component_ref idref="oc-87"/>
      </symbol>
      <symbol id="sm-1607">
         <name>xTaskGetCurrentTaskHandle</name>
         <value>0x20006ab9</value>
         <object_component_ref idref="oc-87"/>
      </symbol>
      <symbol id="sm-1608">
         <name>vTaskPlaceOnUnorderedEventList</name>
         <value>0x200064dd</value>
         <object_component_ref idref="oc-87"/>
      </symbol>
      <symbol id="sm-1609">
         <name>xTaskRemoveFromEventList</name>
         <value>0x20006551</value>
         <object_component_ref idref="oc-87"/>
      </symbol>
      <symbol id="sm-1619">
         <name>pvPortMalloc</name>
         <value>0x2000e6dd</value>
         <object_component_ref idref="oc-f2"/>
      </symbol>
      <symbol id="sm-161a">
         <name>vPortFree</name>
         <value>0x2000e6fd</value>
         <object_component_ref idref="oc-f2"/>
      </symbol>
      <symbol id="sm-1630">
         <name>uxListRemove</name>
         <value>0x2000b583</value>
         <object_component_ref idref="oc-e2"/>
      </symbol>
      <symbol id="sm-1631">
         <name>vListInsert</name>
         <value>0x2000b51d</value>
         <object_component_ref idref="oc-e2"/>
      </symbol>
      <symbol id="sm-1632">
         <name>vListInitialiseItem</name>
         <value>0x2000b4d1</value>
         <object_component_ref idref="oc-e2"/>
      </symbol>
      <symbol id="sm-1633">
         <name>vListInsertEnd</name>
         <value>0x2000b4e1</value>
         <object_component_ref idref="oc-e2"/>
      </symbol>
      <symbol id="sm-1634">
         <name>vListInitialise</name>
         <value>0x2000b4a1</value>
         <object_component_ref idref="oc-e2"/>
      </symbol>
      <symbol id="sm-1635">
         <name>__TI_static_base__</name>
         <value>0x2000f8a0</value>
      </symbol>
      <symbol id="sm-1638">
         <name>SHT$$INIT_ARRAY$$Limit</name>
         <value>0x0</value>
      </symbol>
      <symbol id="sm-1639">
         <name>SHT$$INIT_ARRAY$$Base</name>
         <value>0x0</value>
      </symbol>
   </symbol_table>
   <title>Link successful</title>
</link_info>
